Archive member included to satisfy reference by file (symbol)

c:/ti/ccsv8/tools/compiler/msp430-gcc-7.3.1.24_win32/bin/../lib/gcc/msp430-elf/7.3.1/430\libgcc.a(_addsub_sf.o)
                              ./scm.o (__mspabi_addf)
c:/ti/ccsv8/tools/compiler/msp430-gcc-7.3.1.24_win32/bin/../lib/gcc/msp430-elf/7.3.1/430\libgcc.a(_mul_sf.o)
                              ./scm.o (__mspabi_mpyf)
c:/ti/ccsv8/tools/compiler/msp430-gcc-7.3.1.24_win32/bin/../lib/gcc/msp430-elf/7.3.1/430\libgcc.a(_lt_sf.o)
                              ./scm.o (__ltsf2)
c:/ti/ccsv8/tools/compiler/msp430-gcc-7.3.1.24_win32/bin/../lib/gcc/msp430-elf/7.3.1/430\libgcc.a(_si_to_sf.o)
                              ./scm.o (__mspabi_fltlif)
c:/ti/ccsv8/tools/compiler/msp430-gcc-7.3.1.24_win32/bin/../lib/gcc/msp430-elf/7.3.1/430\libgcc.a(_sf_to_si.o)
                              ./scm.o (__mspabi_fixfli)
c:/ti/ccsv8/tools/compiler/msp430-gcc-7.3.1.24_win32/bin/../lib/gcc/msp430-elf/7.3.1/430\libgcc.a(_thenan_sf.o)
                              c:/ti/ccsv8/tools/compiler/msp430-gcc-7.3.1.24_win32/bin/../lib/gcc/msp430-elf/7.3.1/430\libgcc.a(_addsub_sf.o) (__thenan_sf)
c:/ti/ccsv8/tools/compiler/msp430-gcc-7.3.1.24_win32/bin/../lib/gcc/msp430-elf/7.3.1/430\libgcc.a(_usi_to_sf.o)
                              ./scm.o (__mspabi_fltulf)
c:/ti/ccsv8/tools/compiler/msp430-gcc-7.3.1.24_win32/bin/../lib/gcc/msp430-elf/7.3.1/430\libgcc.a(_addsub_df.o)
                              ./analog_t.o (__mspabi_subd)
c:/ti/ccsv8/tools/compiler/msp430-gcc-7.3.1.24_win32/bin/../lib/gcc/msp430-elf/7.3.1/430\libgcc.a(_mul_df.o)
                              ./analog_t.o (__mspabi_mpyd)
c:/ti/ccsv8/tools/compiler/msp430-gcc-7.3.1.24_win32/bin/../lib/gcc/msp430-elf/7.3.1/430\libgcc.a(_div_df.o)
                              ./analog_t.o (__mspabi_divd)
c:/ti/ccsv8/tools/compiler/msp430-gcc-7.3.1.24_win32/bin/../lib/gcc/msp430-elf/7.3.1/430\libgcc.a(_si_to_df.o)
                              ./analog_t.o (__mspabi_fltlid)
c:/ti/ccsv8/tools/compiler/msp430-gcc-7.3.1.24_win32/bin/../lib/gcc/msp430-elf/7.3.1/430\libgcc.a(_df_to_si.o)
                              ./analog_t.o (__mspabi_fixdli)
c:/ti/ccsv8/tools/compiler/msp430-gcc-7.3.1.24_win32/bin/../lib/gcc/msp430-elf/7.3.1/430\libgcc.a(_thenan_df.o)
                              c:/ti/ccsv8/tools/compiler/msp430-gcc-7.3.1.24_win32/bin/../lib/gcc/msp430-elf/7.3.1/430\libgcc.a(_addsub_df.o) (__thenan_df)
c:/ti/ccsv8/tools/compiler/msp430-gcc-7.3.1.24_win32/bin/../lib/gcc/msp430-elf/7.3.1/430\libgcc.a(lib2divHI.o)
                              ./scm.o (__mspabi_divu)
c:/ti/ccsv8/tools/compiler/msp430-gcc-7.3.1.24_win32/bin/../lib/gcc/msp430-elf/7.3.1/430\libgcc.a(lib2divSI.o)
                              ./scm.o (__mspabi_divli)
c:/ti/ccsv8/tools/compiler/msp430-gcc-7.3.1.24_win32/bin/../lib/gcc/msp430-elf/7.3.1/430\libgcc.a(epilogue.o)
                              ./scm.o (__mspabi_func_epilog_7)
c:/ti/ccsv8/tools/compiler/msp430-gcc-7.3.1.24_win32/bin/../lib/gcc/msp430-elf/7.3.1/430\libgcc.a(slli.o)
                              c:/ti/ccsv8/tools/compiler/msp430-gcc-7.3.1.24_win32/bin/../lib/gcc/msp430-elf/7.3.1/430\libgcc.a(_addsub_sf.o) (__mspabi_slll)
c:/ti/ccsv8/tools/compiler/msp430-gcc-7.3.1.24_win32/bin/../lib/gcc/msp430-elf/7.3.1/430\libgcc.a(srli.o)
                              c:/ti/ccsv8/tools/compiler/msp430-gcc-7.3.1.24_win32/bin/../lib/gcc/msp430-elf/7.3.1/430/crtbegin.o (__mspabi_srli_15)
c:/ti/ccsv8/tools/compiler/msp430-gcc-7.3.1.24_win32/bin/../lib/gcc/msp430-elf/7.3.1/430\libgcc.a(_muldi3.o)
                              c:/ti/ccsv8/tools/compiler/msp430-gcc-7.3.1.24_win32/bin/../lib/gcc/msp430-elf/7.3.1/430\libgcc.a(_mul_sf.o) (__mspabi_mpyll)
c:/ti/ccsv8/tools/compiler/msp430-gcc-7.3.1.24_win32/bin/../lib/gcc/msp430-elf/7.3.1/430\libgcc.a(_lshrdi3.o)
                              c:/ti/ccsv8/tools/compiler/msp430-gcc-7.3.1.24_win32/bin/../lib/gcc/msp430-elf/7.3.1/430\libgcc.a(_mul_sf.o) (__lshrdi3)
c:/ti/ccsv8/tools/compiler/msp430-gcc-7.3.1.24_win32/bin/../lib/gcc/msp430-elf/7.3.1/430\libgcc.a(_ashldi3.o)
                              c:/ti/ccsv8/tools/compiler/msp430-gcc-7.3.1.24_win32/bin/../lib/gcc/msp430-elf/7.3.1/430\libgcc.a(_addsub_df.o) (__ashldi3)
c:/ti/ccsv8/tools/compiler/msp430-gcc-7.3.1.24_win32/bin/../lib/gcc/msp430-elf/7.3.1/430\libgcc.a(_clzsi2.o)
                              c:/ti/ccsv8/tools/compiler/msp430-gcc-7.3.1.24_win32/bin/../lib/gcc/msp430-elf/7.3.1/430\libgcc.a(_si_to_sf.o) (__clzsi2)
c:/ti/ccsv8/tools/compiler/msp430-gcc-7.3.1.24_win32/bin/../lib/gcc/msp430-elf/7.3.1/430\libgcc.a(_udivdi3.o)
                              c:/ti/ccsv8/tools/compiler/msp430-gcc-7.3.1.24_win32/bin/../lib/gcc/msp430-elf/7.3.1/430\libgcc.a(lib2divSI.o) (__mspabi_divull)
c:/ti/ccsv8/tools/compiler/msp430-gcc-7.3.1.24_win32/bin/../lib/gcc/msp430-elf/7.3.1/430\libgcc.a(_pack_sf.o)
                              c:/ti/ccsv8/tools/compiler/msp430-gcc-7.3.1.24_win32/bin/../lib/gcc/msp430-elf/7.3.1/430\libgcc.a(_addsub_sf.o) (__pack_f)
c:/ti/ccsv8/tools/compiler/msp430-gcc-7.3.1.24_win32/bin/../lib/gcc/msp430-elf/7.3.1/430\libgcc.a(_unpack_sf.o)
                              c:/ti/ccsv8/tools/compiler/msp430-gcc-7.3.1.24_win32/bin/../lib/gcc/msp430-elf/7.3.1/430\libgcc.a(_addsub_sf.o) (__unpack_f)
c:/ti/ccsv8/tools/compiler/msp430-gcc-7.3.1.24_win32/bin/../lib/gcc/msp430-elf/7.3.1/430\libgcc.a(_fpcmp_parts_sf.o)
                              c:/ti/ccsv8/tools/compiler/msp430-gcc-7.3.1.24_win32/bin/../lib/gcc/msp430-elf/7.3.1/430\libgcc.a(_lt_sf.o) (__fpcmp_parts_f)
c:/ti/ccsv8/tools/compiler/msp430-gcc-7.3.1.24_win32/bin/../lib/gcc/msp430-elf/7.3.1/430\libgcc.a(_pack_df.o)
                              c:/ti/ccsv8/tools/compiler/msp430-gcc-7.3.1.24_win32/bin/../lib/gcc/msp430-elf/7.3.1/430\libgcc.a(_addsub_df.o) (__pack_d)
c:/ti/ccsv8/tools/compiler/msp430-gcc-7.3.1.24_win32/bin/../lib/gcc/msp430-elf/7.3.1/430\libgcc.a(_unpack_df.o)
                              c:/ti/ccsv8/tools/compiler/msp430-gcc-7.3.1.24_win32/bin/../lib/gcc/msp430-elf/7.3.1/430\libgcc.a(_addsub_df.o) (__unpack_d)
c:/ti/ccsv8/tools/compiler/msp430-gcc-7.3.1.24_win32/bin/../lib/gcc/msp430-elf/7.3.1/430\libgcc.a(_clz.o)
                              c:/ti/ccsv8/tools/compiler/msp430-gcc-7.3.1.24_win32/bin/../lib/gcc/msp430-elf/7.3.1/430\libgcc.a(_clzsi2.o) (__clz_tab)
c:/ti/ccsv8/tools/compiler/msp430-gcc-7.3.1.24_win32/bin/../lib/gcc/msp430-elf/7.3.1/430\libgcc.a(_clzdi2.o)
                              c:/ti/ccsv8/tools/compiler/msp430-gcc-7.3.1.24_win32/bin/../lib/gcc/msp430-elf/7.3.1/430\libgcc.a(_udivdi3.o) (__clzdi2)
c:/ti/ccsv8/tools/compiler/msp430-gcc-7.3.1.24_win32/bin/../lib/gcc/msp430-elf/7.3.1/../../../../msp430-elf/lib/430\libc.a(lib_a-memcpy.o)
                              c:/ti/ccsv8/tools/compiler/msp430-gcc-7.3.1.24_win32/bin/../lib/gcc/msp430-elf/7.3.1/430\libgcc.a(_addsub_sf.o) (memcpy)
c:/ti/ccsv8/tools/compiler/msp430-gcc-7.3.1.24_win32/bin/../lib/gcc/msp430-elf/7.3.1/430\libmul_none.a(lib2_mul_none.o)
                              c:/ti/ccsv8/tools/compiler/msp430-gcc-7.3.1.24_win32/bin/../lib/gcc/msp430-elf/7.3.1/430\libgcc.a(_muldi3.o) (__mspabi_mpyl)
c:/ti/ccsv8/tools/compiler/msp430-gcc-7.3.1.24_win32/bin/../lib/gcc/msp430-elf/7.3.1/430\libmul_none.a(mpy.o)
                              ./scm.o (__mspabi_mpyi)
c:/ti/ccsv8/tools/compiler/msp430-gcc-7.3.1.24_win32/bin/../lib/gcc/msp430-elf/7.3.1/../../../../msp430-elf/lib/430\libcrt.a(crt_bss.o)
                              c:/ti/ccsv8/tools/compiler/msp430-gcc-7.3.1.24_win32/bin/../lib/gcc/msp430-elf/7.3.1/430/crtbegin.o (__crt0_init_bss)
c:/ti/ccsv8/tools/compiler/msp430-gcc-7.3.1.24_win32/bin/../lib/gcc/msp430-elf/7.3.1/../../../../msp430-elf/lib/430\libcrt.a(crt_movedata.o)
                              c:/ti/ccsv8/tools/compiler/msp430-gcc-7.3.1.24_win32/bin/../lib/gcc/msp430-elf/7.3.1/430/crtbegin.o (__crt0_movedata)
c:/ti/ccsv8/tools/compiler/msp430-gcc-7.3.1.24_win32/bin/../lib/gcc/msp430-elf/7.3.1/../../../../msp430-elf/lib/430\libcrt.a(crt_main.o)
                              c:/ti/ccsv8/tools/compiler/msp430-gcc-7.3.1.24_win32/bin/../lib/gcc/msp430-elf/7.3.1/../../../../msp430-elf/lib/430/crt0.o (__crt0_call_init_then_main)
c:/ti/ccsv8/tools/compiler/msp430-gcc-7.3.1.24_win32/bin/../lib/gcc/msp430-elf/7.3.1/../../../../msp430-elf/lib/430\libc.a(lib_a-memmove.o)
                              c:/ti/ccsv8/tools/compiler/msp430-gcc-7.3.1.24_win32/bin/../lib/gcc/msp430-elf/7.3.1/../../../../msp430-elf/lib/430\libcrt.a(crt_movedata.o) (memmove)
c:/ti/ccsv8/tools/compiler/msp430-gcc-7.3.1.24_win32/bin/../lib/gcc/msp430-elf/7.3.1/../../../../msp430-elf/lib/430\libc.a(lib_a-memset.o)
                              c:/ti/ccsv8/tools/compiler/msp430-gcc-7.3.1.24_win32/bin/../lib/gcc/msp430-elf/7.3.1/../../../../msp430-elf/lib/430\libcrt.a(crt_bss.o) (memset)

Discarded input sections

 .text          0x00000000        0x0 c:/ti/ccsv8/tools/compiler/msp430-gcc-7.3.1.24_win32/bin/../lib/gcc/msp430-elf/7.3.1/../../../../msp430-elf/lib/430/crt0.o
 .data          0x00000000        0x0 c:/ti/ccsv8/tools/compiler/msp430-gcc-7.3.1.24_win32/bin/../lib/gcc/msp430-elf/7.3.1/../../../../msp430-elf/lib/430/crt0.o
 .bss           0x00000000        0x0 c:/ti/ccsv8/tools/compiler/msp430-gcc-7.3.1.24_win32/bin/../lib/gcc/msp430-elf/7.3.1/../../../../msp430-elf/lib/430/crt0.o
 .text          0x00000000        0x4 c:/ti/ccsv8/tools/compiler/msp430-gcc-7.3.1.24_win32/bin/../lib/gcc/msp430-elf/7.3.1/430/crtbegin.o
 .data          0x00000000        0x0 c:/ti/ccsv8/tools/compiler/msp430-gcc-7.3.1.24_win32/bin/../lib/gcc/msp430-elf/7.3.1/430/crtbegin.o
 .bss           0x00000000        0x0 c:/ti/ccsv8/tools/compiler/msp430-gcc-7.3.1.24_win32/bin/../lib/gcc/msp430-elf/7.3.1/430/crtbegin.o
 .data.__dso_handle
                0x00000000        0x2 c:/ti/ccsv8/tools/compiler/msp430-gcc-7.3.1.24_win32/bin/../lib/gcc/msp430-elf/7.3.1/430/crtbegin.o
 .text.call___do_global_dtors_aux
                0x00000000        0x0 c:/ti/ccsv8/tools/compiler/msp430-gcc-7.3.1.24_win32/bin/../lib/gcc/msp430-elf/7.3.1/430/crtbegin.o
 .text.call_frame_dummy
                0x00000000        0x0 c:/ti/ccsv8/tools/compiler/msp430-gcc-7.3.1.24_win32/bin/../lib/gcc/msp430-elf/7.3.1/430/crtbegin.o
 .data          0x00000000        0x0 ./LCD.o
 .bss           0x00000000        0x0 ./LCD.o
 .data          0x00000000        0x0 ./analog_t.o
 .bss           0x00000000        0x0 ./analog_t.o
 .data          0x00000000        0x0 ./main.o
 .bss           0x00000000        0x0 ./main.o
 .data          0x00000000        0x0 ./scm.o
 .bss           0x00000000        0x0 ./scm.o
 .text          0x00000000        0x0 c:/ti/ccsv8/tools/compiler/msp430-gcc-7.3.1.24_win32/bin/../lib/gcc/msp430-elf/7.3.1/430\libgcc.a(_addsub_sf.o)
 .data          0x00000000        0x0 c:/ti/ccsv8/tools/compiler/msp430-gcc-7.3.1.24_win32/bin/../lib/gcc/msp430-elf/7.3.1/430\libgcc.a(_addsub_sf.o)
 .bss           0x00000000        0x0 c:/ti/ccsv8/tools/compiler/msp430-gcc-7.3.1.24_win32/bin/../lib/gcc/msp430-elf/7.3.1/430\libgcc.a(_addsub_sf.o)
 .text          0x00000000        0x0 c:/ti/ccsv8/tools/compiler/msp430-gcc-7.3.1.24_win32/bin/../lib/gcc/msp430-elf/7.3.1/430\libgcc.a(_mul_sf.o)
 .data          0x00000000        0x0 c:/ti/ccsv8/tools/compiler/msp430-gcc-7.3.1.24_win32/bin/../lib/gcc/msp430-elf/7.3.1/430\libgcc.a(_mul_sf.o)
 .bss           0x00000000        0x0 c:/ti/ccsv8/tools/compiler/msp430-gcc-7.3.1.24_win32/bin/../lib/gcc/msp430-elf/7.3.1/430\libgcc.a(_mul_sf.o)
 .text          0x00000000        0x0 c:/ti/ccsv8/tools/compiler/msp430-gcc-7.3.1.24_win32/bin/../lib/gcc/msp430-elf/7.3.1/430\libgcc.a(_lt_sf.o)
 .data          0x00000000        0x0 c:/ti/ccsv8/tools/compiler/msp430-gcc-7.3.1.24_win32/bin/../lib/gcc/msp430-elf/7.3.1/430\libgcc.a(_lt_sf.o)
 .bss           0x00000000        0x0 c:/ti/ccsv8/tools/compiler/msp430-gcc-7.3.1.24_win32/bin/../lib/gcc/msp430-elf/7.3.1/430\libgcc.a(_lt_sf.o)
 .text          0x00000000        0x0 c:/ti/ccsv8/tools/compiler/msp430-gcc-7.3.1.24_win32/bin/../lib/gcc/msp430-elf/7.3.1/430\libgcc.a(_si_to_sf.o)
 .data          0x00000000        0x0 c:/ti/ccsv8/tools/compiler/msp430-gcc-7.3.1.24_win32/bin/../lib/gcc/msp430-elf/7.3.1/430\libgcc.a(_si_to_sf.o)
 .bss           0x00000000        0x0 c:/ti/ccsv8/tools/compiler/msp430-gcc-7.3.1.24_win32/bin/../lib/gcc/msp430-elf/7.3.1/430\libgcc.a(_si_to_sf.o)
 .text          0x00000000        0x0 c:/ti/ccsv8/tools/compiler/msp430-gcc-7.3.1.24_win32/bin/../lib/gcc/msp430-elf/7.3.1/430\libgcc.a(_sf_to_si.o)
 .data          0x00000000        0x0 c:/ti/ccsv8/tools/compiler/msp430-gcc-7.3.1.24_win32/bin/../lib/gcc/msp430-elf/7.3.1/430\libgcc.a(_sf_to_si.o)
 .bss           0x00000000        0x0 c:/ti/ccsv8/tools/compiler/msp430-gcc-7.3.1.24_win32/bin/../lib/gcc/msp430-elf/7.3.1/430\libgcc.a(_sf_to_si.o)
 .text          0x00000000        0x0 c:/ti/ccsv8/tools/compiler/msp430-gcc-7.3.1.24_win32/bin/../lib/gcc/msp430-elf/7.3.1/430\libgcc.a(_thenan_sf.o)
 .data          0x00000000        0x0 c:/ti/ccsv8/tools/compiler/msp430-gcc-7.3.1.24_win32/bin/../lib/gcc/msp430-elf/7.3.1/430\libgcc.a(_thenan_sf.o)
 .bss           0x00000000        0x0 c:/ti/ccsv8/tools/compiler/msp430-gcc-7.3.1.24_win32/bin/../lib/gcc/msp430-elf/7.3.1/430\libgcc.a(_thenan_sf.o)
 .text          0x00000000        0x0 c:/ti/ccsv8/tools/compiler/msp430-gcc-7.3.1.24_win32/bin/../lib/gcc/msp430-elf/7.3.1/430\libgcc.a(_usi_to_sf.o)
 .data          0x00000000        0x0 c:/ti/ccsv8/tools/compiler/msp430-gcc-7.3.1.24_win32/bin/../lib/gcc/msp430-elf/7.3.1/430\libgcc.a(_usi_to_sf.o)
 .bss           0x00000000        0x0 c:/ti/ccsv8/tools/compiler/msp430-gcc-7.3.1.24_win32/bin/../lib/gcc/msp430-elf/7.3.1/430\libgcc.a(_usi_to_sf.o)
 .text          0x00000000        0x0 c:/ti/ccsv8/tools/compiler/msp430-gcc-7.3.1.24_win32/bin/../lib/gcc/msp430-elf/7.3.1/430\libgcc.a(_addsub_df.o)
 .data          0x00000000        0x0 c:/ti/ccsv8/tools/compiler/msp430-gcc-7.3.1.24_win32/bin/../lib/gcc/msp430-elf/7.3.1/430\libgcc.a(_addsub_df.o)
 .bss           0x00000000        0x0 c:/ti/ccsv8/tools/compiler/msp430-gcc-7.3.1.24_win32/bin/../lib/gcc/msp430-elf/7.3.1/430\libgcc.a(_addsub_df.o)
 .text.__adddf3
                0x00000000       0x66 c:/ti/ccsv8/tools/compiler/msp430-gcc-7.3.1.24_win32/bin/../lib/gcc/msp430-elf/7.3.1/430\libgcc.a(_addsub_df.o)
 .text          0x00000000        0x0 c:/ti/ccsv8/tools/compiler/msp430-gcc-7.3.1.24_win32/bin/../lib/gcc/msp430-elf/7.3.1/430\libgcc.a(_mul_df.o)
 .data          0x00000000        0x0 c:/ti/ccsv8/tools/compiler/msp430-gcc-7.3.1.24_win32/bin/../lib/gcc/msp430-elf/7.3.1/430\libgcc.a(_mul_df.o)
 .bss           0x00000000        0x0 c:/ti/ccsv8/tools/compiler/msp430-gcc-7.3.1.24_win32/bin/../lib/gcc/msp430-elf/7.3.1/430\libgcc.a(_mul_df.o)
 .text          0x00000000        0x0 c:/ti/ccsv8/tools/compiler/msp430-gcc-7.3.1.24_win32/bin/../lib/gcc/msp430-elf/7.3.1/430\libgcc.a(_div_df.o)
 .data          0x00000000        0x0 c:/ti/ccsv8/tools/compiler/msp430-gcc-7.3.1.24_win32/bin/../lib/gcc/msp430-elf/7.3.1/430\libgcc.a(_div_df.o)
 .bss           0x00000000        0x0 c:/ti/ccsv8/tools/compiler/msp430-gcc-7.3.1.24_win32/bin/../lib/gcc/msp430-elf/7.3.1/430\libgcc.a(_div_df.o)
 .text          0x00000000        0x0 c:/ti/ccsv8/tools/compiler/msp430-gcc-7.3.1.24_win32/bin/../lib/gcc/msp430-elf/7.3.1/430\libgcc.a(_si_to_df.o)
 .data          0x00000000        0x0 c:/ti/ccsv8/tools/compiler/msp430-gcc-7.3.1.24_win32/bin/../lib/gcc/msp430-elf/7.3.1/430\libgcc.a(_si_to_df.o)
 .bss           0x00000000        0x0 c:/ti/ccsv8/tools/compiler/msp430-gcc-7.3.1.24_win32/bin/../lib/gcc/msp430-elf/7.3.1/430\libgcc.a(_si_to_df.o)
 .text          0x00000000        0x0 c:/ti/ccsv8/tools/compiler/msp430-gcc-7.3.1.24_win32/bin/../lib/gcc/msp430-elf/7.3.1/430\libgcc.a(_df_to_si.o)
 .data          0x00000000        0x0 c:/ti/ccsv8/tools/compiler/msp430-gcc-7.3.1.24_win32/bin/../lib/gcc/msp430-elf/7.3.1/430\libgcc.a(_df_to_si.o)
 .bss           0x00000000        0x0 c:/ti/ccsv8/tools/compiler/msp430-gcc-7.3.1.24_win32/bin/../lib/gcc/msp430-elf/7.3.1/430\libgcc.a(_df_to_si.o)
 .text          0x00000000        0x0 c:/ti/ccsv8/tools/compiler/msp430-gcc-7.3.1.24_win32/bin/../lib/gcc/msp430-elf/7.3.1/430\libgcc.a(_thenan_df.o)
 .data          0x00000000        0x0 c:/ti/ccsv8/tools/compiler/msp430-gcc-7.3.1.24_win32/bin/../lib/gcc/msp430-elf/7.3.1/430\libgcc.a(_thenan_df.o)
 .bss           0x00000000        0x0 c:/ti/ccsv8/tools/compiler/msp430-gcc-7.3.1.24_win32/bin/../lib/gcc/msp430-elf/7.3.1/430\libgcc.a(_thenan_df.o)
 .text          0x00000000        0x0 c:/ti/ccsv8/tools/compiler/msp430-gcc-7.3.1.24_win32/bin/../lib/gcc/msp430-elf/7.3.1/430\libgcc.a(lib2divHI.o)
 .data          0x00000000        0x0 c:/ti/ccsv8/tools/compiler/msp430-gcc-7.3.1.24_win32/bin/../lib/gcc/msp430-elf/7.3.1/430\libgcc.a(lib2divHI.o)
 .bss           0x00000000        0x0 c:/ti/ccsv8/tools/compiler/msp430-gcc-7.3.1.24_win32/bin/../lib/gcc/msp430-elf/7.3.1/430\libgcc.a(lib2divHI.o)
 .text.__divhi3
                0x00000000       0x4c c:/ti/ccsv8/tools/compiler/msp430-gcc-7.3.1.24_win32/bin/../lib/gcc/msp430-elf/7.3.1/430\libgcc.a(lib2divHI.o)
 .text.__modhi3
                0x00000000       0x32 c:/ti/ccsv8/tools/compiler/msp430-gcc-7.3.1.24_win32/bin/../lib/gcc/msp430-elf/7.3.1/430\libgcc.a(lib2divHI.o)
 .text.__umodhi3
                0x00000000        0x8 c:/ti/ccsv8/tools/compiler/msp430-gcc-7.3.1.24_win32/bin/../lib/gcc/msp430-elf/7.3.1/430\libgcc.a(lib2divHI.o)
 .text          0x00000000        0x4 c:/ti/ccsv8/tools/compiler/msp430-gcc-7.3.1.24_win32/bin/../lib/gcc/msp430-elf/7.3.1/430\libgcc.a(lib2divSI.o)
 .data          0x00000000        0x0 c:/ti/ccsv8/tools/compiler/msp430-gcc-7.3.1.24_win32/bin/../lib/gcc/msp430-elf/7.3.1/430\libgcc.a(lib2divSI.o)
 .bss           0x00000000        0x0 c:/ti/ccsv8/tools/compiler/msp430-gcc-7.3.1.24_win32/bin/../lib/gcc/msp430-elf/7.3.1/430\libgcc.a(lib2divSI.o)
 .text.__modsi3
                0x00000000       0x60 c:/ti/ccsv8/tools/compiler/msp430-gcc-7.3.1.24_win32/bin/../lib/gcc/msp430-elf/7.3.1/430\libgcc.a(lib2divSI.o)
 .text.__udivsi3
                0x00000000        0xe c:/ti/ccsv8/tools/compiler/msp430-gcc-7.3.1.24_win32/bin/../lib/gcc/msp430-elf/7.3.1/430\libgcc.a(lib2divSI.o)
 .text.__umodsi3
                0x00000000        0xe c:/ti/ccsv8/tools/compiler/msp430-gcc-7.3.1.24_win32/bin/../lib/gcc/msp430-elf/7.3.1/430\libgcc.a(lib2divSI.o)
 .data          0x00000000        0x0 c:/ti/ccsv8/tools/compiler/msp430-gcc-7.3.1.24_win32/bin/../lib/gcc/msp430-elf/7.3.1/430\libgcc.a(epilogue.o)
 .bss           0x00000000        0x0 c:/ti/ccsv8/tools/compiler/msp430-gcc-7.3.1.24_win32/bin/../lib/gcc/msp430-elf/7.3.1/430\libgcc.a(epilogue.o)
 .data          0x00000000        0x0 c:/ti/ccsv8/tools/compiler/msp430-gcc-7.3.1.24_win32/bin/../lib/gcc/msp430-elf/7.3.1/430\libgcc.a(slli.o)
 .bss           0x00000000        0x0 c:/ti/ccsv8/tools/compiler/msp430-gcc-7.3.1.24_win32/bin/../lib/gcc/msp430-elf/7.3.1/430\libgcc.a(slli.o)
 .data          0x00000000        0x0 c:/ti/ccsv8/tools/compiler/msp430-gcc-7.3.1.24_win32/bin/../lib/gcc/msp430-elf/7.3.1/430\libgcc.a(srli.o)
 .bss           0x00000000        0x0 c:/ti/ccsv8/tools/compiler/msp430-gcc-7.3.1.24_win32/bin/../lib/gcc/msp430-elf/7.3.1/430\libgcc.a(srli.o)
 .text          0x00000000        0x0 c:/ti/ccsv8/tools/compiler/msp430-gcc-7.3.1.24_win32/bin/../lib/gcc/msp430-elf/7.3.1/430\libgcc.a(_muldi3.o)
 .data          0x00000000        0x0 c:/ti/ccsv8/tools/compiler/msp430-gcc-7.3.1.24_win32/bin/../lib/gcc/msp430-elf/7.3.1/430\libgcc.a(_muldi3.o)
 .bss           0x00000000        0x0 c:/ti/ccsv8/tools/compiler/msp430-gcc-7.3.1.24_win32/bin/../lib/gcc/msp430-elf/7.3.1/430\libgcc.a(_muldi3.o)
 .text          0x00000000        0x0 c:/ti/ccsv8/tools/compiler/msp430-gcc-7.3.1.24_win32/bin/../lib/gcc/msp430-elf/7.3.1/430\libgcc.a(_lshrdi3.o)
 .data          0x00000000        0x0 c:/ti/ccsv8/tools/compiler/msp430-gcc-7.3.1.24_win32/bin/../lib/gcc/msp430-elf/7.3.1/430\libgcc.a(_lshrdi3.o)
 .bss           0x00000000        0x0 c:/ti/ccsv8/tools/compiler/msp430-gcc-7.3.1.24_win32/bin/../lib/gcc/msp430-elf/7.3.1/430\libgcc.a(_lshrdi3.o)
 .text          0x00000000        0x0 c:/ti/ccsv8/tools/compiler/msp430-gcc-7.3.1.24_win32/bin/../lib/gcc/msp430-elf/7.3.1/430\libgcc.a(_ashldi3.o)
 .data          0x00000000        0x0 c:/ti/ccsv8/tools/compiler/msp430-gcc-7.3.1.24_win32/bin/../lib/gcc/msp430-elf/7.3.1/430\libgcc.a(_ashldi3.o)
 .bss           0x00000000        0x0 c:/ti/ccsv8/tools/compiler/msp430-gcc-7.3.1.24_win32/bin/../lib/gcc/msp430-elf/7.3.1/430\libgcc.a(_ashldi3.o)
 .text          0x00000000        0x0 c:/ti/ccsv8/tools/compiler/msp430-gcc-7.3.1.24_win32/bin/../lib/gcc/msp430-elf/7.3.1/430\libgcc.a(_clzsi2.o)
 .data          0x00000000        0x0 c:/ti/ccsv8/tools/compiler/msp430-gcc-7.3.1.24_win32/bin/../lib/gcc/msp430-elf/7.3.1/430\libgcc.a(_clzsi2.o)
 .bss           0x00000000        0x0 c:/ti/ccsv8/tools/compiler/msp430-gcc-7.3.1.24_win32/bin/../lib/gcc/msp430-elf/7.3.1/430\libgcc.a(_clzsi2.o)
 .text          0x00000000        0x0 c:/ti/ccsv8/tools/compiler/msp430-gcc-7.3.1.24_win32/bin/../lib/gcc/msp430-elf/7.3.1/430\libgcc.a(_udivdi3.o)
 .data          0x00000000        0x0 c:/ti/ccsv8/tools/compiler/msp430-gcc-7.3.1.24_win32/bin/../lib/gcc/msp430-elf/7.3.1/430\libgcc.a(_udivdi3.o)
 .bss           0x00000000        0x0 c:/ti/ccsv8/tools/compiler/msp430-gcc-7.3.1.24_win32/bin/../lib/gcc/msp430-elf/7.3.1/430\libgcc.a(_udivdi3.o)
 .text.__udivdi3
                0x00000000      0x3f2 c:/ti/ccsv8/tools/compiler/msp430-gcc-7.3.1.24_win32/bin/../lib/gcc/msp430-elf/7.3.1/430\libgcc.a(_udivdi3.o)
 .text          0x00000000        0x0 c:/ti/ccsv8/tools/compiler/msp430-gcc-7.3.1.24_win32/bin/../lib/gcc/msp430-elf/7.3.1/430\libgcc.a(_pack_sf.o)
 .data          0x00000000        0x0 c:/ti/ccsv8/tools/compiler/msp430-gcc-7.3.1.24_win32/bin/../lib/gcc/msp430-elf/7.3.1/430\libgcc.a(_pack_sf.o)
 .bss           0x00000000        0x0 c:/ti/ccsv8/tools/compiler/msp430-gcc-7.3.1.24_win32/bin/../lib/gcc/msp430-elf/7.3.1/430\libgcc.a(_pack_sf.o)
 .text          0x00000000        0x0 c:/ti/ccsv8/tools/compiler/msp430-gcc-7.3.1.24_win32/bin/../lib/gcc/msp430-elf/7.3.1/430\libgcc.a(_unpack_sf.o)
 .data          0x00000000        0x0 c:/ti/ccsv8/tools/compiler/msp430-gcc-7.3.1.24_win32/bin/../lib/gcc/msp430-elf/7.3.1/430\libgcc.a(_unpack_sf.o)
 .bss           0x00000000        0x0 c:/ti/ccsv8/tools/compiler/msp430-gcc-7.3.1.24_win32/bin/../lib/gcc/msp430-elf/7.3.1/430\libgcc.a(_unpack_sf.o)
 .text          0x00000000        0x0 c:/ti/ccsv8/tools/compiler/msp430-gcc-7.3.1.24_win32/bin/../lib/gcc/msp430-elf/7.3.1/430\libgcc.a(_fpcmp_parts_sf.o)
 .data          0x00000000        0x0 c:/ti/ccsv8/tools/compiler/msp430-gcc-7.3.1.24_win32/bin/../lib/gcc/msp430-elf/7.3.1/430\libgcc.a(_fpcmp_parts_sf.o)
 .bss           0x00000000        0x0 c:/ti/ccsv8/tools/compiler/msp430-gcc-7.3.1.24_win32/bin/../lib/gcc/msp430-elf/7.3.1/430\libgcc.a(_fpcmp_parts_sf.o)
 .text          0x00000000        0x0 c:/ti/ccsv8/tools/compiler/msp430-gcc-7.3.1.24_win32/bin/../lib/gcc/msp430-elf/7.3.1/430\libgcc.a(_pack_df.o)
 .data          0x00000000        0x0 c:/ti/ccsv8/tools/compiler/msp430-gcc-7.3.1.24_win32/bin/../lib/gcc/msp430-elf/7.3.1/430\libgcc.a(_pack_df.o)
 .bss           0x00000000        0x0 c:/ti/ccsv8/tools/compiler/msp430-gcc-7.3.1.24_win32/bin/../lib/gcc/msp430-elf/7.3.1/430\libgcc.a(_pack_df.o)
 .text          0x00000000        0x0 c:/ti/ccsv8/tools/compiler/msp430-gcc-7.3.1.24_win32/bin/../lib/gcc/msp430-elf/7.3.1/430\libgcc.a(_unpack_df.o)
 .data          0x00000000        0x0 c:/ti/ccsv8/tools/compiler/msp430-gcc-7.3.1.24_win32/bin/../lib/gcc/msp430-elf/7.3.1/430\libgcc.a(_unpack_df.o)
 .bss           0x00000000        0x0 c:/ti/ccsv8/tools/compiler/msp430-gcc-7.3.1.24_win32/bin/../lib/gcc/msp430-elf/7.3.1/430\libgcc.a(_unpack_df.o)
 .text          0x00000000        0x0 c:/ti/ccsv8/tools/compiler/msp430-gcc-7.3.1.24_win32/bin/../lib/gcc/msp430-elf/7.3.1/430\libgcc.a(_clz.o)
 .data          0x00000000        0x0 c:/ti/ccsv8/tools/compiler/msp430-gcc-7.3.1.24_win32/bin/../lib/gcc/msp430-elf/7.3.1/430\libgcc.a(_clz.o)
 .bss           0x00000000        0x0 c:/ti/ccsv8/tools/compiler/msp430-gcc-7.3.1.24_win32/bin/../lib/gcc/msp430-elf/7.3.1/430\libgcc.a(_clz.o)
 .text          0x00000000        0x0 c:/ti/ccsv8/tools/compiler/msp430-gcc-7.3.1.24_win32/bin/../lib/gcc/msp430-elf/7.3.1/430\libgcc.a(_clzdi2.o)
 .data          0x00000000        0x0 c:/ti/ccsv8/tools/compiler/msp430-gcc-7.3.1.24_win32/bin/../lib/gcc/msp430-elf/7.3.1/430\libgcc.a(_clzdi2.o)
 .bss           0x00000000        0x0 c:/ti/ccsv8/tools/compiler/msp430-gcc-7.3.1.24_win32/bin/../lib/gcc/msp430-elf/7.3.1/430\libgcc.a(_clzdi2.o)
 .text.__clzdi2
                0x00000000       0x68 c:/ti/ccsv8/tools/compiler/msp430-gcc-7.3.1.24_win32/bin/../lib/gcc/msp430-elf/7.3.1/430\libgcc.a(_clzdi2.o)
 .text          0x00000000        0x0 c:/ti/ccsv8/tools/compiler/msp430-gcc-7.3.1.24_win32/bin/../lib/gcc/msp430-elf/7.3.1/../../../../msp430-elf/lib/430\libc.a(lib_a-memcpy.o)
 .data          0x00000000        0x0 c:/ti/ccsv8/tools/compiler/msp430-gcc-7.3.1.24_win32/bin/../lib/gcc/msp430-elf/7.3.1/../../../../msp430-elf/lib/430\libc.a(lib_a-memcpy.o)
 .bss           0x00000000        0x0 c:/ti/ccsv8/tools/compiler/msp430-gcc-7.3.1.24_win32/bin/../lib/gcc/msp430-elf/7.3.1/../../../../msp430-elf/lib/430\libc.a(lib_a-memcpy.o)
 .text          0x00000000        0x0 c:/ti/ccsv8/tools/compiler/msp430-gcc-7.3.1.24_win32/bin/../lib/gcc/msp430-elf/7.3.1/430\libmul_none.a(lib2_mul_none.o)
 .data          0x00000000        0x0 c:/ti/ccsv8/tools/compiler/msp430-gcc-7.3.1.24_win32/bin/../lib/gcc/msp430-elf/7.3.1/430\libmul_none.a(lib2_mul_none.o)
 .bss           0x00000000        0x0 c:/ti/ccsv8/tools/compiler/msp430-gcc-7.3.1.24_win32/bin/../lib/gcc/msp430-elf/7.3.1/430\libmul_none.a(lib2_mul_none.o)
 .text          0x00000000        0x0 c:/ti/ccsv8/tools/compiler/msp430-gcc-7.3.1.24_win32/bin/../lib/gcc/msp430-elf/7.3.1/430\libmul_none.a(mpy.o)
 .data          0x00000000        0x0 c:/ti/ccsv8/tools/compiler/msp430-gcc-7.3.1.24_win32/bin/../lib/gcc/msp430-elf/7.3.1/430\libmul_none.a(mpy.o)
 .bss           0x00000000        0x0 c:/ti/ccsv8/tools/compiler/msp430-gcc-7.3.1.24_win32/bin/../lib/gcc/msp430-elf/7.3.1/430\libmul_none.a(mpy.o)
 .text          0x00000000        0x0 c:/ti/ccsv8/tools/compiler/msp430-gcc-7.3.1.24_win32/bin/../lib/gcc/msp430-elf/7.3.1/../../../../msp430-elf/lib/430\libcrt.a(crt_bss.o)
 .data          0x00000000        0x0 c:/ti/ccsv8/tools/compiler/msp430-gcc-7.3.1.24_win32/bin/../lib/gcc/msp430-elf/7.3.1/../../../../msp430-elf/lib/430\libcrt.a(crt_bss.o)
 .bss           0x00000000        0x0 c:/ti/ccsv8/tools/compiler/msp430-gcc-7.3.1.24_win32/bin/../lib/gcc/msp430-elf/7.3.1/../../../../msp430-elf/lib/430\libcrt.a(crt_bss.o)
 .text          0x00000000        0x0 c:/ti/ccsv8/tools/compiler/msp430-gcc-7.3.1.24_win32/bin/../lib/gcc/msp430-elf/7.3.1/../../../../msp430-elf/lib/430\libcrt.a(crt_movedata.o)
 .data          0x00000000        0x0 c:/ti/ccsv8/tools/compiler/msp430-gcc-7.3.1.24_win32/bin/../lib/gcc/msp430-elf/7.3.1/../../../../msp430-elf/lib/430\libcrt.a(crt_movedata.o)
 .bss           0x00000000        0x0 c:/ti/ccsv8/tools/compiler/msp430-gcc-7.3.1.24_win32/bin/../lib/gcc/msp430-elf/7.3.1/../../../../msp430-elf/lib/430\libcrt.a(crt_movedata.o)
 .text          0x00000000        0x0 c:/ti/ccsv8/tools/compiler/msp430-gcc-7.3.1.24_win32/bin/../lib/gcc/msp430-elf/7.3.1/../../../../msp430-elf/lib/430\libcrt.a(crt_main.o)
 .data          0x00000000        0x0 c:/ti/ccsv8/tools/compiler/msp430-gcc-7.3.1.24_win32/bin/../lib/gcc/msp430-elf/7.3.1/../../../../msp430-elf/lib/430\libcrt.a(crt_main.o)
 .bss           0x00000000        0x0 c:/ti/ccsv8/tools/compiler/msp430-gcc-7.3.1.24_win32/bin/../lib/gcc/msp430-elf/7.3.1/../../../../msp430-elf/lib/430\libcrt.a(crt_main.o)
 .text          0x00000000        0x0 c:/ti/ccsv8/tools/compiler/msp430-gcc-7.3.1.24_win32/bin/../lib/gcc/msp430-elf/7.3.1/../../../../msp430-elf/lib/430\libc.a(lib_a-memmove.o)
 .data          0x00000000        0x0 c:/ti/ccsv8/tools/compiler/msp430-gcc-7.3.1.24_win32/bin/../lib/gcc/msp430-elf/7.3.1/../../../../msp430-elf/lib/430\libc.a(lib_a-memmove.o)
 .bss           0x00000000        0x0 c:/ti/ccsv8/tools/compiler/msp430-gcc-7.3.1.24_win32/bin/../lib/gcc/msp430-elf/7.3.1/../../../../msp430-elf/lib/430\libc.a(lib_a-memmove.o)
 .text          0x00000000        0x0 c:/ti/ccsv8/tools/compiler/msp430-gcc-7.3.1.24_win32/bin/../lib/gcc/msp430-elf/7.3.1/../../../../msp430-elf/lib/430\libc.a(lib_a-memset.o)
 .data          0x00000000        0x0 c:/ti/ccsv8/tools/compiler/msp430-gcc-7.3.1.24_win32/bin/../lib/gcc/msp430-elf/7.3.1/../../../../msp430-elf/lib/430\libc.a(lib_a-memset.o)
 .bss           0x00000000        0x0 c:/ti/ccsv8/tools/compiler/msp430-gcc-7.3.1.24_win32/bin/../lib/gcc/msp430-elf/7.3.1/../../../../msp430-elf/lib/430\libc.a(lib_a-memset.o)
 .text          0x00000000        0x2 c:/ti/ccsv8/tools/compiler/msp430-gcc-7.3.1.24_win32/bin/../lib/gcc/msp430-elf/7.3.1/430/crtend.o
 .data          0x00000000        0x0 c:/ti/ccsv8/tools/compiler/msp430-gcc-7.3.1.24_win32/bin/../lib/gcc/msp430-elf/7.3.1/430/crtend.o
 .bss           0x00000000        0x0 c:/ti/ccsv8/tools/compiler/msp430-gcc-7.3.1.24_win32/bin/../lib/gcc/msp430-elf/7.3.1/430/crtend.o
 .text.call___do_global_ctors_aux
                0x00000000        0x0 c:/ti/ccsv8/tools/compiler/msp430-gcc-7.3.1.24_win32/bin/../lib/gcc/msp430-elf/7.3.1/430/crtend.o
 .text          0x00000000        0x0 c:/ti/ccsv8/tools/compiler/msp430-gcc-7.3.1.24_win32/bin/../lib/gcc/msp430-elf/7.3.1/../../../../msp430-elf/lib/430/crtn.o
 .data          0x00000000        0x0 c:/ti/ccsv8/tools/compiler/msp430-gcc-7.3.1.24_win32/bin/../lib/gcc/msp430-elf/7.3.1/../../../../msp430-elf/lib/430/crtn.o
 .bss           0x00000000        0x0 c:/ti/ccsv8/tools/compiler/msp430-gcc-7.3.1.24_win32/bin/../lib/gcc/msp430-elf/7.3.1/../../../../msp430-elf/lib/430/crtn.o

Memory Configuration

Name             Origin             Length             Attributes
SFR              0x00000000         0x00000010
RAM              0x00000200         0x00000200
INFOMEM          0x00001000         0x00000100
INFOA            0x000010c0         0x00000040
INFOB            0x00001080         0x00000040
INFOC            0x00001040         0x00000040
INFOD            0x00001000         0x00000040
ROM              0x0000c000         0x00003fde         xr
BSLSIGNATURE     0x0000ffde         0x00000002
VECT1            0x0000ffe0         0x00000002
VECT2            0x0000ffe2         0x00000002
VECT3            0x0000ffe4         0x00000002
VECT4            0x0000ffe6         0x00000002
VECT5            0x0000ffe8         0x00000002
VECT6            0x0000ffea         0x00000002
VECT7            0x0000ffec         0x00000002
VECT8            0x0000ffee         0x00000002
VECT9            0x0000fff0         0x00000002
VECT10           0x0000fff2         0x00000002
VECT11           0x0000fff4         0x00000002
VECT12           0x0000fff6         0x00000002
VECT13           0x0000fff8         0x00000002
VECT14           0x0000fffa         0x00000002
VECT15           0x0000fffc         0x00000002
RESETVEC         0x0000fffe         0x00000002
*default*        0x00000000         0xffffffff

Linker script and memory map

LOAD c:/ti/ccsv8/tools/compiler/msp430-gcc-7.3.1.24_win32/bin/../lib/gcc/msp430-elf/7.3.1/../../../../msp430-elf/lib/430/crt0.o
LOAD c:/ti/ccsv8/tools/compiler/msp430-gcc-7.3.1.24_win32/bin/../lib/gcc/msp430-elf/7.3.1/430/crtbegin.o
LOAD ./LCD.o
LOAD ./analog_t.o
LOAD ./main.o
LOAD ./scm.o
START GROUP
LOAD c:/ti/ccsv8/tools/compiler/msp430-gcc-7.3.1.24_win32/bin/../lib/gcc/msp430-elf/7.3.1/430\libgcc.a
LOAD c:/ti/ccsv8/tools/compiler/msp430-gcc-7.3.1.24_win32/bin/../lib/gcc/msp430-elf/7.3.1/../../../../msp430-elf/lib/430\libc.a
END GROUP
LOAD c:/ti/ccsv8/tools/compiler/msp430-gcc-7.3.1.24_win32/bin/../lib/gcc/msp430-elf/7.3.1/430\libgcc.a
START GROUP
LOAD c:/ti/ccsv8/tools/compiler/msp430-gcc-7.3.1.24_win32/bin/../lib/gcc/msp430-elf/7.3.1/430\libmul_none.a
LOAD c:/ti/ccsv8/tools/compiler/msp430-gcc-7.3.1.24_win32/bin/../lib/gcc/msp430-elf/7.3.1/../../../../msp430-elf/lib/430\libc.a
LOAD c:/ti/ccsv8/tools/compiler/msp430-gcc-7.3.1.24_win32/bin/../lib/gcc/msp430-elf/7.3.1/430\libgcc.a
LOAD c:/ti/ccsv8/tools/compiler/msp430-gcc-7.3.1.24_win32/bin/../lib/gcc/msp430-elf/7.3.1/../../../../msp430-elf/lib/430\libcrt.a
LOAD c:/ti/ccsv8/tools/compiler/msp430-gcc-7.3.1.24_win32/bin/../lib/gcc/msp430-elf/7.3.1/../../../../msp430-elf/lib/430\libnosys.a
END GROUP
LOAD c:/ti/ccsv8/tools/compiler/msp430-gcc-7.3.1.24_win32/bin/../lib/gcc/msp430-elf/7.3.1/430\libgcc.a
LOAD c:/ti/ccsv8/tools/compiler/msp430-gcc-7.3.1.24_win32/bin/../lib/gcc/msp430-elf/7.3.1/430/crtend.o
LOAD c:/ti/ccsv8/tools/compiler/msp430-gcc-7.3.1.24_win32/bin/../lib/gcc/msp430-elf/7.3.1/../../../../msp430-elf/lib/430/crtn.o
LOAD c:/ti/ccsv8/tools/compiler/msp430-gcc-7.3.1.24_win32/bin/../lib/gcc/msp430-elf/7.3.1/430\libgcc.a

.bslsignature

__interrupt_vector_1
 *(__interrupt_vector_1)
 *(__interrupt_vector_trapint)

__interrupt_vector_2
 *(__interrupt_vector_2)

__interrupt_vector_3
 *(__interrupt_vector_3)
 *(__interrupt_vector_port1)

__interrupt_vector_4
 *(__interrupt_vector_4)
 *(__interrupt_vector_port2)

__interrupt_vector_5
 *(__interrupt_vector_5)

__interrupt_vector_6
 *(__interrupt_vector_6)
 *(__interrupt_vector_adc10)

__interrupt_vector_7
 *(__interrupt_vector_7)
 *(__interrupt_vector_usciab0tx)

__interrupt_vector_8
 *(__interrupt_vector_8)
 *(__interrupt_vector_usciab0rx)

__interrupt_vector_9
 *(__interrupt_vector_9)
 *(__interrupt_vector_timer0_a1)

__interrupt_vector_10
 *(__interrupt_vector_10)
 *(__interrupt_vector_timer0_a0)

__interrupt_vector_11
 *(__interrupt_vector_11)
 *(__interrupt_vector_wdt)

__interrupt_vector_12
 *(__interrupt_vector_12)
 *(__interrupt_vector_comparatora)

__interrupt_vector_13
 *(__interrupt_vector_13)
 *(__interrupt_vector_timer1_a1)

__interrupt_vector_14
 *(__interrupt_vector_14)
 *(__interrupt_vector_timer1_a0)

__interrupt_vector_15
 *(__interrupt_vector_15)
 *(__interrupt_vector_nmi)

__reset_vector  0x0000fffe        0x2
 *(__interrupt_vector_16)
 *(__interrupt_vector_reset)
 *(.resetvec)
 .resetvec      0x0000fffe        0x2 c:/ti/ccsv8/tools/compiler/msp430-gcc-7.3.1.24_win32/bin/../lib/gcc/msp430-elf/7.3.1/../../../../msp430-elf/lib/430/crt0.o

.rodata         0x0000c000      0x58a
                0x0000c000                . = ALIGN (0x2)
 *(.plt)
 *(.rodata .rodata.* .gnu.linkonce.r.* .const .const:*)
 .rodata        0x0000c000      0x45c ./LCD.o
                0x0000c000                font_proportional_8px
                0x0000c00a                font_proportional_8px_data
 .rodata        0x0000c45c       0x15 ./main.o
 *fill*         0x0000c471        0x1 
 .rodata.__thenan_sf
                0x0000c472        0xa c:/ti/ccsv8/tools/compiler/msp430-gcc-7.3.1.24_win32/bin/../lib/gcc/msp430-elf/7.3.1/430\libgcc.a(_thenan_sf.o)
                0x0000c472                __thenan_sf
 .rodata.__thenan_df
                0x0000c47c        0xe c:/ti/ccsv8/tools/compiler/msp430-gcc-7.3.1.24_win32/bin/../lib/gcc/msp430-elf/7.3.1/430\libgcc.a(_thenan_df.o)
                0x0000c47c                __thenan_df
 .rodata.__clz_tab
                0x0000c48a      0x100 c:/ti/ccsv8/tools/compiler/msp430-gcc-7.3.1.24_win32/bin/../lib/gcc/msp430-elf/7.3.1/430\libgcc.a(_clz.o)
                0x0000c48a                __clz_tab
 *(.rodata1)
 *(.gcc_except_table)
 *(.gcc_except_table.*)
                0x0000c58a                PROVIDE (__preinit_array_start, .)
 *(.preinit_array)
                0x0000c58a                PROVIDE (__preinit_array_end, .)
                0x0000c58a                PROVIDE (__init_array_start, .)
 *(SORT(.init_array.*))
 *(.init_array)
                0x0000c58a                PROVIDE (__init_array_end, .)
                0x0000c58a                PROVIDE (__fini_array_start, .)
 *(.fini_array)
 *(SORT(.fini_array.*))
                0x0000c58a                PROVIDE (__fini_array_end, .)

.rodata2        0x0000c58c       0x7c
                0x0000c58c                . = ALIGN (0x2)
 *(.eh_frame_hdr)
 *(.eh_frame)
 .eh_frame      0x0000c58c        0x0 c:/ti/ccsv8/tools/compiler/msp430-gcc-7.3.1.24_win32/bin/../lib/gcc/msp430-elf/7.3.1/430/crtbegin.o
 .eh_frame      0x0000c58c       0x6e c:/ti/ccsv8/tools/compiler/msp430-gcc-7.3.1.24_win32/bin/../lib/gcc/msp430-elf/7.3.1/430\libgcc.a(_udivdi3.o)
 *fill*         0x0000c5fa        0x2 
 .eh_frame      0x0000c5fc        0x4 c:/ti/ccsv8/tools/compiler/msp430-gcc-7.3.1.24_win32/bin/../lib/gcc/msp430-elf/7.3.1/430/crtend.o
 *crtbegin*.o(.ctors)
 .ctors         0x0000c600        0x2 c:/ti/ccsv8/tools/compiler/msp430-gcc-7.3.1.24_win32/bin/../lib/gcc/msp430-elf/7.3.1/430/crtbegin.o
 *(EXCLUDE_FILE(*crtend*.o) .ctors)
 *(SORT(.ctors.*))
 *(.ctors)
 .ctors         0x0000c602        0x2 c:/ti/ccsv8/tools/compiler/msp430-gcc-7.3.1.24_win32/bin/../lib/gcc/msp430-elf/7.3.1/430/crtend.o
 *crtbegin*.o(.dtors)
 .dtors         0x0000c604        0x2 c:/ti/ccsv8/tools/compiler/msp430-gcc-7.3.1.24_win32/bin/../lib/gcc/msp430-elf/7.3.1/430/crtbegin.o
 *(EXCLUDE_FILE(*crtend*.o) .dtors)
 *(SORT(.dtors.*))
 *(.dtors)
 .dtors         0x0000c606        0x2 c:/ti/ccsv8/tools/compiler/msp430-gcc-7.3.1.24_win32/bin/../lib/gcc/msp430-elf/7.3.1/430/crtend.o
                0x0000c606                __DTOR_END__

.text           0x0000c608     0x337c
                0x0000c608                . = ALIGN (0x2)
                0x0000c608                PROVIDE (_start, .)
 *(SORT(.crt_*))
 .crt_0000start
                0x0000c608        0x4 c:/ti/ccsv8/tools/compiler/msp430-gcc-7.3.1.24_win32/bin/../lib/gcc/msp430-elf/7.3.1/../../../../msp430-elf/lib/430/crt0.o
                0x0000c608                __crt0_start
 .crt_0100init_bss
                0x0000c60c        0xe c:/ti/ccsv8/tools/compiler/msp430-gcc-7.3.1.24_win32/bin/../lib/gcc/msp430-elf/7.3.1/../../../../msp430-elf/lib/430\libcrt.a(crt_bss.o)
                0x0000c60c                __crt0_init_bss
 .crt_0300movedata
                0x0000c61a       0x14 c:/ti/ccsv8/tools/compiler/msp430-gcc-7.3.1.24_win32/bin/../lib/gcc/msp430-elf/7.3.1/../../../../msp430-elf/lib/430\libcrt.a(crt_movedata.o)
                0x0000c61a                __crt0_movedata
 .crt_0700call_init_then_main
                0x0000c62e        0xa c:/ti/ccsv8/tools/compiler/msp430-gcc-7.3.1.24_win32/bin/../lib/gcc/msp430-elf/7.3.1/../../../../msp430-elf/lib/430\libcrt.a(crt_main.o)
                0x0000c62e                __crt0_call_init_then_main
 .crt_0900main_init
                0x0000c638       0x3c c:/ti/ccsv8/tools/compiler/msp430-gcc-7.3.1.24_win32/bin/../lib/gcc/msp430-elf/7.3.1/../../../../msp430-elf/lib/430/crt0.o
                0x0000c638                _msp430_run_init_array
                0x0000c646                _msp430_run_preinit_array
                0x0000c654                _msp430_run_fini_array
 *(.lowtext .text .stub .text.* .gnu.linkonce.t.* .text:*)
 .text.deregister_tm_clones
                0x0000c674       0x1a c:/ti/ccsv8/tools/compiler/msp430-gcc-7.3.1.24_win32/bin/../lib/gcc/msp430-elf/7.3.1/430/crtbegin.o
 .text.register_tm_clones
                0x0000c68e       0x2e c:/ti/ccsv8/tools/compiler/msp430-gcc-7.3.1.24_win32/bin/../lib/gcc/msp430-elf/7.3.1/430/crtbegin.o
 .text.__do_global_dtors_aux
                0x0000c6bc       0x4e c:/ti/ccsv8/tools/compiler/msp430-gcc-7.3.1.24_win32/bin/../lib/gcc/msp430-elf/7.3.1/430/crtbegin.o
 .text.frame_dummy
                0x0000c70a       0x18 c:/ti/ccsv8/tools/compiler/msp430-gcc-7.3.1.24_win32/bin/../lib/gcc/msp430-elf/7.3.1/430/crtbegin.o
 .text          0x0000c722      0x2fc ./LCD.o
                0x0000c722                LCD_write_cmd
                0x0000c77e                LCD_write_data
                0x0000c7d8                LCD_set_page
                0x0000c7ee                LCD_set_col
                0x0000c818                LCD_clear
                0x0000c85a                LCD_init
                0x0000c982                LCD_put_char
                0x0000c9fa                LCD_print
 .text          0x0000ca1e       0xc2 ./analog_t.o
                0x0000ca1e                analog_t_adc_init
                0x0000ca34                analog_t_temperature
 .text          0x0000cae0       0x8a ./main.o
                0x0000cae0                clock_init
                0x0000caee                main
 .text          0x0000cb6a      0x388 ./scm.o
                0x0000cb6a                pow
                0x0000cb92                scm_init
                0x0000cbbc                scm_putchar
                0x0000cbcc                scm_getchar
                0x0000cbd8                scm_print
                0x0000cbf0                scm_getchars
                0x0000cc1a                scm_int2string
                0x0000ccd4                scm_decimal2string
                0x0000cd10                scm_getint
                0x0000cd66                scm_float2string
 .text._fpadd_parts
                0x0000cef2      0x234 c:/ti/ccsv8/tools/compiler/msp430-gcc-7.3.1.24_win32/bin/../lib/gcc/msp430-elf/7.3.1/430\libgcc.a(_addsub_sf.o)
 .text.__addsf3
                0x0000d126       0x4e c:/ti/ccsv8/tools/compiler/msp430-gcc-7.3.1.24_win32/bin/../lib/gcc/msp430-elf/7.3.1/430\libgcc.a(_addsub_sf.o)
                0x0000d126                __mspabi_addf
 .text.__subsf3
                0x0000d174       0x52 c:/ti/ccsv8/tools/compiler/msp430-gcc-7.3.1.24_win32/bin/../lib/gcc/msp430-elf/7.3.1/430\libgcc.a(_addsub_sf.o)
                0x0000d174                __mspabi_subf
 .text.__mulsf3
                0x0000d1c6      0x1de c:/ti/ccsv8/tools/compiler/msp430-gcc-7.3.1.24_win32/bin/../lib/gcc/msp430-elf/7.3.1/430\libgcc.a(_mul_sf.o)
                0x0000d1c6                __mspabi_mpyf
 .text.__ltsf2  0x0000d3a4       0x58 c:/ti/ccsv8/tools/compiler/msp430-gcc-7.3.1.24_win32/bin/../lib/gcc/msp430-elf/7.3.1/430\libgcc.a(_lt_sf.o)
                0x0000d3a4                __ltsf2
 .text.__floatsisf
                0x0000d3fc       0xaa c:/ti/ccsv8/tools/compiler/msp430-gcc-7.3.1.24_win32/bin/../lib/gcc/msp430-elf/7.3.1/430\libgcc.a(_si_to_sf.o)
                0x0000d3fc                __mspabi_fltlif
 .text.__fixsfsi
                0x0000d4a6       0x90 c:/ti/ccsv8/tools/compiler/msp430-gcc-7.3.1.24_win32/bin/../lib/gcc/msp430-elf/7.3.1/430\libgcc.a(_sf_to_si.o)
                0x0000d4a6                __mspabi_fixfli
 .text.__floatunsisf
                0x0000d536       0x94 c:/ti/ccsv8/tools/compiler/msp430-gcc-7.3.1.24_win32/bin/../lib/gcc/msp430-elf/7.3.1/430\libgcc.a(_usi_to_sf.o)
                0x0000d536                __mspabi_fltulf
 .text._fpadd_parts
                0x0000d5ca      0x574 c:/ti/ccsv8/tools/compiler/msp430-gcc-7.3.1.24_win32/bin/../lib/gcc/msp430-elf/7.3.1/430\libgcc.a(_addsub_df.o)
 .text.__subdf3
                0x0000db3e       0x6a c:/ti/ccsv8/tools/compiler/msp430-gcc-7.3.1.24_win32/bin/../lib/gcc/msp430-elf/7.3.1/430\libgcc.a(_addsub_df.o)
                0x0000db3e                __mspabi_subd
 .text.__muldf3
                0x0000dba8      0x562 c:/ti/ccsv8/tools/compiler/msp430-gcc-7.3.1.24_win32/bin/../lib/gcc/msp430-elf/7.3.1/430\libgcc.a(_mul_df.o)
                0x0000dba8                __mspabi_mpyd
 .text.__divdf3
                0x0000e10a      0x300 c:/ti/ccsv8/tools/compiler/msp430-gcc-7.3.1.24_win32/bin/../lib/gcc/msp430-elf/7.3.1/430\libgcc.a(_div_df.o)
                0x0000e10a                __mspabi_divd
 .text.__floatsidf
                0x0000e40a       0xaa c:/ti/ccsv8/tools/compiler/msp430-gcc-7.3.1.24_win32/bin/../lib/gcc/msp430-elf/7.3.1/430\libgcc.a(_si_to_df.o)
                0x0000e40a                __mspabi_fltlid
 .text.__fixdfsi
                0x0000e4b4       0xa6 c:/ti/ccsv8/tools/compiler/msp430-gcc-7.3.1.24_win32/bin/../lib/gcc/msp430-elf/7.3.1/430\libgcc.a(_df_to_si.o)
                0x0000e4b4                __mspabi_fixdli
 .text.udivmodhi4
                0x0000e55a       0x40 c:/ti/ccsv8/tools/compiler/msp430-gcc-7.3.1.24_win32/bin/../lib/gcc/msp430-elf/7.3.1/430\libgcc.a(lib2divHI.o)
                0x0000e55a                udivmodhi4
 .text.__udivhi3
                0x0000e59a        0x8 c:/ti/ccsv8/tools/compiler/msp430-gcc-7.3.1.24_win32/bin/../lib/gcc/msp430-elf/7.3.1/430\libgcc.a(lib2divHI.o)
                0x0000e59a                __mspabi_divu
 .text.udivmodsi4
                0x0000e5a2       0x90 c:/ti/ccsv8/tools/compiler/msp430-gcc-7.3.1.24_win32/bin/../lib/gcc/msp430-elf/7.3.1/430\libgcc.a(lib2divSI.o)
                0x0000e5a2                udivmodsi4
 .text.__divsi3
                0x0000e632       0x84 c:/ti/ccsv8/tools/compiler/msp430-gcc-7.3.1.24_win32/bin/../lib/gcc/msp430-elf/7.3.1/430\libgcc.a(lib2divSI.o)
                0x0000e632                __mspabi_divli
 .text          0x0000e6b6       0x10 c:/ti/ccsv8/tools/compiler/msp430-gcc-7.3.1.24_win32/bin/../lib/gcc/msp430-elf/7.3.1/430\libgcc.a(epilogue.o)
                0x0000e6b6                __mspabi_func_epilog_7
                0x0000e6b8                __mspabi_func_epilog_6
                0x0000e6ba                __mspabi_func_epilog_5
                0x0000e6bc                __mspabi_func_epilog_4
                0x0000e6be                __mspabi_func_epilog_3
                0x0000e6c0                __mspabi_func_epilog_2
                0x0000e6c2                __mspabi_func_epilog_1
 .text          0x0000e6c6       0x74 c:/ti/ccsv8/tools/compiler/msp430-gcc-7.3.1.24_win32/bin/../lib/gcc/msp430-elf/7.3.1/430\libgcc.a(slli.o)
                0x0000e6c6                __mspabi_slli_15
                0x0000e6c8                __mspabi_slli_14
                0x0000e6ca                __mspabi_slli_13
                0x0000e6cc                __mspabi_slli_12
                0x0000e6ce                __mspabi_slli_11
                0x0000e6d0                __mspabi_slli_10
                0x0000e6d2                __mspabi_slli_9
                0x0000e6d4                __mspabi_slli_8
                0x0000e6d6                __mspabi_slli_7
                0x0000e6d8                __mspabi_slli_6
                0x0000e6da                __mspabi_slli_5
                0x0000e6dc                __mspabi_slli_4
                0x0000e6de                __mspabi_slli_3
                0x0000e6e0                __mspabi_slli_2
                0x0000e6e2                __mspabi_slli_1
                0x0000e6ea                __mspabi_slli
                0x0000e6f0                __mspabi_slll_15
                0x0000e6f4                __mspabi_slll_14
                0x0000e6f8                __mspabi_slll_13
                0x0000e6fc                __mspabi_slll_12
                0x0000e700                __mspabi_slll_11
                0x0000e704                __mspabi_slll_10
                0x0000e708                __mspabi_slll_9
                0x0000e70c                __mspabi_slll_8
                0x0000e710                __mspabi_slll_7
                0x0000e714                __mspabi_slll_6
                0x0000e718                __mspabi_slll_5
                0x0000e71c                __mspabi_slll_4
                0x0000e720                __mspabi_slll_3
                0x0000e724                __mspabi_slll_2
                0x0000e728                __mspabi_slll_1
                0x0000e734                __mspabi_slll
 .text          0x0000e73a       0xb4 c:/ti/ccsv8/tools/compiler/msp430-gcc-7.3.1.24_win32/bin/../lib/gcc/msp430-elf/7.3.1/430\libgcc.a(srli.o)
                0x0000e73a                __mspabi_srli_15
                0x0000e73e                __mspabi_srli_14
                0x0000e742                __mspabi_srli_13
                0x0000e746                __mspabi_srli_12
                0x0000e74a                __mspabi_srli_11
                0x0000e74e                __mspabi_srli_10
                0x0000e752                __mspabi_srli_9
                0x0000e756                __mspabi_srli_8
                0x0000e75a                __mspabi_srli_7
                0x0000e75e                __mspabi_srli_6
                0x0000e762                __mspabi_srli_5
                0x0000e766                __mspabi_srli_4
                0x0000e76a                __mspabi_srli_3
                0x0000e76e                __mspabi_srli_2
                0x0000e772                __mspabi_srli_1
                0x0000e77e                __mspabi_srli
                0x0000e784                __mspabi_srll_15
                0x0000e78a                __mspabi_srll_14
                0x0000e790                __mspabi_srll_13
                0x0000e796                __mspabi_srll_12
                0x0000e79c                __mspabi_srll_11
                0x0000e7a2                __mspabi_srll_10
                0x0000e7a8                __mspabi_srll_9
                0x0000e7ae                __mspabi_srll_8
                0x0000e7b4                __mspabi_srll_7
                0x0000e7ba                __mspabi_srll_6
                0x0000e7c0                __mspabi_srll_5
                0x0000e7c6                __mspabi_srll_4
                0x0000e7cc                __mspabi_srll_3
                0x0000e7d2                __mspabi_srll_2
                0x0000e7d8                __mspabi_srll_1
                0x0000e7e8                __mspabi_srll
 .text.__muldi3
                0x0000e7ee      0x148 c:/ti/ccsv8/tools/compiler/msp430-gcc-7.3.1.24_win32/bin/../lib/gcc/msp430-elf/7.3.1/430\libgcc.a(_muldi3.o)
                0x0000e7ee                __mspabi_mpyll
 .text.__lshrdi3
                0x0000e936       0x84 c:/ti/ccsv8/tools/compiler/msp430-gcc-7.3.1.24_win32/bin/../lib/gcc/msp430-elf/7.3.1/430\libgcc.a(_lshrdi3.o)
                0x0000e936                __lshrdi3
 .text.__ashldi3
                0x0000e9ba       0x7e c:/ti/ccsv8/tools/compiler/msp430-gcc-7.3.1.24_win32/bin/../lib/gcc/msp430-elf/7.3.1/430\libgcc.a(_ashldi3.o)
                0x0000e9ba                __ashldi3
 .text.__clzsi2
                0x0000ea38       0x50 c:/ti/ccsv8/tools/compiler/msp430-gcc-7.3.1.24_win32/bin/../lib/gcc/msp430-elf/7.3.1/430\libgcc.a(_clzsi2.o)
                0x0000ea38                __clzsi2
 .text.__pack_f
                0x0000ea88      0x176 c:/ti/ccsv8/tools/compiler/msp430-gcc-7.3.1.24_win32/bin/../lib/gcc/msp430-elf/7.3.1/430\libgcc.a(_pack_sf.o)
                0x0000ea88                __pack_f
 .text.__unpack_f
                0x0000ebfe      0x138 c:/ti/ccsv8/tools/compiler/msp430-gcc-7.3.1.24_win32/bin/../lib/gcc/msp430-elf/7.3.1/430\libgcc.a(_unpack_sf.o)
                0x0000ebfe                __unpack_f
 .text.__fpcmp_parts_f
                0x0000ed36       0xb0 c:/ti/ccsv8/tools/compiler/msp430-gcc-7.3.1.24_win32/bin/../lib/gcc/msp430-elf/7.3.1/430\libgcc.a(_fpcmp_parts_sf.o)
                0x0000ed36                __fpcmp_parts_f
 .text.__pack_d
                0x0000ede6      0x2ec c:/ti/ccsv8/tools/compiler/msp430-gcc-7.3.1.24_win32/bin/../lib/gcc/msp430-elf/7.3.1/430\libgcc.a(_pack_df.o)
                0x0000ede6                __pack_d
 .text.__unpack_d
                0x0000f0d2      0x782 c:/ti/ccsv8/tools/compiler/msp430-gcc-7.3.1.24_win32/bin/../lib/gcc/msp430-elf/7.3.1/430\libgcc.a(_unpack_df.o)
                0x0000f0d2                __unpack_d
 .text.memcpy   0x0000f854       0x16 c:/ti/ccsv8/tools/compiler/msp430-gcc-7.3.1.24_win32/bin/../lib/gcc/msp430-elf/7.3.1/../../../../msp430-elf/lib/430\libc.a(lib_a-memcpy.o)
                0x0000f854                memcpy
 .text.__mulsi3
                0x0000f86a       0x52 c:/ti/ccsv8/tools/compiler/msp430-gcc-7.3.1.24_win32/bin/../lib/gcc/msp430-elf/7.3.1/430\libmul_none.a(lib2_mul_none.o)
                0x0000f86a                __mspabi_mpyl
 .text.__mulhi3
                0x0000f8bc       0x46 c:/ti/ccsv8/tools/compiler/msp430-gcc-7.3.1.24_win32/bin/../lib/gcc/msp430-elf/7.3.1/430\libmul_none.a(mpy.o)
                0x0000f8bc                __mspabi_mpyi
 .text.memmove  0x0000f902       0x38 c:/ti/ccsv8/tools/compiler/msp430-gcc-7.3.1.24_win32/bin/../lib/gcc/msp430-elf/7.3.1/../../../../msp430-elf/lib/430\libc.a(lib_a-memmove.o)
                0x0000f902                memmove
 .text.memset   0x0000f93a       0x14 c:/ti/ccsv8/tools/compiler/msp430-gcc-7.3.1.24_win32/bin/../lib/gcc/msp430-elf/7.3.1/../../../../msp430-elf/lib/430\libc.a(lib_a-memset.o)
                0x0000f93a                memset
 .text.__do_global_ctors_aux
                0x0000f94e       0x1a c:/ti/ccsv8/tools/compiler/msp430-gcc-7.3.1.24_win32/bin/../lib/gcc/msp430-elf/7.3.1/430/crtend.o
 *(.text.*personality*)
 *(.gnu.warning)
 *(.interp .hash .dynsym .dynstr .gnu.version*)
                [!provide]                PROVIDE (__etext, .)
                [!provide]                PROVIDE (_etext, .)
                [!provide]                PROVIDE (etext, .)
                0x0000f968                . = ALIGN (0x2)
 *(.init)
 .init          0x0000f968        0x0 c:/ti/ccsv8/tools/compiler/msp430-gcc-7.3.1.24_win32/bin/../lib/gcc/msp430-elf/7.3.1/../../../../msp430-elf/lib/430/crt0.o
                0x0000f968                __msp430_init
 .init          0x0000f968        0x4 c:/ti/ccsv8/tools/compiler/msp430-gcc-7.3.1.24_win32/bin/../lib/gcc/msp430-elf/7.3.1/430/crtbegin.o
 .init          0x0000f96c        0x4 c:/ti/ccsv8/tools/compiler/msp430-gcc-7.3.1.24_win32/bin/../lib/gcc/msp430-elf/7.3.1/430/crtend.o
 .init          0x0000f970        0xa c:/ti/ccsv8/tools/compiler/msp430-gcc-7.3.1.24_win32/bin/../lib/gcc/msp430-elf/7.3.1/../../../../msp430-elf/lib/430/crtn.o
                0x0000f97a                __msp430_init_end
 *(.fini)
 .fini          0x0000f97a        0x4 c:/ti/ccsv8/tools/compiler/msp430-gcc-7.3.1.24_win32/bin/../lib/gcc/msp430-elf/7.3.1/../../../../msp430-elf/lib/430/crt0.o
                0x0000f97a                __msp430_fini
 .fini          0x0000f97e        0x4 c:/ti/ccsv8/tools/compiler/msp430-gcc-7.3.1.24_win32/bin/../lib/gcc/msp430-elf/7.3.1/430/crtbegin.o
 .fini          0x0000f982        0x2 c:/ti/ccsv8/tools/compiler/msp430-gcc-7.3.1.24_win32/bin/../lib/gcc/msp430-elf/7.3.1/../../../../msp430-elf/lib/430/crtn.o
                0x0000f984                __msp430_fini_end
 *(.tm_clone_table)
 .tm_clone_table
                0x0000f984        0x0 c:/ti/ccsv8/tools/compiler/msp430-gcc-7.3.1.24_win32/bin/../lib/gcc/msp430-elf/7.3.1/430/crtbegin.o
 .tm_clone_table
                0x0000f984        0x0 c:/ti/ccsv8/tools/compiler/msp430-gcc-7.3.1.24_win32/bin/../lib/gcc/msp430-elf/7.3.1/430/crtend.o
                0x0000f984                __TMC_END__

.data           0x00000200        0x0 load address 0x0000f984
                0x00000200                . = ALIGN (0x2)
                0x00000200                PROVIDE (__datastart, .)
 *(.jcr)
 *(.data.rel.ro.local)
 *(.data.rel.ro*)
 *(.dynamic)
 *(.data .data.* .gnu.linkonce.d.*)
 *(.gnu.linkonce.d.*personality*)
 *(.data1)
 *(.got.plt)
 *(.got)
                0x00000200                . = ALIGN (0x2)
 *(.sdata .sdata.* .gnu.linkonce.s.* D_2 D_1)
                0x00000200                . = ALIGN (0x2)
                0x00000200                _edata = .
                [!provide]                PROVIDE (edata, .)
                [!provide]                PROVIDE (__dataend, .)
                0x0000f984                PROVIDE (__romdatastart, LOADADDR (.data))
                0x00000000                PROVIDE (__romdatacopysize, SIZEOF (.data))

.bss            0x00000200       0x12 load address 0x0000f984
                0x00000200                . = ALIGN (0x2)
                0x00000200                PROVIDE (__bssstart, .)
 *(.dynbss)
 *(.sbss .sbss.*)
 *(.bss .bss.* .gnu.linkonce.b.*)
 .bss.completed.3056
                0x00000200        0x1 c:/ti/ccsv8/tools/compiler/msp430-gcc-7.3.1.24_win32/bin/../lib/gcc/msp430-elf/7.3.1/430/crtbegin.o
 *fill*         0x00000201        0x1 
 .bss.dtor_idx.3058
                0x00000202        0x2 c:/ti/ccsv8/tools/compiler/msp430-gcc-7.3.1.24_win32/bin/../lib/gcc/msp430-elf/7.3.1/430/crtbegin.o
 .bss.object.3071
                0x00000204        0xe c:/ti/ccsv8/tools/compiler/msp430-gcc-7.3.1.24_win32/bin/../lib/gcc/msp430-elf/7.3.1/430/crtbegin.o
                0x00000212                . = ALIGN (0x2)
 *(COMMON)
                [!provide]                PROVIDE (__bssend, .)
                0x00000012                PROVIDE (__bsssize, SIZEOF (.bss))

.noinit         0x00000212        0x0 load address 0x0000f984
                0x00000212                . = ALIGN (0x2)
                [!provide]                PROVIDE (__noinit_start, .)
 *(.noinit)
                0x00000212                . = ALIGN (0x2)
                [!provide]                PROVIDE (__noinit_end, .)
                0x00000212                end = .

.heap           0x00000212        0x4 load address 0x0000f984
                0x00000212                . = ALIGN (0x2)
                0x00000212                __heap_start__ = .
                0x00000212                _end = __heap_start__
                [!provide]                PROVIDE (end, .)
 *(.heap)
                0x00000212                _end = .
                [!provide]                PROVIDE (end, .)
                0x00000212        0x4 LONG 0x0
                0x00000216                __heap_end__ = .
                0x00000216                __HeapLimit = __heap_end__

.stack          0x00000400        0x0
                0x00000400                PROVIDE (__stack, .)
 *(.stack)

.infoA

.infoB

.infoC

.infoD

.MSP430.attributes
                0x00000000       0x17
 *(.MSP430.attributes)
 .MSP430.attributes
                0x00000000       0x17 c:/ti/ccsv8/tools/compiler/msp430-gcc-7.3.1.24_win32/bin/../lib/gcc/msp430-elf/7.3.1/../../../../msp430-elf/lib/430/crt0.o
 .MSP430.attributes
                0x00000017       0x17 c:/ti/ccsv8/tools/compiler/msp430-gcc-7.3.1.24_win32/bin/../lib/gcc/msp430-elf/7.3.1/430/crtbegin.o
 .MSP430.attributes
                0x0000002e       0x17 ./LCD.o
 .MSP430.attributes
                0x00000045       0x17 ./analog_t.o
 .MSP430.attributes
                0x0000005c       0x17 ./main.o
 .MSP430.attributes
                0x00000073       0x17 ./scm.o
 .MSP430.attributes
                0x0000008a       0x17 c:/ti/ccsv8/tools/compiler/msp430-gcc-7.3.1.24_win32/bin/../lib/gcc/msp430-elf/7.3.1/430\libgcc.a(_addsub_sf.o)
 .MSP430.attributes
                0x000000a1       0x17 c:/ti/ccsv8/tools/compiler/msp430-gcc-7.3.1.24_win32/bin/../lib/gcc/msp430-elf/7.3.1/430\libgcc.a(_mul_sf.o)
 .MSP430.attributes
                0x000000b8       0x17 c:/ti/ccsv8/tools/compiler/msp430-gcc-7.3.1.24_win32/bin/../lib/gcc/msp430-elf/7.3.1/430\libgcc.a(_lt_sf.o)
 .MSP430.attributes
                0x000000cf       0x17 c:/ti/ccsv8/tools/compiler/msp430-gcc-7.3.1.24_win32/bin/../lib/gcc/msp430-elf/7.3.1/430\libgcc.a(_si_to_sf.o)
 .MSP430.attributes
                0x000000e6       0x17 c:/ti/ccsv8/tools/compiler/msp430-gcc-7.3.1.24_win32/bin/../lib/gcc/msp430-elf/7.3.1/430\libgcc.a(_sf_to_si.o)
 .MSP430.attributes
                0x000000fd       0x17 c:/ti/ccsv8/tools/compiler/msp430-gcc-7.3.1.24_win32/bin/../lib/gcc/msp430-elf/7.3.1/430\libgcc.a(_thenan_sf.o)
 .MSP430.attributes
                0x00000114       0x17 c:/ti/ccsv8/tools/compiler/msp430-gcc-7.3.1.24_win32/bin/../lib/gcc/msp430-elf/7.3.1/430\libgcc.a(_usi_to_sf.o)
 .MSP430.attributes
                0x0000012b       0x17 c:/ti/ccsv8/tools/compiler/msp430-gcc-7.3.1.24_win32/bin/../lib/gcc/msp430-elf/7.3.1/430\libgcc.a(_addsub_df.o)
 .MSP430.attributes
                0x00000142       0x17 c:/ti/ccsv8/tools/compiler/msp430-gcc-7.3.1.24_win32/bin/../lib/gcc/msp430-elf/7.3.1/430\libgcc.a(_mul_df.o)
 .MSP430.attributes
                0x00000159       0x17 c:/ti/ccsv8/tools/compiler/msp430-gcc-7.3.1.24_win32/bin/../lib/gcc/msp430-elf/7.3.1/430\libgcc.a(_div_df.o)
 .MSP430.attributes
                0x00000170       0x17 c:/ti/ccsv8/tools/compiler/msp430-gcc-7.3.1.24_win32/bin/../lib/gcc/msp430-elf/7.3.1/430\libgcc.a(_si_to_df.o)
 .MSP430.attributes
                0x00000187       0x17 c:/ti/ccsv8/tools/compiler/msp430-gcc-7.3.1.24_win32/bin/../lib/gcc/msp430-elf/7.3.1/430\libgcc.a(_df_to_si.o)
 .MSP430.attributes
                0x0000019e       0x17 c:/ti/ccsv8/tools/compiler/msp430-gcc-7.3.1.24_win32/bin/../lib/gcc/msp430-elf/7.3.1/430\libgcc.a(_thenan_df.o)
 .MSP430.attributes
                0x000001b5       0x17 c:/ti/ccsv8/tools/compiler/msp430-gcc-7.3.1.24_win32/bin/../lib/gcc/msp430-elf/7.3.1/430\libgcc.a(lib2divHI.o)
 .MSP430.attributes
                0x000001cc       0x17 c:/ti/ccsv8/tools/compiler/msp430-gcc-7.3.1.24_win32/bin/../lib/gcc/msp430-elf/7.3.1/430\libgcc.a(lib2divSI.o)
 .MSP430.attributes
                0x000001e3       0x17 c:/ti/ccsv8/tools/compiler/msp430-gcc-7.3.1.24_win32/bin/../lib/gcc/msp430-elf/7.3.1/430\libgcc.a(epilogue.o)
 .MSP430.attributes
                0x000001fa       0x17 c:/ti/ccsv8/tools/compiler/msp430-gcc-7.3.1.24_win32/bin/../lib/gcc/msp430-elf/7.3.1/430\libgcc.a(slli.o)
 .MSP430.attributes
                0x00000211       0x17 c:/ti/ccsv8/tools/compiler/msp430-gcc-7.3.1.24_win32/bin/../lib/gcc/msp430-elf/7.3.1/430\libgcc.a(srli.o)
 .MSP430.attributes
                0x00000228       0x17 c:/ti/ccsv8/tools/compiler/msp430-gcc-7.3.1.24_win32/bin/../lib/gcc/msp430-elf/7.3.1/430\libgcc.a(_muldi3.o)
 .MSP430.attributes
                0x0000023f       0x17 c:/ti/ccsv8/tools/compiler/msp430-gcc-7.3.1.24_win32/bin/../lib/gcc/msp430-elf/7.3.1/430\libgcc.a(_lshrdi3.o)
 .MSP430.attributes
                0x00000256       0x17 c:/ti/ccsv8/tools/compiler/msp430-gcc-7.3.1.24_win32/bin/../lib/gcc/msp430-elf/7.3.1/430\libgcc.a(_ashldi3.o)
 .MSP430.attributes
                0x0000026d       0x17 c:/ti/ccsv8/tools/compiler/msp430-gcc-7.3.1.24_win32/bin/../lib/gcc/msp430-elf/7.3.1/430\libgcc.a(_clzsi2.o)
 .MSP430.attributes
                0x00000284       0x17 c:/ti/ccsv8/tools/compiler/msp430-gcc-7.3.1.24_win32/bin/../lib/gcc/msp430-elf/7.3.1/430\libgcc.a(_udivdi3.o)
 .MSP430.attributes
                0x0000029b       0x17 c:/ti/ccsv8/tools/compiler/msp430-gcc-7.3.1.24_win32/bin/../lib/gcc/msp430-elf/7.3.1/430\libgcc.a(_pack_sf.o)
 .MSP430.attributes
                0x000002b2       0x17 c:/ti/ccsv8/tools/compiler/msp430-gcc-7.3.1.24_win32/bin/../lib/gcc/msp430-elf/7.3.1/430\libgcc.a(_unpack_sf.o)
 .MSP430.attributes
                0x000002c9       0x17 c:/ti/ccsv8/tools/compiler/msp430-gcc-7.3.1.24_win32/bin/../lib/gcc/msp430-elf/7.3.1/430\libgcc.a(_fpcmp_parts_sf.o)
 .MSP430.attributes
                0x000002e0       0x17 c:/ti/ccsv8/tools/compiler/msp430-gcc-7.3.1.24_win32/bin/../lib/gcc/msp430-elf/7.3.1/430\libgcc.a(_pack_df.o)
 .MSP430.attributes
                0x000002f7       0x17 c:/ti/ccsv8/tools/compiler/msp430-gcc-7.3.1.24_win32/bin/../lib/gcc/msp430-elf/7.3.1/430\libgcc.a(_unpack_df.o)
 .MSP430.attributes
                0x0000030e       0x17 c:/ti/ccsv8/tools/compiler/msp430-gcc-7.3.1.24_win32/bin/../lib/gcc/msp430-elf/7.3.1/430\libgcc.a(_clz.o)
 .MSP430.attributes
                0x00000325       0x17 c:/ti/ccsv8/tools/compiler/msp430-gcc-7.3.1.24_win32/bin/../lib/gcc/msp430-elf/7.3.1/430\libgcc.a(_clzdi2.o)
 .MSP430.attributes
                0x0000033c       0x17 c:/ti/ccsv8/tools/compiler/msp430-gcc-7.3.1.24_win32/bin/../lib/gcc/msp430-elf/7.3.1/../../../../msp430-elf/lib/430\libc.a(lib_a-memcpy.o)
 .MSP430.attributes
                0x00000353       0x17 c:/ti/ccsv8/tools/compiler/msp430-gcc-7.3.1.24_win32/bin/../lib/gcc/msp430-elf/7.3.1/430\libmul_none.a(lib2_mul_none.o)
 .MSP430.attributes
                0x0000036a       0x17 c:/ti/ccsv8/tools/compiler/msp430-gcc-7.3.1.24_win32/bin/../lib/gcc/msp430-elf/7.3.1/430\libmul_none.a(mpy.o)
 .MSP430.attributes
                0x00000381       0x17 c:/ti/ccsv8/tools/compiler/msp430-gcc-7.3.1.24_win32/bin/../lib/gcc/msp430-elf/7.3.1/../../../../msp430-elf/lib/430\libcrt.a(crt_bss.o)
 .MSP430.attributes
                0x00000398       0x17 c:/ti/ccsv8/tools/compiler/msp430-gcc-7.3.1.24_win32/bin/../lib/gcc/msp430-elf/7.3.1/../../../../msp430-elf/lib/430\libcrt.a(crt_movedata.o)
 .MSP430.attributes
                0x000003af       0x17 c:/ti/ccsv8/tools/compiler/msp430-gcc-7.3.1.24_win32/bin/../lib/gcc/msp430-elf/7.3.1/../../../../msp430-elf/lib/430\libcrt.a(crt_main.o)
 .MSP430.attributes
                0x000003c6       0x17 c:/ti/ccsv8/tools/compiler/msp430-gcc-7.3.1.24_win32/bin/../lib/gcc/msp430-elf/7.3.1/../../../../msp430-elf/lib/430\libc.a(lib_a-memmove.o)
 .MSP430.attributes
                0x000003dd       0x17 c:/ti/ccsv8/tools/compiler/msp430-gcc-7.3.1.24_win32/bin/../lib/gcc/msp430-elf/7.3.1/../../../../msp430-elf/lib/430\libc.a(lib_a-memset.o)
 .MSP430.attributes
                0x000003f4       0x17 c:/ti/ccsv8/tools/compiler/msp430-gcc-7.3.1.24_win32/bin/../lib/gcc/msp430-elf/7.3.1/430/crtend.o
 .MSP430.attributes
                0x0000040b       0x17 c:/ti/ccsv8/tools/compiler/msp430-gcc-7.3.1.24_win32/bin/../lib/gcc/msp430-elf/7.3.1/../../../../msp430-elf/lib/430/crtn.o
 *(.gnu.attributes)
 *(__TI_build_attributes)

.stab
 *(.stab)

.stabstr
 *(.stabstr)

.stab.excl
 *(.stab.excl)

.stab.exclstr
 *(.stab.exclstr)

.stab.index
 *(.stab.index)

.stab.indexstr
 *(.stab.indexstr)

.comment        0x00000000       0x39
 *(.comment)
 .comment       0x00000000       0x39 c:/ti/ccsv8/tools/compiler/msp430-gcc-7.3.1.24_win32/bin/../lib/gcc/msp430-elf/7.3.1/430/crtbegin.o
                                 0x3a (size before relaxing)
 .comment       0x00000039       0x3a ./LCD.o
 .comment       0x00000039       0x3a ./analog_t.o
 .comment       0x00000039       0x3a ./main.o
 .comment       0x00000039       0x3a ./scm.o
 .comment       0x00000039       0x3a c:/ti/ccsv8/tools/compiler/msp430-gcc-7.3.1.24_win32/bin/../lib/gcc/msp430-elf/7.3.1/430\libgcc.a(_addsub_sf.o)
 .comment       0x00000039       0x3a c:/ti/ccsv8/tools/compiler/msp430-gcc-7.3.1.24_win32/bin/../lib/gcc/msp430-elf/7.3.1/430\libgcc.a(_mul_sf.o)
 .comment       0x00000039       0x3a c:/ti/ccsv8/tools/compiler/msp430-gcc-7.3.1.24_win32/bin/../lib/gcc/msp430-elf/7.3.1/430\libgcc.a(_lt_sf.o)
 .comment       0x00000039       0x3a c:/ti/ccsv8/tools/compiler/msp430-gcc-7.3.1.24_win32/bin/../lib/gcc/msp430-elf/7.3.1/430\libgcc.a(_si_to_sf.o)
 .comment       0x00000039       0x3a c:/ti/ccsv8/tools/compiler/msp430-gcc-7.3.1.24_win32/bin/../lib/gcc/msp430-elf/7.3.1/430\libgcc.a(_sf_to_si.o)
 .comment       0x00000039       0x3a c:/ti/ccsv8/tools/compiler/msp430-gcc-7.3.1.24_win32/bin/../lib/gcc/msp430-elf/7.3.1/430\libgcc.a(_thenan_sf.o)
 .comment       0x00000039       0x3a c:/ti/ccsv8/tools/compiler/msp430-gcc-7.3.1.24_win32/bin/../lib/gcc/msp430-elf/7.3.1/430\libgcc.a(_usi_to_sf.o)
 .comment       0x00000039       0x3a c:/ti/ccsv8/tools/compiler/msp430-gcc-7.3.1.24_win32/bin/../lib/gcc/msp430-elf/7.3.1/430\libgcc.a(_addsub_df.o)
 .comment       0x00000039       0x3a c:/ti/ccsv8/tools/compiler/msp430-gcc-7.3.1.24_win32/bin/../lib/gcc/msp430-elf/7.3.1/430\libgcc.a(_mul_df.o)
 .comment       0x00000039       0x3a c:/ti/ccsv8/tools/compiler/msp430-gcc-7.3.1.24_win32/bin/../lib/gcc/msp430-elf/7.3.1/430\libgcc.a(_div_df.o)
 .comment       0x00000039       0x3a c:/ti/ccsv8/tools/compiler/msp430-gcc-7.3.1.24_win32/bin/../lib/gcc/msp430-elf/7.3.1/430\libgcc.a(_si_to_df.o)
 .comment       0x00000039       0x3a c:/ti/ccsv8/tools/compiler/msp430-gcc-7.3.1.24_win32/bin/../lib/gcc/msp430-elf/7.3.1/430\libgcc.a(_df_to_si.o)
 .comment       0x00000039       0x3a c:/ti/ccsv8/tools/compiler/msp430-gcc-7.3.1.24_win32/bin/../lib/gcc/msp430-elf/7.3.1/430\libgcc.a(_thenan_df.o)
 .comment       0x00000039       0x3a c:/ti/ccsv8/tools/compiler/msp430-gcc-7.3.1.24_win32/bin/../lib/gcc/msp430-elf/7.3.1/430\libgcc.a(lib2divHI.o)
 .comment       0x00000039       0x3a c:/ti/ccsv8/tools/compiler/msp430-gcc-7.3.1.24_win32/bin/../lib/gcc/msp430-elf/7.3.1/430\libgcc.a(lib2divSI.o)
 .comment       0x00000039       0x3a c:/ti/ccsv8/tools/compiler/msp430-gcc-7.3.1.24_win32/bin/../lib/gcc/msp430-elf/7.3.1/430\libgcc.a(_muldi3.o)
 .comment       0x00000039       0x3a c:/ti/ccsv8/tools/compiler/msp430-gcc-7.3.1.24_win32/bin/../lib/gcc/msp430-elf/7.3.1/430\libgcc.a(_lshrdi3.o)
 .comment       0x00000039       0x3a c:/ti/ccsv8/tools/compiler/msp430-gcc-7.3.1.24_win32/bin/../lib/gcc/msp430-elf/7.3.1/430\libgcc.a(_ashldi3.o)
 .comment       0x00000039       0x3a c:/ti/ccsv8/tools/compiler/msp430-gcc-7.3.1.24_win32/bin/../lib/gcc/msp430-elf/7.3.1/430\libgcc.a(_clzsi2.o)
 .comment       0x00000039       0x3a c:/ti/ccsv8/tools/compiler/msp430-gcc-7.3.1.24_win32/bin/../lib/gcc/msp430-elf/7.3.1/430\libgcc.a(_udivdi3.o)
 .comment       0x00000039       0x3a c:/ti/ccsv8/tools/compiler/msp430-gcc-7.3.1.24_win32/bin/../lib/gcc/msp430-elf/7.3.1/430\libgcc.a(_pack_sf.o)
 .comment       0x00000039       0x3a c:/ti/ccsv8/tools/compiler/msp430-gcc-7.3.1.24_win32/bin/../lib/gcc/msp430-elf/7.3.1/430\libgcc.a(_unpack_sf.o)
 .comment       0x00000039       0x3a c:/ti/ccsv8/tools/compiler/msp430-gcc-7.3.1.24_win32/bin/../lib/gcc/msp430-elf/7.3.1/430\libgcc.a(_fpcmp_parts_sf.o)
 .comment       0x00000039       0x3a c:/ti/ccsv8/tools/compiler/msp430-gcc-7.3.1.24_win32/bin/../lib/gcc/msp430-elf/7.3.1/430\libgcc.a(_pack_df.o)
 .comment       0x00000039       0x3a c:/ti/ccsv8/tools/compiler/msp430-gcc-7.3.1.24_win32/bin/../lib/gcc/msp430-elf/7.3.1/430\libgcc.a(_unpack_df.o)
 .comment       0x00000039       0x3a c:/ti/ccsv8/tools/compiler/msp430-gcc-7.3.1.24_win32/bin/../lib/gcc/msp430-elf/7.3.1/430\libgcc.a(_clz.o)
 .comment       0x00000039       0x3a c:/ti/ccsv8/tools/compiler/msp430-gcc-7.3.1.24_win32/bin/../lib/gcc/msp430-elf/7.3.1/430\libgcc.a(_clzdi2.o)
 .comment       0x00000039       0x3a c:/ti/ccsv8/tools/compiler/msp430-gcc-7.3.1.24_win32/bin/../lib/gcc/msp430-elf/7.3.1/../../../../msp430-elf/lib/430\libc.a(lib_a-memcpy.o)
 .comment       0x00000039       0x3a c:/ti/ccsv8/tools/compiler/msp430-gcc-7.3.1.24_win32/bin/../lib/gcc/msp430-elf/7.3.1/430\libmul_none.a(lib2_mul_none.o)
 .comment       0x00000039       0x3a c:/ti/ccsv8/tools/compiler/msp430-gcc-7.3.1.24_win32/bin/../lib/gcc/msp430-elf/7.3.1/430\libmul_none.a(mpy.o)
 .comment       0x00000039       0x3a c:/ti/ccsv8/tools/compiler/msp430-gcc-7.3.1.24_win32/bin/../lib/gcc/msp430-elf/7.3.1/../../../../msp430-elf/lib/430\libc.a(lib_a-memmove.o)
 .comment       0x00000039       0x3a c:/ti/ccsv8/tools/compiler/msp430-gcc-7.3.1.24_win32/bin/../lib/gcc/msp430-elf/7.3.1/../../../../msp430-elf/lib/430\libc.a(lib_a-memset.o)
 .comment       0x00000039       0x3a c:/ti/ccsv8/tools/compiler/msp430-gcc-7.3.1.24_win32/bin/../lib/gcc/msp430-elf/7.3.1/430/crtend.o

.debug
 *(.debug)

.line
 *(.line)

.debug_srcinfo
 *(.debug_srcinfo)

.debug_sfnames
 *(.debug_sfnames)

.debug_aranges  0x00000000       0x80
 *(.debug_aranges)
 .debug_aranges
                0x00000000       0x20 ./LCD.o
 .debug_aranges
                0x00000020       0x20 ./analog_t.o
 .debug_aranges
                0x00000040       0x20 ./main.o
 .debug_aranges
                0x00000060       0x20 ./scm.o

.debug_pubnames
 *(.debug_pubnames)

.debug_info     0x00000000     0x1ea5
 *(.debug_info .gnu.linkonce.wi.*)
 .debug_info    0x00000000      0x84f ./LCD.o
 .debug_info    0x0000084f      0x61d ./analog_t.o
 .debug_info    0x00000e6c      0x6d3 ./main.o
 .debug_info    0x0000153f      0x966 ./scm.o

.debug_abbrev   0x00000000      0x49e
 *(.debug_abbrev)
 .debug_abbrev  0x00000000      0x181 ./LCD.o
 .debug_abbrev  0x00000181       0xae ./analog_t.o
 .debug_abbrev  0x0000022f      0x106 ./main.o
 .debug_abbrev  0x00000335      0x169 ./scm.o

.debug_line     0x00000000      0xb61
 *(.debug_line .debug_line.* .debug_line_end)
 .debug_line    0x00000000      0x44c ./LCD.o
 .debug_line    0x0000044c      0x18c ./analog_t.o
 .debug_line    0x000005d8      0x1b4 ./main.o
 .debug_line    0x0000078c      0x3d5 ./scm.o

.debug_frame    0x00000000      0x354
 *(.debug_frame)
 .debug_frame   0x00000000      0x100 ./LCD.o
 .debug_frame   0x00000100       0x68 ./analog_t.o
 .debug_frame   0x00000168       0x44 ./main.o
 .debug_frame   0x000001ac      0x1a8 ./scm.o

.debug_str      0x00000000      0x6b6
 *(.debug_str)
 .debug_str     0x00000000      0x542 ./LCD.o
                                0x5a2 (size before relaxing)
 .debug_str     0x00000542       0x3f ./analog_t.o
                                0x4c4 (size before relaxing)
 .debug_str     0x00000581       0x21 ./main.o
                                0x51e (size before relaxing)
 .debug_str     0x000005a2      0x114 ./scm.o
                                0x5f3 (size before relaxing)

.debug_loc      0x00000000      0x56f
 *(.debug_loc)
 .debug_loc     0x00000000      0x1a4 ./LCD.o
 .debug_loc     0x000001a4      0x3cb ./scm.o

.debug_macinfo
 *(.debug_macinfo)

.debug_weaknames
 *(.debug_weaknames)

.debug_funcnames
 *(.debug_funcnames)

.debug_typenames
 *(.debug_typenames)

.debug_varnames
 *(.debug_varnames)

/DISCARD/
 *(.note.GNU-stack)
                [!provide]                PROVIDE (IE1, 0x0)
                [!provide]                PROVIDE (IFG1, 0x2)
                [!provide]                PROVIDE (IE2, 0x1)
                0x00000003                PROVIDE (IFG2, 0x3)
                [!provide]                PROVIDE (ADC10DTC0, 0x48)
                [!provide]                PROVIDE (ADC10DTC1, 0x49)
                0x0000004a                PROVIDE (ADC10AE0, 0x4a)
                0x000001b0                PROVIDE (ADC10CTL0, 0x1b0)
                0x000001b2                PROVIDE (ADC10CTL1, 0x1b2)
                0x000001b4                PROVIDE (ADC10MEM, 0x1b4)
                [!provide]                PROVIDE (ADC10SA, 0x1bc)
                0x00000056                PROVIDE (DCOCTL, 0x56)
                0x00000057                PROVIDE (BCSCTL1, 0x57)
                [!provide]                PROVIDE (BCSCTL2, 0x58)
                [!provide]                PROVIDE (BCSCTL3, 0x53)
                [!provide]                PROVIDE (CACTL1, 0x59)
                [!provide]                PROVIDE (CACTL2, 0x5a)
                [!provide]                PROVIDE (CAPD, 0x5b)
                [!provide]                PROVIDE (FCTL1, 0x128)
                [!provide]                PROVIDE (FCTL2, 0x12a)
                [!provide]                PROVIDE (FCTL3, 0x12c)
                [!provide]                PROVIDE (P1IN, 0x20)
                0x00000021                PROVIDE (P1OUT, 0x21)
                0x00000022                PROVIDE (P1DIR, 0x22)
                [!provide]                PROVIDE (P1IFG, 0x23)
                [!provide]                PROVIDE (P1IES, 0x24)
                [!provide]                PROVIDE (P1IE, 0x25)
                0x00000026                PROVIDE (P1SEL, 0x26)
                0x00000041                PROVIDE (P1SEL2, 0x41)
                [!provide]                PROVIDE (P1REN, 0x27)
                [!provide]                PROVIDE (P2IN, 0x28)
                0x00000029                PROVIDE (P2OUT, 0x29)
                0x0000002a                PROVIDE (P2DIR, 0x2a)
                [!provide]                PROVIDE (P2IFG, 0x2b)
                [!provide]                PROVIDE (P2IES, 0x2c)
                [!provide]                PROVIDE (P2IE, 0x2d)
                [!provide]                PROVIDE (P2SEL, 0x2e)
                [!provide]                PROVIDE (P2SEL2, 0x42)
                [!provide]                PROVIDE (P2REN, 0x2f)
                [!provide]                PROVIDE (P3IN, 0x18)
                [!provide]                PROVIDE (P3OUT, 0x19)
                [!provide]                PROVIDE (P3DIR, 0x1a)
                [!provide]                PROVIDE (P3SEL, 0x1b)
                [!provide]                PROVIDE (P3SEL2, 0x43)
                [!provide]                PROVIDE (P3REN, 0x10)
                [!provide]                PROVIDE (TA0IV, 0x12e)
                [!provide]                PROVIDE (TA0CTL, 0x160)
                [!provide]                PROVIDE (TA0CCTL0, 0x162)
                [!provide]                PROVIDE (TA0CCTL1, 0x164)
                [!provide]                PROVIDE (TA0CCTL2, 0x166)
                [!provide]                PROVIDE (TA0R, 0x170)
                [!provide]                PROVIDE (TA0CCR0, 0x172)
                [!provide]                PROVIDE (TA0CCR1, 0x174)
                [!provide]                PROVIDE (TA0CCR2, 0x176)
                [!provide]                PROVIDE (TA1IV, 0x11e)
                [!provide]                PROVIDE (TA1CTL, 0x180)
                [!provide]                PROVIDE (TA1CCTL0, 0x182)
                [!provide]                PROVIDE (TA1CCTL1, 0x184)
                [!provide]                PROVIDE (TA1CCTL2, 0x186)
                [!provide]                PROVIDE (TA1R, 0x190)
                [!provide]                PROVIDE (TA1CCR0, 0x192)
                [!provide]                PROVIDE (TA1CCR1, 0x194)
                [!provide]                PROVIDE (TA1CCR2, 0x196)
                [!provide]                PROVIDE (UCA0CTL0, 0x60)
                0x00000061                PROVIDE (UCA0CTL1, 0x61)
                0x00000062                PROVIDE (UCA0BR0, 0x62)
                0x00000063                PROVIDE (UCA0BR1, 0x63)
                0x00000064                PROVIDE (UCA0MCTL, 0x64)
                [!provide]                PROVIDE (UCA0STAT, 0x65)
                0x00000066                PROVIDE (UCA0RXBUF, 0x66)
                0x00000067                PROVIDE (UCA0TXBUF, 0x67)
                [!provide]                PROVIDE (UCA0ABCTL, 0x5d)
                [!provide]                PROVIDE (UCA0IRTCTL, 0x5e)
                [!provide]                PROVIDE (UCA0IRRCTL, 0x5f)
                [!provide]                PROVIDE (UCB0CTL0, 0x68)
                [!provide]                PROVIDE (UCB0CTL1, 0x69)
                [!provide]                PROVIDE (UCB0BR0, 0x6a)
                [!provide]                PROVIDE (UCB0BR1, 0x6b)
                [!provide]                PROVIDE (UCB0I2CIE, 0x6c)
                [!provide]                PROVIDE (UCB0STAT, 0x6d)
                [!provide]                PROVIDE (UCB0RXBUF, 0x6e)
                [!provide]                PROVIDE (UCB0TXBUF, 0x6f)
                [!provide]                PROVIDE (UCB0I2COA, 0x118)
                [!provide]                PROVIDE (UCB0I2CSA, 0x11a)
                0x00000120                PROVIDE (WDTCTL, 0x120)
                [!provide]                PROVIDE (CALDCO_16MHZ, 0x10f8)
                [!provide]                PROVIDE (CALBC1_16MHZ, 0x10f9)
                [!provide]                PROVIDE (CALDCO_12MHZ, 0x10fa)
                [!provide]                PROVIDE (CALBC1_12MHZ, 0x10fb)
                [!provide]                PROVIDE (CALDCO_8MHZ, 0x10fc)
                [!provide]                PROVIDE (CALBC1_8MHZ, 0x10fd)
                0x000010fe                PROVIDE (CALDCO_1MHZ, 0x10fe)
                0x000010ff                PROVIDE (CALBC1_1MHZ, 0x10ff)
                [!provide]                PROVIDE (TLV_CHECKSUM, 0x10c0)
                [!provide]                PROVIDE (TLV_DCO_30_TAG, 0x10f6)
                [!provide]                PROVIDE (TLV_DCO_30_LEN, 0x10f7)
                [!provide]                PROVIDE (TLV_ADC10_1_TAG, 0x10da)
                [!provide]                PROVIDE (TLV_ADC10_1_LEN, 0x10db)
OUTPUT(project1.out elf32-msp430)

.debug_ranges   0x00000000       0x48
 .debug_ranges  0x00000000       0x48 ./scm.o
