Archive member included to satisfy reference by file (symbol)

c:/ti/ccsv8/tools/compiler/msp430-gcc-7.3.1.24_win32/bin/../lib/gcc/msp430-elf/7.3.1/430\libgcc.a(_addsub_sf.o)
                              ./scm.o (__mspabi_addf)
c:/ti/ccsv8/tools/compiler/msp430-gcc-7.3.1.24_win32/bin/../lib/gcc/msp430-elf/7.3.1/430\libgcc.a(_mul_sf.o)
                              ./scm.o (__mspabi_mpyf)
c:/ti/ccsv8/tools/compiler/msp430-gcc-7.3.1.24_win32/bin/../lib/gcc/msp430-elf/7.3.1/430\libgcc.a(_lt_sf.o)
                              ./scm.o (__ltsf2)
c:/ti/ccsv8/tools/compiler/msp430-gcc-7.3.1.24_win32/bin/../lib/gcc/msp430-elf/7.3.1/430\libgcc.a(_si_to_sf.o)
                              ./scm.o (__mspabi_fltlif)
c:/ti/ccsv8/tools/compiler/msp430-gcc-7.3.1.24_win32/bin/../lib/gcc/msp430-elf/7.3.1/430\libgcc.a(_sf_to_si.o)
                              ./scm.o (__mspabi_fixfli)
c:/ti/ccsv8/tools/compiler/msp430-gcc-7.3.1.24_win32/bin/../lib/gcc/msp430-elf/7.3.1/430\libgcc.a(_thenan_sf.o)
                              c:/ti/ccsv8/tools/compiler/msp430-gcc-7.3.1.24_win32/bin/../lib/gcc/msp430-elf/7.3.1/430\libgcc.a(_addsub_sf.o) (__thenan_sf)
c:/ti/ccsv8/tools/compiler/msp430-gcc-7.3.1.24_win32/bin/../lib/gcc/msp430-elf/7.3.1/430\libgcc.a(_usi_to_sf.o)
                              ./scm.o (__mspabi_fltulf)
c:/ti/ccsv8/tools/compiler/msp430-gcc-7.3.1.24_win32/bin/../lib/gcc/msp430-elf/7.3.1/430\libgcc.a(lib2divHI.o)
                              ./i2c.o (__mspabi_divu)
c:/ti/ccsv8/tools/compiler/msp430-gcc-7.3.1.24_win32/bin/../lib/gcc/msp430-elf/7.3.1/430\libgcc.a(lib2divSI.o)
                              ./scm.o (__mspabi_divli)
c:/ti/ccsv8/tools/compiler/msp430-gcc-7.3.1.24_win32/bin/../lib/gcc/msp430-elf/7.3.1/430\libgcc.a(epilogue.o)
                              ./scm.o (__mspabi_func_epilog_7)
c:/ti/ccsv8/tools/compiler/msp430-gcc-7.3.1.24_win32/bin/../lib/gcc/msp430-elf/7.3.1/430\libgcc.a(slli.o)
                              c:/ti/ccsv8/tools/compiler/msp430-gcc-7.3.1.24_win32/bin/../lib/gcc/msp430-elf/7.3.1/430\libgcc.a(_addsub_sf.o) (__mspabi_slll)
c:/ti/ccsv8/tools/compiler/msp430-gcc-7.3.1.24_win32/bin/../lib/gcc/msp430-elf/7.3.1/430\libgcc.a(srli.o)
                              c:/ti/ccsv8/tools/compiler/msp430-gcc-7.3.1.24_win32/bin/../lib/gcc/msp430-elf/7.3.1/430/crtbegin.o (__mspabi_srli_15)
c:/ti/ccsv8/tools/compiler/msp430-gcc-7.3.1.24_win32/bin/../lib/gcc/msp430-elf/7.3.1/430\libgcc.a(_muldi3.o)
                              c:/ti/ccsv8/tools/compiler/msp430-gcc-7.3.1.24_win32/bin/../lib/gcc/msp430-elf/7.3.1/430\libgcc.a(_mul_sf.o) (__mspabi_mpyll)
c:/ti/ccsv8/tools/compiler/msp430-gcc-7.3.1.24_win32/bin/../lib/gcc/msp430-elf/7.3.1/430\libgcc.a(_lshrdi3.o)
                              c:/ti/ccsv8/tools/compiler/msp430-gcc-7.3.1.24_win32/bin/../lib/gcc/msp430-elf/7.3.1/430\libgcc.a(_mul_sf.o) (__lshrdi3)
c:/ti/ccsv8/tools/compiler/msp430-gcc-7.3.1.24_win32/bin/../lib/gcc/msp430-elf/7.3.1/430\libgcc.a(_clzsi2.o)
                              c:/ti/ccsv8/tools/compiler/msp430-gcc-7.3.1.24_win32/bin/../lib/gcc/msp430-elf/7.3.1/430\libgcc.a(_si_to_sf.o) (__clzsi2)
c:/ti/ccsv8/tools/compiler/msp430-gcc-7.3.1.24_win32/bin/../lib/gcc/msp430-elf/7.3.1/430\libgcc.a(_udivdi3.o)
                              c:/ti/ccsv8/tools/compiler/msp430-gcc-7.3.1.24_win32/bin/../lib/gcc/msp430-elf/7.3.1/430\libgcc.a(lib2divSI.o) (__mspabi_divull)
c:/ti/ccsv8/tools/compiler/msp430-gcc-7.3.1.24_win32/bin/../lib/gcc/msp430-elf/7.3.1/430\libgcc.a(_pack_sf.o)
                              c:/ti/ccsv8/tools/compiler/msp430-gcc-7.3.1.24_win32/bin/../lib/gcc/msp430-elf/7.3.1/430\libgcc.a(_addsub_sf.o) (__pack_f)
c:/ti/ccsv8/tools/compiler/msp430-gcc-7.3.1.24_win32/bin/../lib/gcc/msp430-elf/7.3.1/430\libgcc.a(_unpack_sf.o)
                              c:/ti/ccsv8/tools/compiler/msp430-gcc-7.3.1.24_win32/bin/../lib/gcc/msp430-elf/7.3.1/430\libgcc.a(_addsub_sf.o) (__unpack_f)
c:/ti/ccsv8/tools/compiler/msp430-gcc-7.3.1.24_win32/bin/../lib/gcc/msp430-elf/7.3.1/430\libgcc.a(_fpcmp_parts_sf.o)
                              c:/ti/ccsv8/tools/compiler/msp430-gcc-7.3.1.24_win32/bin/../lib/gcc/msp430-elf/7.3.1/430\libgcc.a(_lt_sf.o) (__fpcmp_parts_f)
c:/ti/ccsv8/tools/compiler/msp430-gcc-7.3.1.24_win32/bin/../lib/gcc/msp430-elf/7.3.1/430\libgcc.a(_ashldi3.o)
                              c:/ti/ccsv8/tools/compiler/msp430-gcc-7.3.1.24_win32/bin/../lib/gcc/msp430-elf/7.3.1/430\libgcc.a(_udivdi3.o) (__ashldi3)
c:/ti/ccsv8/tools/compiler/msp430-gcc-7.3.1.24_win32/bin/../lib/gcc/msp430-elf/7.3.1/430\libgcc.a(_clz.o)
                              c:/ti/ccsv8/tools/compiler/msp430-gcc-7.3.1.24_win32/bin/../lib/gcc/msp430-elf/7.3.1/430\libgcc.a(_clzsi2.o) (__clz_tab)
c:/ti/ccsv8/tools/compiler/msp430-gcc-7.3.1.24_win32/bin/../lib/gcc/msp430-elf/7.3.1/430\libgcc.a(_clzdi2.o)
                              c:/ti/ccsv8/tools/compiler/msp430-gcc-7.3.1.24_win32/bin/../lib/gcc/msp430-elf/7.3.1/430\libgcc.a(_udivdi3.o) (__clzdi2)
c:/ti/ccsv8/tools/compiler/msp430-gcc-7.3.1.24_win32/bin/../lib/gcc/msp430-elf/7.3.1/../../../../msp430-elf/lib/430\libc.a(lib_a-memcpy.o)
                              c:/ti/ccsv8/tools/compiler/msp430-gcc-7.3.1.24_win32/bin/../lib/gcc/msp430-elf/7.3.1/430\libgcc.a(_addsub_sf.o) (memcpy)
c:/ti/ccsv8/tools/compiler/msp430-gcc-7.3.1.24_win32/bin/../lib/gcc/msp430-elf/7.3.1/430\libmul_none.a(lib2_mul_none.o)
                              c:/ti/ccsv8/tools/compiler/msp430-gcc-7.3.1.24_win32/bin/../lib/gcc/msp430-elf/7.3.1/430\libgcc.a(_muldi3.o) (__mspabi_mpyl)
c:/ti/ccsv8/tools/compiler/msp430-gcc-7.3.1.24_win32/bin/../lib/gcc/msp430-elf/7.3.1/430\libmul_none.a(mpy.o)
                              ./i2c.o (__mspabi_mpyi)
c:/ti/ccsv8/tools/compiler/msp430-gcc-7.3.1.24_win32/bin/../lib/gcc/msp430-elf/7.3.1/../../../../msp430-elf/lib/430\libcrt.a(crt_bss.o)
                              c:/ti/ccsv8/tools/compiler/msp430-gcc-7.3.1.24_win32/bin/../lib/gcc/msp430-elf/7.3.1/430/crtbegin.o (__crt0_init_bss)
c:/ti/ccsv8/tools/compiler/msp430-gcc-7.3.1.24_win32/bin/../lib/gcc/msp430-elf/7.3.1/../../../../msp430-elf/lib/430\libcrt.a(crt_movedata.o)
                              c:/ti/ccsv8/tools/compiler/msp430-gcc-7.3.1.24_win32/bin/../lib/gcc/msp430-elf/7.3.1/430/crtbegin.o (__crt0_movedata)
c:/ti/ccsv8/tools/compiler/msp430-gcc-7.3.1.24_win32/bin/../lib/gcc/msp430-elf/7.3.1/../../../../msp430-elf/lib/430\libcrt.a(crt_main.o)
                              c:/ti/ccsv8/tools/compiler/msp430-gcc-7.3.1.24_win32/bin/../lib/gcc/msp430-elf/7.3.1/../../../../msp430-elf/lib/430/crt0.o (__crt0_call_init_then_main)
c:/ti/ccsv8/tools/compiler/msp430-gcc-7.3.1.24_win32/bin/../lib/gcc/msp430-elf/7.3.1/../../../../msp430-elf/lib/430\libc.a(lib_a-memmove.o)
                              c:/ti/ccsv8/tools/compiler/msp430-gcc-7.3.1.24_win32/bin/../lib/gcc/msp430-elf/7.3.1/../../../../msp430-elf/lib/430\libcrt.a(crt_movedata.o) (memmove)
c:/ti/ccsv8/tools/compiler/msp430-gcc-7.3.1.24_win32/bin/../lib/gcc/msp430-elf/7.3.1/../../../../msp430-elf/lib/430\libc.a(lib_a-memset.o)
                              c:/ti/ccsv8/tools/compiler/msp430-gcc-7.3.1.24_win32/bin/../lib/gcc/msp430-elf/7.3.1/../../../../msp430-elf/lib/430\libcrt.a(crt_bss.o) (memset)

Discarded input sections

 .text          0x00000000        0x0 c:/ti/ccsv8/tools/compiler/msp430-gcc-7.3.1.24_win32/bin/../lib/gcc/msp430-elf/7.3.1/../../../../msp430-elf/lib/430/crt0.o
 .data          0x00000000        0x0 c:/ti/ccsv8/tools/compiler/msp430-gcc-7.3.1.24_win32/bin/../lib/gcc/msp430-elf/7.3.1/../../../../msp430-elf/lib/430/crt0.o
 .bss           0x00000000        0x0 c:/ti/ccsv8/tools/compiler/msp430-gcc-7.3.1.24_win32/bin/../lib/gcc/msp430-elf/7.3.1/../../../../msp430-elf/lib/430/crt0.o
 .text          0x00000000        0x4 c:/ti/ccsv8/tools/compiler/msp430-gcc-7.3.1.24_win32/bin/../lib/gcc/msp430-elf/7.3.1/430/crtbegin.o
 .data          0x00000000        0x0 c:/ti/ccsv8/tools/compiler/msp430-gcc-7.3.1.24_win32/bin/../lib/gcc/msp430-elf/7.3.1/430/crtbegin.o
 .bss           0x00000000        0x0 c:/ti/ccsv8/tools/compiler/msp430-gcc-7.3.1.24_win32/bin/../lib/gcc/msp430-elf/7.3.1/430/crtbegin.o
 .data.__dso_handle
                0x00000000        0x2 c:/ti/ccsv8/tools/compiler/msp430-gcc-7.3.1.24_win32/bin/../lib/gcc/msp430-elf/7.3.1/430/crtbegin.o
 .text.call___do_global_dtors_aux
                0x00000000        0x0 c:/ti/ccsv8/tools/compiler/msp430-gcc-7.3.1.24_win32/bin/../lib/gcc/msp430-elf/7.3.1/430/crtbegin.o
 .text.call_frame_dummy
                0x00000000        0x0 c:/ti/ccsv8/tools/compiler/msp430-gcc-7.3.1.24_win32/bin/../lib/gcc/msp430-elf/7.3.1/430/crtbegin.o
 .data          0x00000000        0x0 ./LCD.o
 .bss           0x00000000        0x0 ./LCD.o
 .data          0x00000000        0x0 ./analog_t.o
 .bss           0x00000000        0x0 ./analog_t.o
 .data          0x00000000        0x0 ./i2c.o
 .bss           0x00000000        0x0 ./i2c.o
 .data          0x00000000        0x0 ./main.o
 .bss           0x00000000        0x0 ./main.o
 .data          0x00000000        0x0 ./scm.o
 .bss           0x00000000        0x0 ./scm.o
 .text          0x00000000       0xa8 ./spi.o
 .data          0x00000000        0x0 ./spi.o
 .bss           0x00000000        0x0 ./spi.o
 .rodata        0x00000000        0x3 ./spi.o
 .text          0x00000000        0x0 c:/ti/ccsv8/tools/compiler/msp430-gcc-7.3.1.24_win32/bin/../lib/gcc/msp430-elf/7.3.1/430\libgcc.a(_addsub_sf.o)
 .data          0x00000000        0x0 c:/ti/ccsv8/tools/compiler/msp430-gcc-7.3.1.24_win32/bin/../lib/gcc/msp430-elf/7.3.1/430\libgcc.a(_addsub_sf.o)
 .bss           0x00000000        0x0 c:/ti/ccsv8/tools/compiler/msp430-gcc-7.3.1.24_win32/bin/../lib/gcc/msp430-elf/7.3.1/430\libgcc.a(_addsub_sf.o)
 .text          0x00000000        0x0 c:/ti/ccsv8/tools/compiler/msp430-gcc-7.3.1.24_win32/bin/../lib/gcc/msp430-elf/7.3.1/430\libgcc.a(_mul_sf.o)
 .data          0x00000000        0x0 c:/ti/ccsv8/tools/compiler/msp430-gcc-7.3.1.24_win32/bin/../lib/gcc/msp430-elf/7.3.1/430\libgcc.a(_mul_sf.o)
 .bss           0x00000000        0x0 c:/ti/ccsv8/tools/compiler/msp430-gcc-7.3.1.24_win32/bin/../lib/gcc/msp430-elf/7.3.1/430\libgcc.a(_mul_sf.o)
 .text          0x00000000        0x0 c:/ti/ccsv8/tools/compiler/msp430-gcc-7.3.1.24_win32/bin/../lib/gcc/msp430-elf/7.3.1/430\libgcc.a(_lt_sf.o)
 .data          0x00000000        0x0 c:/ti/ccsv8/tools/compiler/msp430-gcc-7.3.1.24_win32/bin/../lib/gcc/msp430-elf/7.3.1/430\libgcc.a(_lt_sf.o)
 .bss           0x00000000        0x0 c:/ti/ccsv8/tools/compiler/msp430-gcc-7.3.1.24_win32/bin/../lib/gcc/msp430-elf/7.3.1/430\libgcc.a(_lt_sf.o)
 .text          0x00000000        0x0 c:/ti/ccsv8/tools/compiler/msp430-gcc-7.3.1.24_win32/bin/../lib/gcc/msp430-elf/7.3.1/430\libgcc.a(_si_to_sf.o)
 .data          0x00000000        0x0 c:/ti/ccsv8/tools/compiler/msp430-gcc-7.3.1.24_win32/bin/../lib/gcc/msp430-elf/7.3.1/430\libgcc.a(_si_to_sf.o)
 .bss           0x00000000        0x0 c:/ti/ccsv8/tools/compiler/msp430-gcc-7.3.1.24_win32/bin/../lib/gcc/msp430-elf/7.3.1/430\libgcc.a(_si_to_sf.o)
 .text          0x00000000        0x0 c:/ti/ccsv8/tools/compiler/msp430-gcc-7.3.1.24_win32/bin/../lib/gcc/msp430-elf/7.3.1/430\libgcc.a(_sf_to_si.o)
 .data          0x00000000        0x0 c:/ti/ccsv8/tools/compiler/msp430-gcc-7.3.1.24_win32/bin/../lib/gcc/msp430-elf/7.3.1/430\libgcc.a(_sf_to_si.o)
 .bss           0x00000000        0x0 c:/ti/ccsv8/tools/compiler/msp430-gcc-7.3.1.24_win32/bin/../lib/gcc/msp430-elf/7.3.1/430\libgcc.a(_sf_to_si.o)
 .text          0x00000000        0x0 c:/ti/ccsv8/tools/compiler/msp430-gcc-7.3.1.24_win32/bin/../lib/gcc/msp430-elf/7.3.1/430\libgcc.a(_thenan_sf.o)
 .data          0x00000000        0x0 c:/ti/ccsv8/tools/compiler/msp430-gcc-7.3.1.24_win32/bin/../lib/gcc/msp430-elf/7.3.1/430\libgcc.a(_thenan_sf.o)
 .bss           0x00000000        0x0 c:/ti/ccsv8/tools/compiler/msp430-gcc-7.3.1.24_win32/bin/../lib/gcc/msp430-elf/7.3.1/430\libgcc.a(_thenan_sf.o)
 .text          0x00000000        0x0 c:/ti/ccsv8/tools/compiler/msp430-gcc-7.3.1.24_win32/bin/../lib/gcc/msp430-elf/7.3.1/430\libgcc.a(_usi_to_sf.o)
 .data          0x00000000        0x0 c:/ti/ccsv8/tools/compiler/msp430-gcc-7.3.1.24_win32/bin/../lib/gcc/msp430-elf/7.3.1/430\libgcc.a(_usi_to_sf.o)
 .bss           0x00000000        0x0 c:/ti/ccsv8/tools/compiler/msp430-gcc-7.3.1.24_win32/bin/../lib/gcc/msp430-elf/7.3.1/430\libgcc.a(_usi_to_sf.o)
 .text          0x00000000        0x0 c:/ti/ccsv8/tools/compiler/msp430-gcc-7.3.1.24_win32/bin/../lib/gcc/msp430-elf/7.3.1/430\libgcc.a(lib2divHI.o)
 .data          0x00000000        0x0 c:/ti/ccsv8/tools/compiler/msp430-gcc-7.3.1.24_win32/bin/../lib/gcc/msp430-elf/7.3.1/430\libgcc.a(lib2divHI.o)
 .bss           0x00000000        0x0 c:/ti/ccsv8/tools/compiler/msp430-gcc-7.3.1.24_win32/bin/../lib/gcc/msp430-elf/7.3.1/430\libgcc.a(lib2divHI.o)
 .text.__divhi3
                0x00000000       0x4c c:/ti/ccsv8/tools/compiler/msp430-gcc-7.3.1.24_win32/bin/../lib/gcc/msp430-elf/7.3.1/430\libgcc.a(lib2divHI.o)
 .text.__modhi3
                0x00000000       0x32 c:/ti/ccsv8/tools/compiler/msp430-gcc-7.3.1.24_win32/bin/../lib/gcc/msp430-elf/7.3.1/430\libgcc.a(lib2divHI.o)
 .text.__umodhi3
                0x00000000        0x8 c:/ti/ccsv8/tools/compiler/msp430-gcc-7.3.1.24_win32/bin/../lib/gcc/msp430-elf/7.3.1/430\libgcc.a(lib2divHI.o)
 .text          0x00000000        0x4 c:/ti/ccsv8/tools/compiler/msp430-gcc-7.3.1.24_win32/bin/../lib/gcc/msp430-elf/7.3.1/430\libgcc.a(lib2divSI.o)
 .data          0x00000000        0x0 c:/ti/ccsv8/tools/compiler/msp430-gcc-7.3.1.24_win32/bin/../lib/gcc/msp430-elf/7.3.1/430\libgcc.a(lib2divSI.o)
 .bss           0x00000000        0x0 c:/ti/ccsv8/tools/compiler/msp430-gcc-7.3.1.24_win32/bin/../lib/gcc/msp430-elf/7.3.1/430\libgcc.a(lib2divSI.o)
 .text.__modsi3
                0x00000000       0x60 c:/ti/ccsv8/tools/compiler/msp430-gcc-7.3.1.24_win32/bin/../lib/gcc/msp430-elf/7.3.1/430\libgcc.a(lib2divSI.o)
 .text.__udivsi3
                0x00000000        0xe c:/ti/ccsv8/tools/compiler/msp430-gcc-7.3.1.24_win32/bin/../lib/gcc/msp430-elf/7.3.1/430\libgcc.a(lib2divSI.o)
 .text.__umodsi3
                0x00000000        0xe c:/ti/ccsv8/tools/compiler/msp430-gcc-7.3.1.24_win32/bin/../lib/gcc/msp430-elf/7.3.1/430\libgcc.a(lib2divSI.o)
 .data          0x00000000        0x0 c:/ti/ccsv8/tools/compiler/msp430-gcc-7.3.1.24_win32/bin/../lib/gcc/msp430-elf/7.3.1/430\libgcc.a(epilogue.o)
 .bss           0x00000000        0x0 c:/ti/ccsv8/tools/compiler/msp430-gcc-7.3.1.24_win32/bin/../lib/gcc/msp430-elf/7.3.1/430\libgcc.a(epilogue.o)
 .data          0x00000000        0x0 c:/ti/ccsv8/tools/compiler/msp430-gcc-7.3.1.24_win32/bin/../lib/gcc/msp430-elf/7.3.1/430\libgcc.a(slli.o)
 .bss           0x00000000        0x0 c:/ti/ccsv8/tools/compiler/msp430-gcc-7.3.1.24_win32/bin/../lib/gcc/msp430-elf/7.3.1/430\libgcc.a(slli.o)
 .data          0x00000000        0x0 c:/ti/ccsv8/tools/compiler/msp430-gcc-7.3.1.24_win32/bin/../lib/gcc/msp430-elf/7.3.1/430\libgcc.a(srli.o)
 .bss           0x00000000        0x0 c:/ti/ccsv8/tools/compiler/msp430-gcc-7.3.1.24_win32/bin/../lib/gcc/msp430-elf/7.3.1/430\libgcc.a(srli.o)
 .text          0x00000000        0x0 c:/ti/ccsv8/tools/compiler/msp430-gcc-7.3.1.24_win32/bin/../lib/gcc/msp430-elf/7.3.1/430\libgcc.a(_muldi3.o)
 .data          0x00000000        0x0 c:/ti/ccsv8/tools/compiler/msp430-gcc-7.3.1.24_win32/bin/../lib/gcc/msp430-elf/7.3.1/430\libgcc.a(_muldi3.o)
 .bss           0x00000000        0x0 c:/ti/ccsv8/tools/compiler/msp430-gcc-7.3.1.24_win32/bin/../lib/gcc/msp430-elf/7.3.1/430\libgcc.a(_muldi3.o)
 .text          0x00000000        0x0 c:/ti/ccsv8/tools/compiler/msp430-gcc-7.3.1.24_win32/bin/../lib/gcc/msp430-elf/7.3.1/430\libgcc.a(_lshrdi3.o)
 .data          0x00000000        0x0 c:/ti/ccsv8/tools/compiler/msp430-gcc-7.3.1.24_win32/bin/../lib/gcc/msp430-elf/7.3.1/430\libgcc.a(_lshrdi3.o)
 .bss           0x00000000        0x0 c:/ti/ccsv8/tools/compiler/msp430-gcc-7.3.1.24_win32/bin/../lib/gcc/msp430-elf/7.3.1/430\libgcc.a(_lshrdi3.o)
 .text          0x00000000        0x0 c:/ti/ccsv8/tools/compiler/msp430-gcc-7.3.1.24_win32/bin/../lib/gcc/msp430-elf/7.3.1/430\libgcc.a(_clzsi2.o)
 .data          0x00000000        0x0 c:/ti/ccsv8/tools/compiler/msp430-gcc-7.3.1.24_win32/bin/../lib/gcc/msp430-elf/7.3.1/430\libgcc.a(_clzsi2.o)
 .bss           0x00000000        0x0 c:/ti/ccsv8/tools/compiler/msp430-gcc-7.3.1.24_win32/bin/../lib/gcc/msp430-elf/7.3.1/430\libgcc.a(_clzsi2.o)
 .text          0x00000000        0x0 c:/ti/ccsv8/tools/compiler/msp430-gcc-7.3.1.24_win32/bin/../lib/gcc/msp430-elf/7.3.1/430\libgcc.a(_udivdi3.o)
 .data          0x00000000        0x0 c:/ti/ccsv8/tools/compiler/msp430-gcc-7.3.1.24_win32/bin/../lib/gcc/msp430-elf/7.3.1/430\libgcc.a(_udivdi3.o)
 .bss           0x00000000        0x0 c:/ti/ccsv8/tools/compiler/msp430-gcc-7.3.1.24_win32/bin/../lib/gcc/msp430-elf/7.3.1/430\libgcc.a(_udivdi3.o)
 .text.__udivdi3
                0x00000000      0x3f2 c:/ti/ccsv8/tools/compiler/msp430-gcc-7.3.1.24_win32/bin/../lib/gcc/msp430-elf/7.3.1/430\libgcc.a(_udivdi3.o)
 .text          0x00000000        0x0 c:/ti/ccsv8/tools/compiler/msp430-gcc-7.3.1.24_win32/bin/../lib/gcc/msp430-elf/7.3.1/430\libgcc.a(_pack_sf.o)
 .data          0x00000000        0x0 c:/ti/ccsv8/tools/compiler/msp430-gcc-7.3.1.24_win32/bin/../lib/gcc/msp430-elf/7.3.1/430\libgcc.a(_pack_sf.o)
 .bss           0x00000000        0x0 c:/ti/ccsv8/tools/compiler/msp430-gcc-7.3.1.24_win32/bin/../lib/gcc/msp430-elf/7.3.1/430\libgcc.a(_pack_sf.o)
 .text          0x00000000        0x0 c:/ti/ccsv8/tools/compiler/msp430-gcc-7.3.1.24_win32/bin/../lib/gcc/msp430-elf/7.3.1/430\libgcc.a(_unpack_sf.o)
 .data          0x00000000        0x0 c:/ti/ccsv8/tools/compiler/msp430-gcc-7.3.1.24_win32/bin/../lib/gcc/msp430-elf/7.3.1/430\libgcc.a(_unpack_sf.o)
 .bss           0x00000000        0x0 c:/ti/ccsv8/tools/compiler/msp430-gcc-7.3.1.24_win32/bin/../lib/gcc/msp430-elf/7.3.1/430\libgcc.a(_unpack_sf.o)
 .text          0x00000000        0x0 c:/ti/ccsv8/tools/compiler/msp430-gcc-7.3.1.24_win32/bin/../lib/gcc/msp430-elf/7.3.1/430\libgcc.a(_fpcmp_parts_sf.o)
 .data          0x00000000        0x0 c:/ti/ccsv8/tools/compiler/msp430-gcc-7.3.1.24_win32/bin/../lib/gcc/msp430-elf/7.3.1/430\libgcc.a(_fpcmp_parts_sf.o)
 .bss           0x00000000        0x0 c:/ti/ccsv8/tools/compiler/msp430-gcc-7.3.1.24_win32/bin/../lib/gcc/msp430-elf/7.3.1/430\libgcc.a(_fpcmp_parts_sf.o)
 .text          0x00000000        0x0 c:/ti/ccsv8/tools/compiler/msp430-gcc-7.3.1.24_win32/bin/../lib/gcc/msp430-elf/7.3.1/430\libgcc.a(_ashldi3.o)
 .data          0x00000000        0x0 c:/ti/ccsv8/tools/compiler/msp430-gcc-7.3.1.24_win32/bin/../lib/gcc/msp430-elf/7.3.1/430\libgcc.a(_ashldi3.o)
 .bss           0x00000000        0x0 c:/ti/ccsv8/tools/compiler/msp430-gcc-7.3.1.24_win32/bin/../lib/gcc/msp430-elf/7.3.1/430\libgcc.a(_ashldi3.o)
 .text.__ashldi3
                0x00000000       0x7e c:/ti/ccsv8/tools/compiler/msp430-gcc-7.3.1.24_win32/bin/../lib/gcc/msp430-elf/7.3.1/430\libgcc.a(_ashldi3.o)
 .text          0x00000000        0x0 c:/ti/ccsv8/tools/compiler/msp430-gcc-7.3.1.24_win32/bin/../lib/gcc/msp430-elf/7.3.1/430\libgcc.a(_clz.o)
 .data          0x00000000        0x0 c:/ti/ccsv8/tools/compiler/msp430-gcc-7.3.1.24_win32/bin/../lib/gcc/msp430-elf/7.3.1/430\libgcc.a(_clz.o)
 .bss           0x00000000        0x0 c:/ti/ccsv8/tools/compiler/msp430-gcc-7.3.1.24_win32/bin/../lib/gcc/msp430-elf/7.3.1/430\libgcc.a(_clz.o)
 .text          0x00000000        0x0 c:/ti/ccsv8/tools/compiler/msp430-gcc-7.3.1.24_win32/bin/../lib/gcc/msp430-elf/7.3.1/430\libgcc.a(_clzdi2.o)
 .data          0x00000000        0x0 c:/ti/ccsv8/tools/compiler/msp430-gcc-7.3.1.24_win32/bin/../lib/gcc/msp430-elf/7.3.1/430\libgcc.a(_clzdi2.o)
 .bss           0x00000000        0x0 c:/ti/ccsv8/tools/compiler/msp430-gcc-7.3.1.24_win32/bin/../lib/gcc/msp430-elf/7.3.1/430\libgcc.a(_clzdi2.o)
 .text.__clzdi2
                0x00000000       0x68 c:/ti/ccsv8/tools/compiler/msp430-gcc-7.3.1.24_win32/bin/../lib/gcc/msp430-elf/7.3.1/430\libgcc.a(_clzdi2.o)
 .text          0x00000000        0x0 c:/ti/ccsv8/tools/compiler/msp430-gcc-7.3.1.24_win32/bin/../lib/gcc/msp430-elf/7.3.1/../../../../msp430-elf/lib/430\libc.a(lib_a-memcpy.o)
 .data          0x00000000        0x0 c:/ti/ccsv8/tools/compiler/msp430-gcc-7.3.1.24_win32/bin/../lib/gcc/msp430-elf/7.3.1/../../../../msp430-elf/lib/430\libc.a(lib_a-memcpy.o)
 .bss           0x00000000        0x0 c:/ti/ccsv8/tools/compiler/msp430-gcc-7.3.1.24_win32/bin/../lib/gcc/msp430-elf/7.3.1/../../../../msp430-elf/lib/430\libc.a(lib_a-memcpy.o)
 .text          0x00000000        0x0 c:/ti/ccsv8/tools/compiler/msp430-gcc-7.3.1.24_win32/bin/../lib/gcc/msp430-elf/7.3.1/430\libmul_none.a(lib2_mul_none.o)
 .data          0x00000000        0x0 c:/ti/ccsv8/tools/compiler/msp430-gcc-7.3.1.24_win32/bin/../lib/gcc/msp430-elf/7.3.1/430\libmul_none.a(lib2_mul_none.o)
 .bss           0x00000000        0x0 c:/ti/ccsv8/tools/compiler/msp430-gcc-7.3.1.24_win32/bin/../lib/gcc/msp430-elf/7.3.1/430\libmul_none.a(lib2_mul_none.o)
 .text          0x00000000        0x0 c:/ti/ccsv8/tools/compiler/msp430-gcc-7.3.1.24_win32/bin/../lib/gcc/msp430-elf/7.3.1/430\libmul_none.a(mpy.o)
 .data          0x00000000        0x0 c:/ti/ccsv8/tools/compiler/msp430-gcc-7.3.1.24_win32/bin/../lib/gcc/msp430-elf/7.3.1/430\libmul_none.a(mpy.o)
 .bss           0x00000000        0x0 c:/ti/ccsv8/tools/compiler/msp430-gcc-7.3.1.24_win32/bin/../lib/gcc/msp430-elf/7.3.1/430\libmul_none.a(mpy.o)
 .text          0x00000000        0x0 c:/ti/ccsv8/tools/compiler/msp430-gcc-7.3.1.24_win32/bin/../lib/gcc/msp430-elf/7.3.1/../../../../msp430-elf/lib/430\libcrt.a(crt_bss.o)
 .data          0x00000000        0x0 c:/ti/ccsv8/tools/compiler/msp430-gcc-7.3.1.24_win32/bin/../lib/gcc/msp430-elf/7.3.1/../../../../msp430-elf/lib/430\libcrt.a(crt_bss.o)
 .bss           0x00000000        0x0 c:/ti/ccsv8/tools/compiler/msp430-gcc-7.3.1.24_win32/bin/../lib/gcc/msp430-elf/7.3.1/../../../../msp430-elf/lib/430\libcrt.a(crt_bss.o)
 .text          0x00000000        0x0 c:/ti/ccsv8/tools/compiler/msp430-gcc-7.3.1.24_win32/bin/../lib/gcc/msp430-elf/7.3.1/../../../../msp430-elf/lib/430\libcrt.a(crt_movedata.o)
 .data          0x00000000        0x0 c:/ti/ccsv8/tools/compiler/msp430-gcc-7.3.1.24_win32/bin/../lib/gcc/msp430-elf/7.3.1/../../../../msp430-elf/lib/430\libcrt.a(crt_movedata.o)
 .bss           0x00000000        0x0 c:/ti/ccsv8/tools/compiler/msp430-gcc-7.3.1.24_win32/bin/../lib/gcc/msp430-elf/7.3.1/../../../../msp430-elf/lib/430\libcrt.a(crt_movedata.o)
 .text          0x00000000        0x0 c:/ti/ccsv8/tools/compiler/msp430-gcc-7.3.1.24_win32/bin/../lib/gcc/msp430-elf/7.3.1/../../../../msp430-elf/lib/430\libcrt.a(crt_main.o)
 .data          0x00000000        0x0 c:/ti/ccsv8/tools/compiler/msp430-gcc-7.3.1.24_win32/bin/../lib/gcc/msp430-elf/7.3.1/../../../../msp430-elf/lib/430\libcrt.a(crt_main.o)
 .bss           0x00000000        0x0 c:/ti/ccsv8/tools/compiler/msp430-gcc-7.3.1.24_win32/bin/../lib/gcc/msp430-elf/7.3.1/../../../../msp430-elf/lib/430\libcrt.a(crt_main.o)
 .text          0x00000000        0x0 c:/ti/ccsv8/tools/compiler/msp430-gcc-7.3.1.24_win32/bin/../lib/gcc/msp430-elf/7.3.1/../../../../msp430-elf/lib/430\libc.a(lib_a-memmove.o)
 .data          0x00000000        0x0 c:/ti/ccsv8/tools/compiler/msp430-gcc-7.3.1.24_win32/bin/../lib/gcc/msp430-elf/7.3.1/../../../../msp430-elf/lib/430\libc.a(lib_a-memmove.o)
 .bss           0x00000000        0x0 c:/ti/ccsv8/tools/compiler/msp430-gcc-7.3.1.24_win32/bin/../lib/gcc/msp430-elf/7.3.1/../../../../msp430-elf/lib/430\libc.a(lib_a-memmove.o)
 .text          0x00000000        0x0 c:/ti/ccsv8/tools/compiler/msp430-gcc-7.3.1.24_win32/bin/../lib/gcc/msp430-elf/7.3.1/../../../../msp430-elf/lib/430\libc.a(lib_a-memset.o)
 .data          0x00000000        0x0 c:/ti/ccsv8/tools/compiler/msp430-gcc-7.3.1.24_win32/bin/../lib/gcc/msp430-elf/7.3.1/../../../../msp430-elf/lib/430\libc.a(lib_a-memset.o)
 .bss           0x00000000        0x0 c:/ti/ccsv8/tools/compiler/msp430-gcc-7.3.1.24_win32/bin/../lib/gcc/msp430-elf/7.3.1/../../../../msp430-elf/lib/430\libc.a(lib_a-memset.o)
 .text          0x00000000        0x2 c:/ti/ccsv8/tools/compiler/msp430-gcc-7.3.1.24_win32/bin/../lib/gcc/msp430-elf/7.3.1/430/crtend.o
 .data          0x00000000        0x0 c:/ti/ccsv8/tools/compiler/msp430-gcc-7.3.1.24_win32/bin/../lib/gcc/msp430-elf/7.3.1/430/crtend.o
 .bss           0x00000000        0x0 c:/ti/ccsv8/tools/compiler/msp430-gcc-7.3.1.24_win32/bin/../lib/gcc/msp430-elf/7.3.1/430/crtend.o
 .text.call___do_global_ctors_aux
                0x00000000        0x0 c:/ti/ccsv8/tools/compiler/msp430-gcc-7.3.1.24_win32/bin/../lib/gcc/msp430-elf/7.3.1/430/crtend.o
 .text          0x00000000        0x0 c:/ti/ccsv8/tools/compiler/msp430-gcc-7.3.1.24_win32/bin/../lib/gcc/msp430-elf/7.3.1/../../../../msp430-elf/lib/430/crtn.o
 .data          0x00000000        0x0 c:/ti/ccsv8/tools/compiler/msp430-gcc-7.3.1.24_win32/bin/../lib/gcc/msp430-elf/7.3.1/../../../../msp430-elf/lib/430/crtn.o
 .bss           0x00000000        0x0 c:/ti/ccsv8/tools/compiler/msp430-gcc-7.3.1.24_win32/bin/../lib/gcc/msp430-elf/7.3.1/../../../../msp430-elf/lib/430/crtn.o

Memory Configuration

Name             Origin             Length             Attributes
SFR              0x00000000         0x00000010
RAM              0x00000200         0x00000200
INFOMEM          0x00001000         0x00000100
INFOA            0x000010c0         0x00000040
INFOB            0x00001080         0x00000040
INFOC            0x00001040         0x00000040
INFOD            0x00001000         0x00000040
ROM              0x0000c000         0x00003fde         xr
BSLSIGNATURE     0x0000ffde         0x00000002
VECT1            0x0000ffe0         0x00000002
VECT2            0x0000ffe2         0x00000002
VECT3            0x0000ffe4         0x00000002
VECT4            0x0000ffe6         0x00000002
VECT5            0x0000ffe8         0x00000002
VECT6            0x0000ffea         0x00000002
VECT7            0x0000ffec         0x00000002
VECT8            0x0000ffee         0x00000002
VECT9            0x0000fff0         0x00000002
VECT10           0x0000fff2         0x00000002
VECT11           0x0000fff4         0x00000002
VECT12           0x0000fff6         0x00000002
VECT13           0x0000fff8         0x00000002
VECT14           0x0000fffa         0x00000002
VECT15           0x0000fffc         0x00000002
RESETVEC         0x0000fffe         0x00000002
*default*        0x00000000         0xffffffff

Linker script and memory map

LOAD c:/ti/ccsv8/tools/compiler/msp430-gcc-7.3.1.24_win32/bin/../lib/gcc/msp430-elf/7.3.1/../../../../msp430-elf/lib/430/crt0.o
LOAD c:/ti/ccsv8/tools/compiler/msp430-gcc-7.3.1.24_win32/bin/../lib/gcc/msp430-elf/7.3.1/430/crtbegin.o
LOAD ./LCD.o
LOAD ./analog_t.o
LOAD ./i2c.o
LOAD ./main.o
LOAD ./scm.o
LOAD ./spi.o
START GROUP
LOAD c:/ti/ccsv8/tools/compiler/msp430-gcc-7.3.1.24_win32/bin/../lib/gcc/msp430-elf/7.3.1/430\libgcc.a
LOAD c:/ti/ccsv8/tools/compiler/msp430-gcc-7.3.1.24_win32/bin/../lib/gcc/msp430-elf/7.3.1/../../../../msp430-elf/lib/430\libc.a
END GROUP
LOAD c:/ti/ccsv8/tools/compiler/msp430-gcc-7.3.1.24_win32/bin/../lib/gcc/msp430-elf/7.3.1/430\libgcc.a
START GROUP
LOAD c:/ti/ccsv8/tools/compiler/msp430-gcc-7.3.1.24_win32/bin/../lib/gcc/msp430-elf/7.3.1/430\libmul_none.a
LOAD c:/ti/ccsv8/tools/compiler/msp430-gcc-7.3.1.24_win32/bin/../lib/gcc/msp430-elf/7.3.1/../../../../msp430-elf/lib/430\libc.a
LOAD c:/ti/ccsv8/tools/compiler/msp430-gcc-7.3.1.24_win32/bin/../lib/gcc/msp430-elf/7.3.1/430\libgcc.a
LOAD c:/ti/ccsv8/tools/compiler/msp430-gcc-7.3.1.24_win32/bin/../lib/gcc/msp430-elf/7.3.1/../../../../msp430-elf/lib/430\libcrt.a
LOAD c:/ti/ccsv8/tools/compiler/msp430-gcc-7.3.1.24_win32/bin/../lib/gcc/msp430-elf/7.3.1/../../../../msp430-elf/lib/430\libnosys.a
END GROUP
LOAD c:/ti/ccsv8/tools/compiler/msp430-gcc-7.3.1.24_win32/bin/../lib/gcc/msp430-elf/7.3.1/430\libgcc.a
LOAD c:/ti/ccsv8/tools/compiler/msp430-gcc-7.3.1.24_win32/bin/../lib/gcc/msp430-elf/7.3.1/430/crtend.o
LOAD c:/ti/ccsv8/tools/compiler/msp430-gcc-7.3.1.24_win32/bin/../lib/gcc/msp430-elf/7.3.1/../../../../msp430-elf/lib/430/crtn.o
LOAD c:/ti/ccsv8/tools/compiler/msp430-gcc-7.3.1.24_win32/bin/../lib/gcc/msp430-elf/7.3.1/430\libgcc.a

.bslsignature

__interrupt_vector_1
 *(__interrupt_vector_1)
 *(__interrupt_vector_trapint)

__interrupt_vector_2
 *(__interrupt_vector_2)

__interrupt_vector_3
 *(__interrupt_vector_3)
 *(__interrupt_vector_port1)

__interrupt_vector_4
 *(__interrupt_vector_4)
 *(__interrupt_vector_port2)

__interrupt_vector_5
 *(__interrupt_vector_5)

__interrupt_vector_6
 *(__interrupt_vector_6)
 *(__interrupt_vector_adc10)

__interrupt_vector_7
 *(__interrupt_vector_7)
 *(__interrupt_vector_usciab0tx)

__interrupt_vector_8
 *(__interrupt_vector_8)
 *(__interrupt_vector_usciab0rx)

__interrupt_vector_9
 *(__interrupt_vector_9)
 *(__interrupt_vector_timer0_a1)

__interrupt_vector_10
 *(__interrupt_vector_10)
 *(__interrupt_vector_timer0_a0)

__interrupt_vector_11
 *(__interrupt_vector_11)
 *(__interrupt_vector_wdt)

__interrupt_vector_12
 *(__interrupt_vector_12)
 *(__interrupt_vector_comparatora)

__interrupt_vector_13
 *(__interrupt_vector_13)
 *(__interrupt_vector_timer1_a1)

__interrupt_vector_14
 *(__interrupt_vector_14)
 *(__interrupt_vector_timer1_a0)

__interrupt_vector_15
 *(__interrupt_vector_15)
 *(__interrupt_vector_nmi)

__reset_vector  0x0000fffe        0x2
 *(__interrupt_vector_16)
 *(__interrupt_vector_reset)
 *(.resetvec)
 .resetvec      0x0000fffe        0x2 c:/ti/ccsv8/tools/compiler/msp430-gcc-7.3.1.24_win32/bin/../lib/gcc/msp430-elf/7.3.1/../../../../msp430-elf/lib/430/crt0.o

.rodata         0x0000c000      0x5aa
                0x0000c000                . = ALIGN (0x2)
 *(.plt)
 *(.rodata .rodata.* .gnu.linkonce.r.* .const .const:*)
 .rodata        0x0000c000      0x45c ./LCD.o
                0x0000c000                font_proportional_8px
                0x0000c00a                font_proportional_8px_data
 .rodata        0x0000c45c       0x43 ./main.o
 *fill*         0x0000c49f        0x1 
 .rodata.__thenan_sf
                0x0000c4a0        0xa c:/ti/ccsv8/tools/compiler/msp430-gcc-7.3.1.24_win32/bin/../lib/gcc/msp430-elf/7.3.1/430\libgcc.a(_thenan_sf.o)
                0x0000c4a0                __thenan_sf
 .rodata.__clz_tab
                0x0000c4aa      0x100 c:/ti/ccsv8/tools/compiler/msp430-gcc-7.3.1.24_win32/bin/../lib/gcc/msp430-elf/7.3.1/430\libgcc.a(_clz.o)
                0x0000c4aa                __clz_tab
 *(.rodata1)
 *(.gcc_except_table)
 *(.gcc_except_table.*)
                0x0000c5aa                PROVIDE (__preinit_array_start, .)
 *(.preinit_array)
                0x0000c5aa                PROVIDE (__preinit_array_end, .)
                0x0000c5aa                PROVIDE (__init_array_start, .)
 *(SORT(.init_array.*))
 *(.init_array)
                0x0000c5aa                PROVIDE (__init_array_end, .)
                0x0000c5aa                PROVIDE (__fini_array_start, .)
 *(.fini_array)
 *(SORT(.fini_array.*))
                0x0000c5aa                PROVIDE (__fini_array_end, .)

.rodata2        0x0000c5ac       0x7c
                0x0000c5ac                . = ALIGN (0x2)
 *(.eh_frame_hdr)
 *(.eh_frame)
 .eh_frame      0x0000c5ac        0x0 c:/ti/ccsv8/tools/compiler/msp430-gcc-7.3.1.24_win32/bin/../lib/gcc/msp430-elf/7.3.1/430/crtbegin.o
 .eh_frame      0x0000c5ac       0x6e c:/ti/ccsv8/tools/compiler/msp430-gcc-7.3.1.24_win32/bin/../lib/gcc/msp430-elf/7.3.1/430\libgcc.a(_udivdi3.o)
 *fill*         0x0000c61a        0x2 
 .eh_frame      0x0000c61c        0x4 c:/ti/ccsv8/tools/compiler/msp430-gcc-7.3.1.24_win32/bin/../lib/gcc/msp430-elf/7.3.1/430/crtend.o
 *crtbegin*.o(.ctors)
 .ctors         0x0000c620        0x2 c:/ti/ccsv8/tools/compiler/msp430-gcc-7.3.1.24_win32/bin/../lib/gcc/msp430-elf/7.3.1/430/crtbegin.o
 *(EXCLUDE_FILE(*crtend*.o) .ctors)
 *(SORT(.ctors.*))
 *(.ctors)
 .ctors         0x0000c622        0x2 c:/ti/ccsv8/tools/compiler/msp430-gcc-7.3.1.24_win32/bin/../lib/gcc/msp430-elf/7.3.1/430/crtend.o
 *crtbegin*.o(.dtors)
 .dtors         0x0000c624        0x2 c:/ti/ccsv8/tools/compiler/msp430-gcc-7.3.1.24_win32/bin/../lib/gcc/msp430-elf/7.3.1/430/crtbegin.o
 *(EXCLUDE_FILE(*crtend*.o) .dtors)
 *(SORT(.dtors.*))
 *(.dtors)
 .dtors         0x0000c626        0x2 c:/ti/ccsv8/tools/compiler/msp430-gcc-7.3.1.24_win32/bin/../lib/gcc/msp430-elf/7.3.1/430/crtend.o
                0x0000c626                __DTOR_END__

.text           0x0000c628     0x1c08
                0x0000c628                . = ALIGN (0x2)
                0x0000c628                PROVIDE (_start, .)
 *(SORT(.crt_*))
 .crt_0000start
                0x0000c628        0x4 c:/ti/ccsv8/tools/compiler/msp430-gcc-7.3.1.24_win32/bin/../lib/gcc/msp430-elf/7.3.1/../../../../msp430-elf/lib/430/crt0.o
                0x0000c628                __crt0_start
 .crt_0100init_bss
                0x0000c62c        0xe c:/ti/ccsv8/tools/compiler/msp430-gcc-7.3.1.24_win32/bin/../lib/gcc/msp430-elf/7.3.1/../../../../msp430-elf/lib/430\libcrt.a(crt_bss.o)
                0x0000c62c                __crt0_init_bss
 .crt_0300movedata
                0x0000c63a       0x14 c:/ti/ccsv8/tools/compiler/msp430-gcc-7.3.1.24_win32/bin/../lib/gcc/msp430-elf/7.3.1/../../../../msp430-elf/lib/430\libcrt.a(crt_movedata.o)
                0x0000c63a                __crt0_movedata
 .crt_0700call_init_then_main
                0x0000c64e        0xa c:/ti/ccsv8/tools/compiler/msp430-gcc-7.3.1.24_win32/bin/../lib/gcc/msp430-elf/7.3.1/../../../../msp430-elf/lib/430\libcrt.a(crt_main.o)
                0x0000c64e                __crt0_call_init_then_main
 .crt_0900main_init
                0x0000c658       0x3c c:/ti/ccsv8/tools/compiler/msp430-gcc-7.3.1.24_win32/bin/../lib/gcc/msp430-elf/7.3.1/../../../../msp430-elf/lib/430/crt0.o
                0x0000c658                _msp430_run_init_array
                0x0000c666                _msp430_run_preinit_array
                0x0000c674                _msp430_run_fini_array
 *(.lowtext .text .stub .text.* .gnu.linkonce.t.* .text:*)
 .text.deregister_tm_clones
                0x0000c694       0x1a c:/ti/ccsv8/tools/compiler/msp430-gcc-7.3.1.24_win32/bin/../lib/gcc/msp430-elf/7.3.1/430/crtbegin.o
 .text.register_tm_clones
                0x0000c6ae       0x2e c:/ti/ccsv8/tools/compiler/msp430-gcc-7.3.1.24_win32/bin/../lib/gcc/msp430-elf/7.3.1/430/crtbegin.o
 .text.__do_global_dtors_aux
                0x0000c6dc       0x4e c:/ti/ccsv8/tools/compiler/msp430-gcc-7.3.1.24_win32/bin/../lib/gcc/msp430-elf/7.3.1/430/crtbegin.o
 .text.frame_dummy
                0x0000c72a       0x18 c:/ti/ccsv8/tools/compiler/msp430-gcc-7.3.1.24_win32/bin/../lib/gcc/msp430-elf/7.3.1/430/crtbegin.o
 .text          0x0000c742      0x2fc ./LCD.o
                0x0000c742                LCD_write_cmd
                0x0000c79e                LCD_write_data
                0x0000c7f8                LCD_set_page
                0x0000c80e                LCD_set_col
                0x0000c838                LCD_clear
                0x0000c87a                LCD_init
                0x0000c9a2                LCD_put_char
                0x0000ca1a                LCD_print
 .text          0x0000ca3e       0x56 ./analog_t.o
                0x0000ca3e                analog_t_adc_init
                0x0000ca54                analog_t_temperature
 .text          0x0000ca94      0x2cc ./i2c.o
                0x0000ca94                i2c_init
                0x0000caa8                i2c_send_bit
                0x0000cafa                i2c_send_data
                0x0000cb56                i2c_read_bit
                0x0000cbf2                i2c_receive
                0x0000cc60                i2c_ackn
                0x0000ccae                i2c_start_conv
                0x0000cd30                i2c_get_temperature
 .text          0x0000cd60      0x132 ./main.o
                0x0000cd60                clock_init
                0x0000cd6e                main
 .text          0x0000ce92      0x388 ./scm.o
                0x0000ce92                pow
                0x0000ceba                scm_init
                0x0000cee4                scm_putchar
                0x0000cef4                scm_getchar
                0x0000cf00                scm_print
                0x0000cf18                scm_getchars
                0x0000cf42                scm_int2string
                0x0000cffc                scm_decimal2string
                0x0000d038                scm_getint
                0x0000d08e                scm_float2string
 .text._fpadd_parts
                0x0000d21a      0x234 c:/ti/ccsv8/tools/compiler/msp430-gcc-7.3.1.24_win32/bin/../lib/gcc/msp430-elf/7.3.1/430\libgcc.a(_addsub_sf.o)
 .text.__addsf3
                0x0000d44e       0x4e c:/ti/ccsv8/tools/compiler/msp430-gcc-7.3.1.24_win32/bin/../lib/gcc/msp430-elf/7.3.1/430\libgcc.a(_addsub_sf.o)
                0x0000d44e                __mspabi_addf
 .text.__subsf3
                0x0000d49c       0x52 c:/ti/ccsv8/tools/compiler/msp430-gcc-7.3.1.24_win32/bin/../lib/gcc/msp430-elf/7.3.1/430\libgcc.a(_addsub_sf.o)
                0x0000d49c                __mspabi_subf
 .text.__mulsf3
                0x0000d4ee      0x1de c:/ti/ccsv8/tools/compiler/msp430-gcc-7.3.1.24_win32/bin/../lib/gcc/msp430-elf/7.3.1/430\libgcc.a(_mul_sf.o)
                0x0000d4ee                __mspabi_mpyf
 .text.__ltsf2  0x0000d6cc       0x58 c:/ti/ccsv8/tools/compiler/msp430-gcc-7.3.1.24_win32/bin/../lib/gcc/msp430-elf/7.3.1/430\libgcc.a(_lt_sf.o)
                0x0000d6cc                __ltsf2
 .text.__floatsisf
                0x0000d724       0xaa c:/ti/ccsv8/tools/compiler/msp430-gcc-7.3.1.24_win32/bin/../lib/gcc/msp430-elf/7.3.1/430\libgcc.a(_si_to_sf.o)
                0x0000d724                __mspabi_fltlif
 .text.__fixsfsi
                0x0000d7ce       0x90 c:/ti/ccsv8/tools/compiler/msp430-gcc-7.3.1.24_win32/bin/../lib/gcc/msp430-elf/7.3.1/430\libgcc.a(_sf_to_si.o)
                0x0000d7ce                __mspabi_fixfli
 .text.__floatunsisf
                0x0000d85e       0x94 c:/ti/ccsv8/tools/compiler/msp430-gcc-7.3.1.24_win32/bin/../lib/gcc/msp430-elf/7.3.1/430\libgcc.a(_usi_to_sf.o)
                0x0000d85e                __mspabi_fltulf
 .text.udivmodhi4
                0x0000d8f2       0x40 c:/ti/ccsv8/tools/compiler/msp430-gcc-7.3.1.24_win32/bin/../lib/gcc/msp430-elf/7.3.1/430\libgcc.a(lib2divHI.o)
                0x0000d8f2                udivmodhi4
 .text.__udivhi3
                0x0000d932        0x8 c:/ti/ccsv8/tools/compiler/msp430-gcc-7.3.1.24_win32/bin/../lib/gcc/msp430-elf/7.3.1/430\libgcc.a(lib2divHI.o)
                0x0000d932                __mspabi_divu
 .text.udivmodsi4
                0x0000d93a       0x90 c:/ti/ccsv8/tools/compiler/msp430-gcc-7.3.1.24_win32/bin/../lib/gcc/msp430-elf/7.3.1/430\libgcc.a(lib2divSI.o)
                0x0000d93a                udivmodsi4
 .text.__divsi3
                0x0000d9ca       0x84 c:/ti/ccsv8/tools/compiler/msp430-gcc-7.3.1.24_win32/bin/../lib/gcc/msp430-elf/7.3.1/430\libgcc.a(lib2divSI.o)
                0x0000d9ca                __mspabi_divli
 .text          0x0000da4e       0x10 c:/ti/ccsv8/tools/compiler/msp430-gcc-7.3.1.24_win32/bin/../lib/gcc/msp430-elf/7.3.1/430\libgcc.a(epilogue.o)
                0x0000da4e                __mspabi_func_epilog_7
                0x0000da50                __mspabi_func_epilog_6
                0x0000da52                __mspabi_func_epilog_5
                0x0000da54                __mspabi_func_epilog_4
                0x0000da56                __mspabi_func_epilog_3
                0x0000da58                __mspabi_func_epilog_2
                0x0000da5a                __mspabi_func_epilog_1
 .text          0x0000da5e       0x74 c:/ti/ccsv8/tools/compiler/msp430-gcc-7.3.1.24_win32/bin/../lib/gcc/msp430-elf/7.3.1/430\libgcc.a(slli.o)
                0x0000da5e                __mspabi_slli_15
                0x0000da60                __mspabi_slli_14
                0x0000da62                __mspabi_slli_13
                0x0000da64                __mspabi_slli_12
                0x0000da66                __mspabi_slli_11
                0x0000da68                __mspabi_slli_10
                0x0000da6a                __mspabi_slli_9
                0x0000da6c                __mspabi_slli_8
                0x0000da6e                __mspabi_slli_7
                0x0000da70                __mspabi_slli_6
                0x0000da72                __mspabi_slli_5
                0x0000da74                __mspabi_slli_4
                0x0000da76                __mspabi_slli_3
                0x0000da78                __mspabi_slli_2
                0x0000da7a                __mspabi_slli_1
                0x0000da82                __mspabi_slli
                0x0000da88                __mspabi_slll_15
                0x0000da8c                __mspabi_slll_14
                0x0000da90                __mspabi_slll_13
                0x0000da94                __mspabi_slll_12
                0x0000da98                __mspabi_slll_11
                0x0000da9c                __mspabi_slll_10
                0x0000daa0                __mspabi_slll_9
                0x0000daa4                __mspabi_slll_8
                0x0000daa8                __mspabi_slll_7
                0x0000daac                __mspabi_slll_6
                0x0000dab0                __mspabi_slll_5
                0x0000dab4                __mspabi_slll_4
                0x0000dab8                __mspabi_slll_3
                0x0000dabc                __mspabi_slll_2
                0x0000dac0                __mspabi_slll_1
                0x0000dacc                __mspabi_slll
 .text          0x0000dad2       0xb4 c:/ti/ccsv8/tools/compiler/msp430-gcc-7.3.1.24_win32/bin/../lib/gcc/msp430-elf/7.3.1/430\libgcc.a(srli.o)
                0x0000dad2                __mspabi_srli_15
                0x0000dad6                __mspabi_srli_14
                0x0000dada                __mspabi_srli_13
                0x0000dade                __mspabi_srli_12
                0x0000dae2                __mspabi_srli_11
                0x0000dae6                __mspabi_srli_10
                0x0000daea                __mspabi_srli_9
                0x0000daee                __mspabi_srli_8
                0x0000daf2                __mspabi_srli_7
                0x0000daf6                __mspabi_srli_6
                0x0000dafa                __mspabi_srli_5
                0x0000dafe                __mspabi_srli_4
                0x0000db02                __mspabi_srli_3
                0x0000db06                __mspabi_srli_2
                0x0000db0a                __mspabi_srli_1
                0x0000db16                __mspabi_srli
                0x0000db1c                __mspabi_srll_15
                0x0000db22                __mspabi_srll_14
                0x0000db28                __mspabi_srll_13
                0x0000db2e                __mspabi_srll_12
                0x0000db34                __mspabi_srll_11
                0x0000db3a                __mspabi_srll_10
                0x0000db40                __mspabi_srll_9
                0x0000db46                __mspabi_srll_8
                0x0000db4c                __mspabi_srll_7
                0x0000db52                __mspabi_srll_6
                0x0000db58                __mspabi_srll_5
                0x0000db5e                __mspabi_srll_4
                0x0000db64                __mspabi_srll_3
                0x0000db6a                __mspabi_srll_2
                0x0000db70                __mspabi_srll_1
                0x0000db80                __mspabi_srll
 .text.__muldi3
                0x0000db86      0x148 c:/ti/ccsv8/tools/compiler/msp430-gcc-7.3.1.24_win32/bin/../lib/gcc/msp430-elf/7.3.1/430\libgcc.a(_muldi3.o)
                0x0000db86                __mspabi_mpyll
 .text.__lshrdi3
                0x0000dcce       0x84 c:/ti/ccsv8/tools/compiler/msp430-gcc-7.3.1.24_win32/bin/../lib/gcc/msp430-elf/7.3.1/430\libgcc.a(_lshrdi3.o)
                0x0000dcce                __lshrdi3
 .text.__clzsi2
                0x0000dd52       0x50 c:/ti/ccsv8/tools/compiler/msp430-gcc-7.3.1.24_win32/bin/../lib/gcc/msp430-elf/7.3.1/430\libgcc.a(_clzsi2.o)
                0x0000dd52                __clzsi2
 .text.__pack_f
                0x0000dda2      0x176 c:/ti/ccsv8/tools/compiler/msp430-gcc-7.3.1.24_win32/bin/../lib/gcc/msp430-elf/7.3.1/430\libgcc.a(_pack_sf.o)
                0x0000dda2                __pack_f
 .text.__unpack_f
                0x0000df18      0x138 c:/ti/ccsv8/tools/compiler/msp430-gcc-7.3.1.24_win32/bin/../lib/gcc/msp430-elf/7.3.1/430\libgcc.a(_unpack_sf.o)
                0x0000df18                __unpack_f
 .text.__fpcmp_parts_f
                0x0000e050       0xb0 c:/ti/ccsv8/tools/compiler/msp430-gcc-7.3.1.24_win32/bin/../lib/gcc/msp430-elf/7.3.1/430\libgcc.a(_fpcmp_parts_sf.o)
                0x0000e050                __fpcmp_parts_f
 .text.memcpy   0x0000e100       0x16 c:/ti/ccsv8/tools/compiler/msp430-gcc-7.3.1.24_win32/bin/../lib/gcc/msp430-elf/7.3.1/../../../../msp430-elf/lib/430\libc.a(lib_a-memcpy.o)
                0x0000e100                memcpy
 .text.__mulsi3
                0x0000e116       0x52 c:/ti/ccsv8/tools/compiler/msp430-gcc-7.3.1.24_win32/bin/../lib/gcc/msp430-elf/7.3.1/430\libmul_none.a(lib2_mul_none.o)
                0x0000e116                __mspabi_mpyl
 .text.__mulhi3
                0x0000e168       0x46 c:/ti/ccsv8/tools/compiler/msp430-gcc-7.3.1.24_win32/bin/../lib/gcc/msp430-elf/7.3.1/430\libmul_none.a(mpy.o)
                0x0000e168                __mspabi_mpyi
 .text.memmove  0x0000e1ae       0x38 c:/ti/ccsv8/tools/compiler/msp430-gcc-7.3.1.24_win32/bin/../lib/gcc/msp430-elf/7.3.1/../../../../msp430-elf/lib/430\libc.a(lib_a-memmove.o)
                0x0000e1ae                memmove
 .text.memset   0x0000e1e6       0x14 c:/ti/ccsv8/tools/compiler/msp430-gcc-7.3.1.24_win32/bin/../lib/gcc/msp430-elf/7.3.1/../../../../msp430-elf/lib/430\libc.a(lib_a-memset.o)
                0x0000e1e6                memset
 .text.__do_global_ctors_aux
                0x0000e1fa       0x1a c:/ti/ccsv8/tools/compiler/msp430-gcc-7.3.1.24_win32/bin/../lib/gcc/msp430-elf/7.3.1/430/crtend.o
 *(.text.*personality*)
 *(.gnu.warning)
 *(.interp .hash .dynsym .dynstr .gnu.version*)
                [!provide]                PROVIDE (__etext, .)
                [!provide]                PROVIDE (_etext, .)
                [!provide]                PROVIDE (etext, .)
                0x0000e214                . = ALIGN (0x2)
 *(.init)
 .init          0x0000e214        0x0 c:/ti/ccsv8/tools/compiler/msp430-gcc-7.3.1.24_win32/bin/../lib/gcc/msp430-elf/7.3.1/../../../../msp430-elf/lib/430/crt0.o
                0x0000e214                __msp430_init
 .init          0x0000e214        0x4 c:/ti/ccsv8/tools/compiler/msp430-gcc-7.3.1.24_win32/bin/../lib/gcc/msp430-elf/7.3.1/430/crtbegin.o
 .init          0x0000e218        0x4 c:/ti/ccsv8/tools/compiler/msp430-gcc-7.3.1.24_win32/bin/../lib/gcc/msp430-elf/7.3.1/430/crtend.o
 .init          0x0000e21c        0xa c:/ti/ccsv8/tools/compiler/msp430-gcc-7.3.1.24_win32/bin/../lib/gcc/msp430-elf/7.3.1/../../../../msp430-elf/lib/430/crtn.o
                0x0000e226                __msp430_init_end
 *(.fini)
 .fini          0x0000e226        0x4 c:/ti/ccsv8/tools/compiler/msp430-gcc-7.3.1.24_win32/bin/../lib/gcc/msp430-elf/7.3.1/../../../../msp430-elf/lib/430/crt0.o
                0x0000e226                __msp430_fini
 .fini          0x0000e22a        0x4 c:/ti/ccsv8/tools/compiler/msp430-gcc-7.3.1.24_win32/bin/../lib/gcc/msp430-elf/7.3.1/430/crtbegin.o
 .fini          0x0000e22e        0x2 c:/ti/ccsv8/tools/compiler/msp430-gcc-7.3.1.24_win32/bin/../lib/gcc/msp430-elf/7.3.1/../../../../msp430-elf/lib/430/crtn.o
                0x0000e230                __msp430_fini_end
 *(.tm_clone_table)
 .tm_clone_table
                0x0000e230        0x0 c:/ti/ccsv8/tools/compiler/msp430-gcc-7.3.1.24_win32/bin/../lib/gcc/msp430-elf/7.3.1/430/crtbegin.o
 .tm_clone_table
                0x0000e230        0x0 c:/ti/ccsv8/tools/compiler/msp430-gcc-7.3.1.24_win32/bin/../lib/gcc/msp430-elf/7.3.1/430/crtend.o
                0x0000e230                __TMC_END__

.data           0x00000200        0x0 load address 0x0000e230
                0x00000200                . = ALIGN (0x2)
                0x00000200                PROVIDE (__datastart, .)
 *(.jcr)
 *(.data.rel.ro.local)
 *(.data.rel.ro*)
 *(.dynamic)
 *(.data .data.* .gnu.linkonce.d.*)
 *(.gnu.linkonce.d.*personality*)
 *(.data1)
 *(.got.plt)
 *(.got)
                0x00000200                . = ALIGN (0x2)
 *(.sdata .sdata.* .gnu.linkonce.s.* D_2 D_1)
                0x00000200                . = ALIGN (0x2)
                0x00000200                _edata = .
                [!provide]                PROVIDE (edata, .)
                [!provide]                PROVIDE (__dataend, .)
                0x0000e230                PROVIDE (__romdatastart, LOADADDR (.data))
                0x00000000                PROVIDE (__romdatacopysize, SIZEOF (.data))

.bss            0x00000200       0x12 load address 0x0000e230
                0x00000200                . = ALIGN (0x2)
                0x00000200                PROVIDE (__bssstart, .)
 *(.dynbss)
 *(.sbss .sbss.*)
 *(.bss .bss.* .gnu.linkonce.b.*)
 .bss.completed.3056
                0x00000200        0x1 c:/ti/ccsv8/tools/compiler/msp430-gcc-7.3.1.24_win32/bin/../lib/gcc/msp430-elf/7.3.1/430/crtbegin.o
 *fill*         0x00000201        0x1 
 .bss.dtor_idx.3058
                0x00000202        0x2 c:/ti/ccsv8/tools/compiler/msp430-gcc-7.3.1.24_win32/bin/../lib/gcc/msp430-elf/7.3.1/430/crtbegin.o
 .bss.object.3071
                0x00000204        0xe c:/ti/ccsv8/tools/compiler/msp430-gcc-7.3.1.24_win32/bin/../lib/gcc/msp430-elf/7.3.1/430/crtbegin.o
                0x00000212                . = ALIGN (0x2)
 *(COMMON)
                [!provide]                PROVIDE (__bssend, .)
                0x00000012                PROVIDE (__bsssize, SIZEOF (.bss))

.noinit         0x00000212        0x0 load address 0x0000e230
                0x00000212                . = ALIGN (0x2)
                [!provide]                PROVIDE (__noinit_start, .)
 *(.noinit)
                0x00000212                . = ALIGN (0x2)
                [!provide]                PROVIDE (__noinit_end, .)
                0x00000212                end = .

.heap           0x00000212        0x4 load address 0x0000e230
                0x00000212                . = ALIGN (0x2)
                0x00000212                __heap_start__ = .
                0x00000212                _end = __heap_start__
                [!provide]                PROVIDE (end, .)
 *(.heap)
                0x00000212                _end = .
                [!provide]                PROVIDE (end, .)
                0x00000212        0x4 LONG 0x0
                0x00000216                __heap_end__ = .
                0x00000216                __HeapLimit = __heap_end__

.stack          0x00000400        0x0
                0x00000400                PROVIDE (__stack, .)
 *(.stack)

.infoA

.infoB

.infoC

.infoD

.MSP430.attributes
                0x00000000       0x17
 *(.MSP430.attributes)
 .MSP430.attributes
                0x00000000       0x17 c:/ti/ccsv8/tools/compiler/msp430-gcc-7.3.1.24_win32/bin/../lib/gcc/msp430-elf/7.3.1/../../../../msp430-elf/lib/430/crt0.o
 .MSP430.attributes
                0x00000017       0x17 c:/ti/ccsv8/tools/compiler/msp430-gcc-7.3.1.24_win32/bin/../lib/gcc/msp430-elf/7.3.1/430/crtbegin.o
 .MSP430.attributes
                0x0000002e       0x17 ./LCD.o
 .MSP430.attributes
                0x00000045       0x17 ./analog_t.o
 .MSP430.attributes
                0x0000005c       0x17 ./i2c.o
 .MSP430.attributes
                0x00000073       0x17 ./main.o
 .MSP430.attributes
                0x0000008a       0x17 ./scm.o
 .MSP430.attributes
                0x000000a1       0x17 ./spi.o
 .MSP430.attributes
                0x000000b8       0x17 c:/ti/ccsv8/tools/compiler/msp430-gcc-7.3.1.24_win32/bin/../lib/gcc/msp430-elf/7.3.1/430\libgcc.a(_addsub_sf.o)
 .MSP430.attributes
                0x000000cf       0x17 c:/ti/ccsv8/tools/compiler/msp430-gcc-7.3.1.24_win32/bin/../lib/gcc/msp430-elf/7.3.1/430\libgcc.a(_mul_sf.o)
 .MSP430.attributes
                0x000000e6       0x17 c:/ti/ccsv8/tools/compiler/msp430-gcc-7.3.1.24_win32/bin/../lib/gcc/msp430-elf/7.3.1/430\libgcc.a(_lt_sf.o)
 .MSP430.attributes
                0x000000fd       0x17 c:/ti/ccsv8/tools/compiler/msp430-gcc-7.3.1.24_win32/bin/../lib/gcc/msp430-elf/7.3.1/430\libgcc.a(_si_to_sf.o)
 .MSP430.attributes
                0x00000114       0x17 c:/ti/ccsv8/tools/compiler/msp430-gcc-7.3.1.24_win32/bin/../lib/gcc/msp430-elf/7.3.1/430\libgcc.a(_sf_to_si.o)
 .MSP430.attributes
                0x0000012b       0x17 c:/ti/ccsv8/tools/compiler/msp430-gcc-7.3.1.24_win32/bin/../lib/gcc/msp430-elf/7.3.1/430\libgcc.a(_thenan_sf.o)
 .MSP430.attributes
                0x00000142       0x17 c:/ti/ccsv8/tools/compiler/msp430-gcc-7.3.1.24_win32/bin/../lib/gcc/msp430-elf/7.3.1/430\libgcc.a(_usi_to_sf.o)
 .MSP430.attributes
                0x00000159       0x17 c:/ti/ccsv8/tools/compiler/msp430-gcc-7.3.1.24_win32/bin/../lib/gcc/msp430-elf/7.3.1/430\libgcc.a(lib2divHI.o)
 .MSP430.attributes
                0x00000170       0x17 c:/ti/ccsv8/tools/compiler/msp430-gcc-7.3.1.24_win32/bin/../lib/gcc/msp430-elf/7.3.1/430\libgcc.a(lib2divSI.o)
 .MSP430.attributes
                0x00000187       0x17 c:/ti/ccsv8/tools/compiler/msp430-gcc-7.3.1.24_win32/bin/../lib/gcc/msp430-elf/7.3.1/430\libgcc.a(epilogue.o)
 .MSP430.attributes
                0x0000019e       0x17 c:/ti/ccsv8/tools/compiler/msp430-gcc-7.3.1.24_win32/bin/../lib/gcc/msp430-elf/7.3.1/430\libgcc.a(slli.o)
 .MSP430.attributes
                0x000001b5       0x17 c:/ti/ccsv8/tools/compiler/msp430-gcc-7.3.1.24_win32/bin/../lib/gcc/msp430-elf/7.3.1/430\libgcc.a(srli.o)
 .MSP430.attributes
                0x000001cc       0x17 c:/ti/ccsv8/tools/compiler/msp430-gcc-7.3.1.24_win32/bin/../lib/gcc/msp430-elf/7.3.1/430\libgcc.a(_muldi3.o)
 .MSP430.attributes
                0x000001e3       0x17 c:/ti/ccsv8/tools/compiler/msp430-gcc-7.3.1.24_win32/bin/../lib/gcc/msp430-elf/7.3.1/430\libgcc.a(_lshrdi3.o)
 .MSP430.attributes
                0x000001fa       0x17 c:/ti/ccsv8/tools/compiler/msp430-gcc-7.3.1.24_win32/bin/../lib/gcc/msp430-elf/7.3.1/430\libgcc.a(_clzsi2.o)
 .MSP430.attributes
                0x00000211       0x17 c:/ti/ccsv8/tools/compiler/msp430-gcc-7.3.1.24_win32/bin/../lib/gcc/msp430-elf/7.3.1/430\libgcc.a(_udivdi3.o)
 .MSP430.attributes
                0x00000228       0x17 c:/ti/ccsv8/tools/compiler/msp430-gcc-7.3.1.24_win32/bin/../lib/gcc/msp430-elf/7.3.1/430\libgcc.a(_pack_sf.o)
 .MSP430.attributes
                0x0000023f       0x17 c:/ti/ccsv8/tools/compiler/msp430-gcc-7.3.1.24_win32/bin/../lib/gcc/msp430-elf/7.3.1/430\libgcc.a(_unpack_sf.o)
 .MSP430.attributes
                0x00000256       0x17 c:/ti/ccsv8/tools/compiler/msp430-gcc-7.3.1.24_win32/bin/../lib/gcc/msp430-elf/7.3.1/430\libgcc.a(_fpcmp_parts_sf.o)
 .MSP430.attributes
                0x0000026d       0x17 c:/ti/ccsv8/tools/compiler/msp430-gcc-7.3.1.24_win32/bin/../lib/gcc/msp430-elf/7.3.1/430\libgcc.a(_ashldi3.o)
 .MSP430.attributes
                0x00000284       0x17 c:/ti/ccsv8/tools/compiler/msp430-gcc-7.3.1.24_win32/bin/../lib/gcc/msp430-elf/7.3.1/430\libgcc.a(_clz.o)
 .MSP430.attributes
                0x0000029b       0x17 c:/ti/ccsv8/tools/compiler/msp430-gcc-7.3.1.24_win32/bin/../lib/gcc/msp430-elf/7.3.1/430\libgcc.a(_clzdi2.o)
 .MSP430.attributes
                0x000002b2       0x17 c:/ti/ccsv8/tools/compiler/msp430-gcc-7.3.1.24_win32/bin/../lib/gcc/msp430-elf/7.3.1/../../../../msp430-elf/lib/430\libc.a(lib_a-memcpy.o)
 .MSP430.attributes
                0x000002c9       0x17 c:/ti/ccsv8/tools/compiler/msp430-gcc-7.3.1.24_win32/bin/../lib/gcc/msp430-elf/7.3.1/430\libmul_none.a(lib2_mul_none.o)
 .MSP430.attributes
                0x000002e0       0x17 c:/ti/ccsv8/tools/compiler/msp430-gcc-7.3.1.24_win32/bin/../lib/gcc/msp430-elf/7.3.1/430\libmul_none.a(mpy.o)
 .MSP430.attributes
                0x000002f7       0x17 c:/ti/ccsv8/tools/compiler/msp430-gcc-7.3.1.24_win32/bin/../lib/gcc/msp430-elf/7.3.1/../../../../msp430-elf/lib/430\libcrt.a(crt_bss.o)
 .MSP430.attributes
                0x0000030e       0x17 c:/ti/ccsv8/tools/compiler/msp430-gcc-7.3.1.24_win32/bin/../lib/gcc/msp430-elf/7.3.1/../../../../msp430-elf/lib/430\libcrt.a(crt_movedata.o)
 .MSP430.attributes
                0x00000325       0x17 c:/ti/ccsv8/tools/compiler/msp430-gcc-7.3.1.24_win32/bin/../lib/gcc/msp430-elf/7.3.1/../../../../msp430-elf/lib/430\libcrt.a(crt_main.o)
 .MSP430.attributes
                0x0000033c       0x17 c:/ti/ccsv8/tools/compiler/msp430-gcc-7.3.1.24_win32/bin/../lib/gcc/msp430-elf/7.3.1/../../../../msp430-elf/lib/430\libc.a(lib_a-memmove.o)
 .MSP430.attributes
                0x00000353       0x17 c:/ti/ccsv8/tools/compiler/msp430-gcc-7.3.1.24_win32/bin/../lib/gcc/msp430-elf/7.3.1/../../../../msp430-elf/lib/430\libc.a(lib_a-memset.o)
 .MSP430.attributes
                0x0000036a       0x17 c:/ti/ccsv8/tools/compiler/msp430-gcc-7.3.1.24_win32/bin/../lib/gcc/msp430-elf/7.3.1/430/crtend.o
 .MSP430.attributes
                0x00000381       0x17 c:/ti/ccsv8/tools/compiler/msp430-gcc-7.3.1.24_win32/bin/../lib/gcc/msp430-elf/7.3.1/../../../../msp430-elf/lib/430/crtn.o
 *(.gnu.attributes)
 *(__TI_build_attributes)

.stab
 *(.stab)

.stabstr
 *(.stabstr)

.stab.excl
 *(.stab.excl)

.stab.exclstr
 *(.stab.exclstr)

.stab.index
 *(.stab.index)

.stab.indexstr
 *(.stab.indexstr)

.comment        0x00000000       0x39
 *(.comment)
 .comment       0x00000000       0x39 c:/ti/ccsv8/tools/compiler/msp430-gcc-7.3.1.24_win32/bin/../lib/gcc/msp430-elf/7.3.1/430/crtbegin.o
                                 0x3a (size before relaxing)
 .comment       0x00000039       0x3a ./LCD.o
 .comment       0x00000039       0x3a ./analog_t.o
 .comment       0x00000039       0x3a ./i2c.o
 .comment       0x00000039       0x3a ./main.o
 .comment       0x00000039       0x3a ./scm.o
 .comment       0x00000039       0x3a ./spi.o
 .comment       0x00000039       0x3a c:/ti/ccsv8/tools/compiler/msp430-gcc-7.3.1.24_win32/bin/../lib/gcc/msp430-elf/7.3.1/430\libgcc.a(_addsub_sf.o)
 .comment       0x00000039       0x3a c:/ti/ccsv8/tools/compiler/msp430-gcc-7.3.1.24_win32/bin/../lib/gcc/msp430-elf/7.3.1/430\libgcc.a(_mul_sf.o)
 .comment       0x00000039       0x3a c:/ti/ccsv8/tools/compiler/msp430-gcc-7.3.1.24_win32/bin/../lib/gcc/msp430-elf/7.3.1/430\libgcc.a(_lt_sf.o)
 .comment       0x00000039       0x3a c:/ti/ccsv8/tools/compiler/msp430-gcc-7.3.1.24_win32/bin/../lib/gcc/msp430-elf/7.3.1/430\libgcc.a(_si_to_sf.o)
 .comment       0x00000039       0x3a c:/ti/ccsv8/tools/compiler/msp430-gcc-7.3.1.24_win32/bin/../lib/gcc/msp430-elf/7.3.1/430\libgcc.a(_sf_to_si.o)
 .comment       0x00000039       0x3a c:/ti/ccsv8/tools/compiler/msp430-gcc-7.3.1.24_win32/bin/../lib/gcc/msp430-elf/7.3.1/430\libgcc.a(_thenan_sf.o)
 .comment       0x00000039       0x3a c:/ti/ccsv8/tools/compiler/msp430-gcc-7.3.1.24_win32/bin/../lib/gcc/msp430-elf/7.3.1/430\libgcc.a(_usi_to_sf.o)
 .comment       0x00000039       0x3a c:/ti/ccsv8/tools/compiler/msp430-gcc-7.3.1.24_win32/bin/../lib/gcc/msp430-elf/7.3.1/430\libgcc.a(lib2divHI.o)
 .comment       0x00000039       0x3a c:/ti/ccsv8/tools/compiler/msp430-gcc-7.3.1.24_win32/bin/../lib/gcc/msp430-elf/7.3.1/430\libgcc.a(lib2divSI.o)
 .comment       0x00000039       0x3a c:/ti/ccsv8/tools/compiler/msp430-gcc-7.3.1.24_win32/bin/../lib/gcc/msp430-elf/7.3.1/430\libgcc.a(_muldi3.o)
 .comment       0x00000039       0x3a c:/ti/ccsv8/tools/compiler/msp430-gcc-7.3.1.24_win32/bin/../lib/gcc/msp430-elf/7.3.1/430\libgcc.a(_lshrdi3.o)
 .comment       0x00000039       0x3a c:/ti/ccsv8/tools/compiler/msp430-gcc-7.3.1.24_win32/bin/../lib/gcc/msp430-elf/7.3.1/430\libgcc.a(_clzsi2.o)
 .comment       0x00000039       0x3a c:/ti/ccsv8/tools/compiler/msp430-gcc-7.3.1.24_win32/bin/../lib/gcc/msp430-elf/7.3.1/430\libgcc.a(_udivdi3.o)
 .comment       0x00000039       0x3a c:/ti/ccsv8/tools/compiler/msp430-gcc-7.3.1.24_win32/bin/../lib/gcc/msp430-elf/7.3.1/430\libgcc.a(_pack_sf.o)
 .comment       0x00000039       0x3a c:/ti/ccsv8/tools/compiler/msp430-gcc-7.3.1.24_win32/bin/../lib/gcc/msp430-elf/7.3.1/430\libgcc.a(_unpack_sf.o)
 .comment       0x00000039       0x3a c:/ti/ccsv8/tools/compiler/msp430-gcc-7.3.1.24_win32/bin/../lib/gcc/msp430-elf/7.3.1/430\libgcc.a(_fpcmp_parts_sf.o)
 .comment       0x00000039       0x3a c:/ti/ccsv8/tools/compiler/msp430-gcc-7.3.1.24_win32/bin/../lib/gcc/msp430-elf/7.3.1/430\libgcc.a(_ashldi3.o)
 .comment       0x00000039       0x3a c:/ti/ccsv8/tools/compiler/msp430-gcc-7.3.1.24_win32/bin/../lib/gcc/msp430-elf/7.3.1/430\libgcc.a(_clz.o)
 .comment       0x00000039       0x3a c:/ti/ccsv8/tools/compiler/msp430-gcc-7.3.1.24_win32/bin/../lib/gcc/msp430-elf/7.3.1/430\libgcc.a(_clzdi2.o)
 .comment       0x00000039       0x3a c:/ti/ccsv8/tools/compiler/msp430-gcc-7.3.1.24_win32/bin/../lib/gcc/msp430-elf/7.3.1/../../../../msp430-elf/lib/430\libc.a(lib_a-memcpy.o)
 .comment       0x00000039       0x3a c:/ti/ccsv8/tools/compiler/msp430-gcc-7.3.1.24_win32/bin/../lib/gcc/msp430-elf/7.3.1/430\libmul_none.a(lib2_mul_none.o)
 .comment       0x00000039       0x3a c:/ti/ccsv8/tools/compiler/msp430-gcc-7.3.1.24_win32/bin/../lib/gcc/msp430-elf/7.3.1/430\libmul_none.a(mpy.o)
 .comment       0x00000039       0x3a c:/ti/ccsv8/tools/compiler/msp430-gcc-7.3.1.24_win32/bin/../lib/gcc/msp430-elf/7.3.1/../../../../msp430-elf/lib/430\libc.a(lib_a-memmove.o)
 .comment       0x00000039       0x3a c:/ti/ccsv8/tools/compiler/msp430-gcc-7.3.1.24_win32/bin/../lib/gcc/msp430-elf/7.3.1/../../../../msp430-elf/lib/430\libc.a(lib_a-memset.o)
 .comment       0x00000039       0x3a c:/ti/ccsv8/tools/compiler/msp430-gcc-7.3.1.24_win32/bin/../lib/gcc/msp430-elf/7.3.1/430/crtend.o

.debug
 *(.debug)

.line
 *(.line)

.debug_srcinfo
 *(.debug_srcinfo)

.debug_sfnames
 *(.debug_sfnames)

.debug_aranges  0x00000000       0xc0
 *(.debug_aranges)
 .debug_aranges
                0x00000000       0x20 ./LCD.o
 .debug_aranges
                0x00000020       0x20 ./analog_t.o
 .debug_aranges
                0x00000040       0x20 ./i2c.o
 .debug_aranges
                0x00000060       0x20 ./main.o
 .debug_aranges
                0x00000080       0x20 ./scm.o
 .debug_aranges
                0x000000a0       0x20 ./spi.o

.debug_pubnames
 *(.debug_pubnames)

.debug_info     0x00000000     0x2d37
 *(.debug_info .gnu.linkonce.wi.*)
 .debug_info    0x00000000      0x84f ./LCD.o
 .debug_info    0x0000084f      0x61d ./analog_t.o
 .debug_info    0x00000e6c      0x7b0 ./i2c.o
 .debug_info    0x0000161c      0x73b ./main.o
 .debug_info    0x00001d57      0x966 ./scm.o
 .debug_info    0x000026bd      0x67a ./spi.o

.debug_abbrev   0x00000000      0x717
 *(.debug_abbrev)
 .debug_abbrev  0x00000000      0x181 ./LCD.o
 .debug_abbrev  0x00000181       0xae ./analog_t.o
 .debug_abbrev  0x0000022f      0x143 ./i2c.o
 .debug_abbrev  0x00000372      0x13f ./main.o
 .debug_abbrev  0x000004b1      0x169 ./scm.o
 .debug_abbrev  0x0000061a       0xfd ./spi.o

.debug_line     0x00000000     0x1197
 *(.debug_line .debug_line.* .debug_line_end)
 .debug_line    0x00000000      0x44c ./LCD.o
 .debug_line    0x0000044c      0x186 ./analog_t.o
 .debug_line    0x000005d2      0x3c1 ./i2c.o
 .debug_line    0x00000993      0x240 ./main.o
 .debug_line    0x00000bd3      0x3d5 ./scm.o
 .debug_line    0x00000fa8      0x1ef ./spi.o

.debug_frame    0x00000000      0x4a4
 *(.debug_frame)
 .debug_frame   0x00000000      0x100 ./LCD.o
 .debug_frame   0x00000100       0x3c ./analog_t.o
 .debug_frame   0x0000013c       0xf0 ./i2c.o
 .debug_frame   0x0000022c       0x60 ./main.o
 .debug_frame   0x0000028c      0x1a8 ./scm.o
 .debug_frame   0x00000434       0x70 ./spi.o

.debug_str      0x00000000      0x7f1
 *(.debug_str)
 .debug_str     0x00000000      0x558 ./LCD.o
                                0x5b8 (size before relaxing)
 .debug_str     0x00000558       0x3f ./analog_t.o
                                0x4da (size before relaxing)
 .debug_str     0x00000597       0x83 ./i2c.o
                                0x54b (size before relaxing)
 .debug_str     0x0000061a       0x7e ./main.o
                                0x5a3 (size before relaxing)
 .debug_str     0x00000698      0x114 ./scm.o
                                0x609 (size before relaxing)
 .debug_str     0x000007ac       0x45 ./spi.o
                                0x500 (size before relaxing)

.debug_loc      0x00000000      0x6d7
 *(.debug_loc)
 .debug_loc     0x00000000      0x1a4 ./LCD.o
 .debug_loc     0x000001a4      0x14a ./i2c.o
 .debug_loc     0x000002ee       0x1e ./main.o
 .debug_loc     0x0000030c      0x3cb ./scm.o

.debug_macinfo
 *(.debug_macinfo)

.debug_weaknames
 *(.debug_weaknames)

.debug_funcnames
 *(.debug_funcnames)

.debug_typenames
 *(.debug_typenames)

.debug_varnames
 *(.debug_varnames)

/DISCARD/
 *(.note.GNU-stack)
                [!provide]                PROVIDE (IE1, 0x0)
                [!provide]                PROVIDE (IFG1, 0x2)
                [!provide]                PROVIDE (IE2, 0x1)
                0x00000003                PROVIDE (IFG2, 0x3)
                [!provide]                PROVIDE (ADC10DTC0, 0x48)
                [!provide]                PROVIDE (ADC10DTC1, 0x49)
                0x0000004a                PROVIDE (ADC10AE0, 0x4a)
                0x000001b0                PROVIDE (ADC10CTL0, 0x1b0)
                0x000001b2                PROVIDE (ADC10CTL1, 0x1b2)
                0x000001b4                PROVIDE (ADC10MEM, 0x1b4)
                [!provide]                PROVIDE (ADC10SA, 0x1bc)
                0x00000056                PROVIDE (DCOCTL, 0x56)
                0x00000057                PROVIDE (BCSCTL1, 0x57)
                [!provide]                PROVIDE (BCSCTL2, 0x58)
                [!provide]                PROVIDE (BCSCTL3, 0x53)
                [!provide]                PROVIDE (CACTL1, 0x59)
                [!provide]                PROVIDE (CACTL2, 0x5a)
                [!provide]                PROVIDE (CAPD, 0x5b)
                [!provide]                PROVIDE (FCTL1, 0x128)
                [!provide]                PROVIDE (FCTL2, 0x12a)
                [!provide]                PROVIDE (FCTL3, 0x12c)
                0x00000020                PROVIDE (P1IN, 0x20)
                0x00000021                PROVIDE (P1OUT, 0x21)
                0x00000022                PROVIDE (P1DIR, 0x22)
                [!provide]                PROVIDE (P1IFG, 0x23)
                [!provide]                PROVIDE (P1IES, 0x24)
                [!provide]                PROVIDE (P1IE, 0x25)
                0x00000026                PROVIDE (P1SEL, 0x26)
                0x00000041                PROVIDE (P1SEL2, 0x41)
                0x00000027                PROVIDE (P1REN, 0x27)
                [!provide]                PROVIDE (P2IN, 0x28)
                0x00000029                PROVIDE (P2OUT, 0x29)
                0x0000002a                PROVIDE (P2DIR, 0x2a)
                [!provide]                PROVIDE (P2IFG, 0x2b)
                [!provide]                PROVIDE (P2IES, 0x2c)
                [!provide]                PROVIDE (P2IE, 0x2d)
                [!provide]                PROVIDE (P2SEL, 0x2e)
                [!provide]                PROVIDE (P2SEL2, 0x42)
                [!provide]                PROVIDE (P2REN, 0x2f)
                [!provide]                PROVIDE (P3IN, 0x18)
                [!provide]                PROVIDE (P3OUT, 0x19)
                [!provide]                PROVIDE (P3DIR, 0x1a)
                [!provide]                PROVIDE (P3SEL, 0x1b)
                [!provide]                PROVIDE (P3SEL2, 0x43)
                [!provide]                PROVIDE (P3REN, 0x10)
                [!provide]                PROVIDE (TA0IV, 0x12e)
                [!provide]                PROVIDE (TA0CTL, 0x160)
                [!provide]                PROVIDE (TA0CCTL0, 0x162)
                [!provide]                PROVIDE (TA0CCTL1, 0x164)
                [!provide]                PROVIDE (TA0CCTL2, 0x166)
                [!provide]                PROVIDE (TA0R, 0x170)
                [!provide]                PROVIDE (TA0CCR0, 0x172)
                [!provide]                PROVIDE (TA0CCR1, 0x174)
                [!provide]                PROVIDE (TA0CCR2, 0x176)
                [!provide]                PROVIDE (TA1IV, 0x11e)
                [!provide]                PROVIDE (TA1CTL, 0x180)
                [!provide]                PROVIDE (TA1CCTL0, 0x182)
                [!provide]                PROVIDE (TA1CCTL1, 0x184)
                [!provide]                PROVIDE (TA1CCTL2, 0x186)
                [!provide]                PROVIDE (TA1R, 0x190)
                [!provide]                PROVIDE (TA1CCR0, 0x192)
                [!provide]                PROVIDE (TA1CCR1, 0x194)
                [!provide]                PROVIDE (TA1CCR2, 0x196)
                [!provide]                PROVIDE (UCA0CTL0, 0x60)
                0x00000061                PROVIDE (UCA0CTL1, 0x61)
                0x00000062                PROVIDE (UCA0BR0, 0x62)
                0x00000063                PROVIDE (UCA0BR1, 0x63)
                0x00000064                PROVIDE (UCA0MCTL, 0x64)
                [!provide]                PROVIDE (UCA0STAT, 0x65)
                0x00000066                PROVIDE (UCA0RXBUF, 0x66)
                0x00000067                PROVIDE (UCA0TXBUF, 0x67)
                [!provide]                PROVIDE (UCA0ABCTL, 0x5d)
                [!provide]                PROVIDE (UCA0IRTCTL, 0x5e)
                [!provide]                PROVIDE (UCA0IRRCTL, 0x5f)
                0x00000068                PROVIDE (UCB0CTL0, 0x68)
                0x00000069                PROVIDE (UCB0CTL1, 0x69)
                0x0000006a                PROVIDE (UCB0BR0, 0x6a)
                0x0000006b                PROVIDE (UCB0BR1, 0x6b)
                [!provide]                PROVIDE (UCB0I2CIE, 0x6c)
                [!provide]                PROVIDE (UCB0STAT, 0x6d)
                0x0000006e                PROVIDE (UCB0RXBUF, 0x6e)
                0x0000006f                PROVIDE (UCB0TXBUF, 0x6f)
                [!provide]                PROVIDE (UCB0I2COA, 0x118)
                [!provide]                PROVIDE (UCB0I2CSA, 0x11a)
                0x00000120                PROVIDE (WDTCTL, 0x120)
                [!provide]                PROVIDE (CALDCO_16MHZ, 0x10f8)
                [!provide]                PROVIDE (CALBC1_16MHZ, 0x10f9)
                [!provide]                PROVIDE (CALDCO_12MHZ, 0x10fa)
                [!provide]                PROVIDE (CALBC1_12MHZ, 0x10fb)
                [!provide]                PROVIDE (CALDCO_8MHZ, 0x10fc)
                [!provide]                PROVIDE (CALBC1_8MHZ, 0x10fd)
                0x000010fe                PROVIDE (CALDCO_1MHZ, 0x10fe)
                0x000010ff                PROVIDE (CALBC1_1MHZ, 0x10ff)
                [!provide]                PROVIDE (TLV_CHECKSUM, 0x10c0)
                [!provide]                PROVIDE (TLV_DCO_30_TAG, 0x10f6)
                [!provide]                PROVIDE (TLV_DCO_30_LEN, 0x10f7)
                [!provide]                PROVIDE (TLV_ADC10_1_TAG, 0x10da)
                [!provide]                PROVIDE (TLV_ADC10_1_LEN, 0x10db)
OUTPUT(project1.out elf32-msp430)

.debug_ranges   0x00000000       0x78
 .debug_ranges  0x00000000       0x30 ./i2c.o
 .debug_ranges  0x00000030       0x48 ./scm.o
