Archive member included to satisfy reference by file (symbol)

c:/ti/ccsv8/tools/compiler/msp430-gcc-7.3.1.24_win32/bin/../lib/gcc/msp430-elf/7.3.1/430\libgcc.a(_addsub_sf.o)
                              ./scm.o (__mspabi_addf)
c:/ti/ccsv8/tools/compiler/msp430-gcc-7.3.1.24_win32/bin/../lib/gcc/msp430-elf/7.3.1/430\libgcc.a(_mul_sf.o)
                              ./scm.o (__mspabi_mpyf)
c:/ti/ccsv8/tools/compiler/msp430-gcc-7.3.1.24_win32/bin/../lib/gcc/msp430-elf/7.3.1/430\libgcc.a(_lt_sf.o)
                              ./scm.o (__ltsf2)
c:/ti/ccsv8/tools/compiler/msp430-gcc-7.3.1.24_win32/bin/../lib/gcc/msp430-elf/7.3.1/430\libgcc.a(_si_to_sf.o)
                              ./scm.o (__mspabi_fltlif)
c:/ti/ccsv8/tools/compiler/msp430-gcc-7.3.1.24_win32/bin/../lib/gcc/msp430-elf/7.3.1/430\libgcc.a(_sf_to_si.o)
                              ./scm.o (__mspabi_fixfli)
c:/ti/ccsv8/tools/compiler/msp430-gcc-7.3.1.24_win32/bin/../lib/gcc/msp430-elf/7.3.1/430\libgcc.a(_thenan_sf.o)
                              c:/ti/ccsv8/tools/compiler/msp430-gcc-7.3.1.24_win32/bin/../lib/gcc/msp430-elf/7.3.1/430\libgcc.a(_addsub_sf.o) (__thenan_sf)
c:/ti/ccsv8/tools/compiler/msp430-gcc-7.3.1.24_win32/bin/../lib/gcc/msp430-elf/7.3.1/430\libgcc.a(_usi_to_sf.o)
                              ./scm.o (__mspabi_fltulf)
c:/ti/ccsv8/tools/compiler/msp430-gcc-7.3.1.24_win32/bin/../lib/gcc/msp430-elf/7.3.1/430\libgcc.a(_addsub_df.o)
                              ./analog_t.o (__mspabi_subd)
c:/ti/ccsv8/tools/compiler/msp430-gcc-7.3.1.24_win32/bin/../lib/gcc/msp430-elf/7.3.1/430\libgcc.a(_mul_df.o)
                              ./analog_t.o (__mspabi_mpyd)
c:/ti/ccsv8/tools/compiler/msp430-gcc-7.3.1.24_win32/bin/../lib/gcc/msp430-elf/7.3.1/430\libgcc.a(_div_df.o)
                              ./analog_t.o (__mspabi_divd)
c:/ti/ccsv8/tools/compiler/msp430-gcc-7.3.1.24_win32/bin/../lib/gcc/msp430-elf/7.3.1/430\libgcc.a(_si_to_df.o)
                              ./analog_t.o (__mspabi_fltlid)
c:/ti/ccsv8/tools/compiler/msp430-gcc-7.3.1.24_win32/bin/../lib/gcc/msp430-elf/7.3.1/430\libgcc.a(_df_to_si.o)
                              ./analog_t.o (__mspabi_fixdli)
c:/ti/ccsv8/tools/compiler/msp430-gcc-7.3.1.24_win32/bin/../lib/gcc/msp430-elf/7.3.1/430\libgcc.a(_thenan_df.o)
                              c:/ti/ccsv8/tools/compiler/msp430-gcc-7.3.1.24_win32/bin/../lib/gcc/msp430-elf/7.3.1/430\libgcc.a(_addsub_df.o) (__thenan_df)
c:/ti/ccsv8/tools/compiler/msp430-gcc-7.3.1.24_win32/bin/../lib/gcc/msp430-elf/7.3.1/430\libgcc.a(lib2divHI.o)
                              ./i2c.o (__mspabi_divu)
c:/ti/ccsv8/tools/compiler/msp430-gcc-7.3.1.24_win32/bin/../lib/gcc/msp430-elf/7.3.1/430\libgcc.a(lib2divSI.o)
                              ./scm.o (__mspabi_divli)
c:/ti/ccsv8/tools/compiler/msp430-gcc-7.3.1.24_win32/bin/../lib/gcc/msp430-elf/7.3.1/430\libgcc.a(epilogue.o)
                              ./onewire.o (__mspabi_func_epilog_7)
c:/ti/ccsv8/tools/compiler/msp430-gcc-7.3.1.24_win32/bin/../lib/gcc/msp430-elf/7.3.1/430\libgcc.a(slli.o)
                              c:/ti/ccsv8/tools/compiler/msp430-gcc-7.3.1.24_win32/bin/../lib/gcc/msp430-elf/7.3.1/430\libgcc.a(_addsub_sf.o) (__mspabi_slll)
c:/ti/ccsv8/tools/compiler/msp430-gcc-7.3.1.24_win32/bin/../lib/gcc/msp430-elf/7.3.1/430\libgcc.a(srli.o)
                              c:/ti/ccsv8/tools/compiler/msp430-gcc-7.3.1.24_win32/bin/../lib/gcc/msp430-elf/7.3.1/430/crtbegin.o (__mspabi_srli_15)
c:/ti/ccsv8/tools/compiler/msp430-gcc-7.3.1.24_win32/bin/../lib/gcc/msp430-elf/7.3.1/430\libgcc.a(_muldi3.o)
                              c:/ti/ccsv8/tools/compiler/msp430-gcc-7.3.1.24_win32/bin/../lib/gcc/msp430-elf/7.3.1/430\libgcc.a(_mul_sf.o) (__mspabi_mpyll)
c:/ti/ccsv8/tools/compiler/msp430-gcc-7.3.1.24_win32/bin/../lib/gcc/msp430-elf/7.3.1/430\libgcc.a(_lshrdi3.o)
                              c:/ti/ccsv8/tools/compiler/msp430-gcc-7.3.1.24_win32/bin/../lib/gcc/msp430-elf/7.3.1/430\libgcc.a(_mul_sf.o) (__lshrdi3)
c:/ti/ccsv8/tools/compiler/msp430-gcc-7.3.1.24_win32/bin/../lib/gcc/msp430-elf/7.3.1/430\libgcc.a(_ashldi3.o)
                              c:/ti/ccsv8/tools/compiler/msp430-gcc-7.3.1.24_win32/bin/../lib/gcc/msp430-elf/7.3.1/430\libgcc.a(_addsub_df.o) (__ashldi3)
c:/ti/ccsv8/tools/compiler/msp430-gcc-7.3.1.24_win32/bin/../lib/gcc/msp430-elf/7.3.1/430\libgcc.a(_clzsi2.o)
                              c:/ti/ccsv8/tools/compiler/msp430-gcc-7.3.1.24_win32/bin/../lib/gcc/msp430-elf/7.3.1/430\libgcc.a(_si_to_sf.o) (__clzsi2)
c:/ti/ccsv8/tools/compiler/msp430-gcc-7.3.1.24_win32/bin/../lib/gcc/msp430-elf/7.3.1/430\libgcc.a(_udivdi3.o)
                              c:/ti/ccsv8/tools/compiler/msp430-gcc-7.3.1.24_win32/bin/../lib/gcc/msp430-elf/7.3.1/430\libgcc.a(lib2divSI.o) (__mspabi_divull)
c:/ti/ccsv8/tools/compiler/msp430-gcc-7.3.1.24_win32/bin/../lib/gcc/msp430-elf/7.3.1/430\libgcc.a(_pack_sf.o)
                              c:/ti/ccsv8/tools/compiler/msp430-gcc-7.3.1.24_win32/bin/../lib/gcc/msp430-elf/7.3.1/430\libgcc.a(_addsub_sf.o) (__pack_f)
c:/ti/ccsv8/tools/compiler/msp430-gcc-7.3.1.24_win32/bin/../lib/gcc/msp430-elf/7.3.1/430\libgcc.a(_unpack_sf.o)
                              c:/ti/ccsv8/tools/compiler/msp430-gcc-7.3.1.24_win32/bin/../lib/gcc/msp430-elf/7.3.1/430\libgcc.a(_addsub_sf.o) (__unpack_f)
c:/ti/ccsv8/tools/compiler/msp430-gcc-7.3.1.24_win32/bin/../lib/gcc/msp430-elf/7.3.1/430\libgcc.a(_fpcmp_parts_sf.o)
                              c:/ti/ccsv8/tools/compiler/msp430-gcc-7.3.1.24_win32/bin/../lib/gcc/msp430-elf/7.3.1/430\libgcc.a(_lt_sf.o) (__fpcmp_parts_f)
c:/ti/ccsv8/tools/compiler/msp430-gcc-7.3.1.24_win32/bin/../lib/gcc/msp430-elf/7.3.1/430\libgcc.a(_pack_df.o)
                              c:/ti/ccsv8/tools/compiler/msp430-gcc-7.3.1.24_win32/bin/../lib/gcc/msp430-elf/7.3.1/430\libgcc.a(_addsub_df.o) (__pack_d)
c:/ti/ccsv8/tools/compiler/msp430-gcc-7.3.1.24_win32/bin/../lib/gcc/msp430-elf/7.3.1/430\libgcc.a(_unpack_df.o)
                              c:/ti/ccsv8/tools/compiler/msp430-gcc-7.3.1.24_win32/bin/../lib/gcc/msp430-elf/7.3.1/430\libgcc.a(_addsub_df.o) (__unpack_d)
c:/ti/ccsv8/tools/compiler/msp430-gcc-7.3.1.24_win32/bin/../lib/gcc/msp430-elf/7.3.1/430\libgcc.a(_clz.o)
                              c:/ti/ccsv8/tools/compiler/msp430-gcc-7.3.1.24_win32/bin/../lib/gcc/msp430-elf/7.3.1/430\libgcc.a(_clzsi2.o) (__clz_tab)
c:/ti/ccsv8/tools/compiler/msp430-gcc-7.3.1.24_win32/bin/../lib/gcc/msp430-elf/7.3.1/430\libgcc.a(_clzdi2.o)
                              c:/ti/ccsv8/tools/compiler/msp430-gcc-7.3.1.24_win32/bin/../lib/gcc/msp430-elf/7.3.1/430\libgcc.a(_udivdi3.o) (__clzdi2)
c:/ti/ccsv8/tools/compiler/msp430-gcc-7.3.1.24_win32/bin/../lib/gcc/msp430-elf/7.3.1/../../../../msp430-elf/lib/430\libc.a(lib_a-memcpy.o)
                              c:/ti/ccsv8/tools/compiler/msp430-gcc-7.3.1.24_win32/bin/../lib/gcc/msp430-elf/7.3.1/430\libgcc.a(_addsub_sf.o) (memcpy)
c:/ti/ccsv8/tools/compiler/msp430-gcc-7.3.1.24_win32/bin/../lib/gcc/msp430-elf/7.3.1/430\libmul_none.a(lib2_mul_none.o)
                              c:/ti/ccsv8/tools/compiler/msp430-gcc-7.3.1.24_win32/bin/../lib/gcc/msp430-elf/7.3.1/430\libgcc.a(_muldi3.o) (__mspabi_mpyl)
c:/ti/ccsv8/tools/compiler/msp430-gcc-7.3.1.24_win32/bin/../lib/gcc/msp430-elf/7.3.1/430\libmul_none.a(mpy.o)
                              ./i2c.o (__mspabi_mpyi)
c:/ti/ccsv8/tools/compiler/msp430-gcc-7.3.1.24_win32/bin/../lib/gcc/msp430-elf/7.3.1/../../../../msp430-elf/lib/430\libcrt.a(crt_bss.o)
                              c:/ti/ccsv8/tools/compiler/msp430-gcc-7.3.1.24_win32/bin/../lib/gcc/msp430-elf/7.3.1/430/crtbegin.o (__crt0_init_bss)
c:/ti/ccsv8/tools/compiler/msp430-gcc-7.3.1.24_win32/bin/../lib/gcc/msp430-elf/7.3.1/../../../../msp430-elf/lib/430\libcrt.a(crt_movedata.o)
                              c:/ti/ccsv8/tools/compiler/msp430-gcc-7.3.1.24_win32/bin/../lib/gcc/msp430-elf/7.3.1/430/crtbegin.o (__crt0_movedata)
c:/ti/ccsv8/tools/compiler/msp430-gcc-7.3.1.24_win32/bin/../lib/gcc/msp430-elf/7.3.1/../../../../msp430-elf/lib/430\libcrt.a(crt_main.o)
                              c:/ti/ccsv8/tools/compiler/msp430-gcc-7.3.1.24_win32/bin/../lib/gcc/msp430-elf/7.3.1/../../../../msp430-elf/lib/430/crt0.o (__crt0_call_init_then_main)
c:/ti/ccsv8/tools/compiler/msp430-gcc-7.3.1.24_win32/bin/../lib/gcc/msp430-elf/7.3.1/../../../../msp430-elf/lib/430\libc.a(lib_a-memmove.o)
                              c:/ti/ccsv8/tools/compiler/msp430-gcc-7.3.1.24_win32/bin/../lib/gcc/msp430-elf/7.3.1/../../../../msp430-elf/lib/430\libcrt.a(crt_movedata.o) (memmove)
c:/ti/ccsv8/tools/compiler/msp430-gcc-7.3.1.24_win32/bin/../lib/gcc/msp430-elf/7.3.1/../../../../msp430-elf/lib/430\libc.a(lib_a-memset.o)
                              c:/ti/ccsv8/tools/compiler/msp430-gcc-7.3.1.24_win32/bin/../lib/gcc/msp430-elf/7.3.1/../../../../msp430-elf/lib/430\libcrt.a(crt_bss.o) (memset)

Discarded input sections

 .text          0x00000000        0x0 c:/ti/ccsv8/tools/compiler/msp430-gcc-7.3.1.24_win32/bin/../lib/gcc/msp430-elf/7.3.1/../../../../msp430-elf/lib/430/crt0.o
 .data          0x00000000        0x0 c:/ti/ccsv8/tools/compiler/msp430-gcc-7.3.1.24_win32/bin/../lib/gcc/msp430-elf/7.3.1/../../../../msp430-elf/lib/430/crt0.o
 .bss           0x00000000        0x0 c:/ti/ccsv8/tools/compiler/msp430-gcc-7.3.1.24_win32/bin/../lib/gcc/msp430-elf/7.3.1/../../../../msp430-elf/lib/430/crt0.o
 .text          0x00000000        0x4 c:/ti/ccsv8/tools/compiler/msp430-gcc-7.3.1.24_win32/bin/../lib/gcc/msp430-elf/7.3.1/430/crtbegin.o
 .data          0x00000000        0x0 c:/ti/ccsv8/tools/compiler/msp430-gcc-7.3.1.24_win32/bin/../lib/gcc/msp430-elf/7.3.1/430/crtbegin.o
 .bss           0x00000000        0x0 c:/ti/ccsv8/tools/compiler/msp430-gcc-7.3.1.24_win32/bin/../lib/gcc/msp430-elf/7.3.1/430/crtbegin.o
 .data.__dso_handle
                0x00000000        0x2 c:/ti/ccsv8/tools/compiler/msp430-gcc-7.3.1.24_win32/bin/../lib/gcc/msp430-elf/7.3.1/430/crtbegin.o
 .text.call___do_global_dtors_aux
                0x00000000        0x0 c:/ti/ccsv8/tools/compiler/msp430-gcc-7.3.1.24_win32/bin/../lib/gcc/msp430-elf/7.3.1/430/crtbegin.o
 .text.call_frame_dummy
                0x00000000        0x0 c:/ti/ccsv8/tools/compiler/msp430-gcc-7.3.1.24_win32/bin/../lib/gcc/msp430-elf/7.3.1/430/crtbegin.o
 .text          0x00000000      0x2fc ./LCD.o
 .data          0x00000000        0x0 ./LCD.o
 .bss           0x00000000        0x0 ./LCD.o
 .rodata        0x00000000      0x45c ./LCD.o
 .text          0x00000000       0xc2 ./analog_t.o
 .data          0x00000000        0x0 ./analog_t.o
 .bss           0x00000000        0x0 ./analog_t.o
 .text          0x00000000      0x304 ./i2c.o
 .data          0x00000000        0x0 ./i2c.o
 .bss           0x00000000        0x0 ./i2c.o
 .rodata        0x00000000       0x19 ./i2c.o
 .data          0x00000000        0x0 ./main.o
 .bss           0x00000000        0x0 ./main.o
 .data          0x00000000        0x0 ./onewire.o
 .bss           0x00000000        0x0 ./onewire.o
 .data          0x00000000        0x0 ./scm.o
 .bss           0x00000000        0x0 ./scm.o
 .data          0x00000000        0x0 ./spi.o
 .bss           0x00000000        0x0 ./spi.o
 .text          0x00000000        0x0 c:/ti/ccsv8/tools/compiler/msp430-gcc-7.3.1.24_win32/bin/../lib/gcc/msp430-elf/7.3.1/430\libgcc.a(_addsub_sf.o)
 .data          0x00000000        0x0 c:/ti/ccsv8/tools/compiler/msp430-gcc-7.3.1.24_win32/bin/../lib/gcc/msp430-elf/7.3.1/430\libgcc.a(_addsub_sf.o)
 .bss           0x00000000        0x0 c:/ti/ccsv8/tools/compiler/msp430-gcc-7.3.1.24_win32/bin/../lib/gcc/msp430-elf/7.3.1/430\libgcc.a(_addsub_sf.o)
 .text          0x00000000        0x0 c:/ti/ccsv8/tools/compiler/msp430-gcc-7.3.1.24_win32/bin/../lib/gcc/msp430-elf/7.3.1/430\libgcc.a(_mul_sf.o)
 .data          0x00000000        0x0 c:/ti/ccsv8/tools/compiler/msp430-gcc-7.3.1.24_win32/bin/../lib/gcc/msp430-elf/7.3.1/430\libgcc.a(_mul_sf.o)
 .bss           0x00000000        0x0 c:/ti/ccsv8/tools/compiler/msp430-gcc-7.3.1.24_win32/bin/../lib/gcc/msp430-elf/7.3.1/430\libgcc.a(_mul_sf.o)
 .text          0x00000000        0x0 c:/ti/ccsv8/tools/compiler/msp430-gcc-7.3.1.24_win32/bin/../lib/gcc/msp430-elf/7.3.1/430\libgcc.a(_lt_sf.o)
 .data          0x00000000        0x0 c:/ti/ccsv8/tools/compiler/msp430-gcc-7.3.1.24_win32/bin/../lib/gcc/msp430-elf/7.3.1/430\libgcc.a(_lt_sf.o)
 .bss           0x00000000        0x0 c:/ti/ccsv8/tools/compiler/msp430-gcc-7.3.1.24_win32/bin/../lib/gcc/msp430-elf/7.3.1/430\libgcc.a(_lt_sf.o)
 .text          0x00000000        0x0 c:/ti/ccsv8/tools/compiler/msp430-gcc-7.3.1.24_win32/bin/../lib/gcc/msp430-elf/7.3.1/430\libgcc.a(_si_to_sf.o)
 .data          0x00000000        0x0 c:/ti/ccsv8/tools/compiler/msp430-gcc-7.3.1.24_win32/bin/../lib/gcc/msp430-elf/7.3.1/430\libgcc.a(_si_to_sf.o)
 .bss           0x00000000        0x0 c:/ti/ccsv8/tools/compiler/msp430-gcc-7.3.1.24_win32/bin/../lib/gcc/msp430-elf/7.3.1/430\libgcc.a(_si_to_sf.o)
 .text          0x00000000        0x0 c:/ti/ccsv8/tools/compiler/msp430-gcc-7.3.1.24_win32/bin/../lib/gcc/msp430-elf/7.3.1/430\libgcc.a(_sf_to_si.o)
 .data          0x00000000        0x0 c:/ti/ccsv8/tools/compiler/msp430-gcc-7.3.1.24_win32/bin/../lib/gcc/msp430-elf/7.3.1/430\libgcc.a(_sf_to_si.o)
 .bss           0x00000000        0x0 c:/ti/ccsv8/tools/compiler/msp430-gcc-7.3.1.24_win32/bin/../lib/gcc/msp430-elf/7.3.1/430\libgcc.a(_sf_to_si.o)
 .text          0x00000000        0x0 c:/ti/ccsv8/tools/compiler/msp430-gcc-7.3.1.24_win32/bin/../lib/gcc/msp430-elf/7.3.1/430\libgcc.a(_thenan_sf.o)
 .data          0x00000000        0x0 c:/ti/ccsv8/tools/compiler/msp430-gcc-7.3.1.24_win32/bin/../lib/gcc/msp430-elf/7.3.1/430\libgcc.a(_thenan_sf.o)
 .bss           0x00000000        0x0 c:/ti/ccsv8/tools/compiler/msp430-gcc-7.3.1.24_win32/bin/../lib/gcc/msp430-elf/7.3.1/430\libgcc.a(_thenan_sf.o)
 .text          0x00000000        0x0 c:/ti/ccsv8/tools/compiler/msp430-gcc-7.3.1.24_win32/bin/../lib/gcc/msp430-elf/7.3.1/430\libgcc.a(_usi_to_sf.o)
 .data          0x00000000        0x0 c:/ti/ccsv8/tools/compiler/msp430-gcc-7.3.1.24_win32/bin/../lib/gcc/msp430-elf/7.3.1/430\libgcc.a(_usi_to_sf.o)
 .bss           0x00000000        0x0 c:/ti/ccsv8/tools/compiler/msp430-gcc-7.3.1.24_win32/bin/../lib/gcc/msp430-elf/7.3.1/430\libgcc.a(_usi_to_sf.o)
 .text          0x00000000        0x0 c:/ti/ccsv8/tools/compiler/msp430-gcc-7.3.1.24_win32/bin/../lib/gcc/msp430-elf/7.3.1/430\libgcc.a(_addsub_df.o)
 .data          0x00000000        0x0 c:/ti/ccsv8/tools/compiler/msp430-gcc-7.3.1.24_win32/bin/../lib/gcc/msp430-elf/7.3.1/430\libgcc.a(_addsub_df.o)
 .bss           0x00000000        0x0 c:/ti/ccsv8/tools/compiler/msp430-gcc-7.3.1.24_win32/bin/../lib/gcc/msp430-elf/7.3.1/430\libgcc.a(_addsub_df.o)
 .text._fpadd_parts
                0x00000000      0x564 c:/ti/ccsv8/tools/compiler/msp430-gcc-7.3.1.24_win32/bin/../lib/gcc/msp430-elf/7.3.1/430\libgcc.a(_addsub_df.o)
 .text.__adddf3
                0x00000000       0x66 c:/ti/ccsv8/tools/compiler/msp430-gcc-7.3.1.24_win32/bin/../lib/gcc/msp430-elf/7.3.1/430\libgcc.a(_addsub_df.o)
 .text.__subdf3
                0x00000000       0x6a c:/ti/ccsv8/tools/compiler/msp430-gcc-7.3.1.24_win32/bin/../lib/gcc/msp430-elf/7.3.1/430\libgcc.a(_addsub_df.o)
 .text          0x00000000        0x0 c:/ti/ccsv8/tools/compiler/msp430-gcc-7.3.1.24_win32/bin/../lib/gcc/msp430-elf/7.3.1/430\libgcc.a(_mul_df.o)
 .data          0x00000000        0x0 c:/ti/ccsv8/tools/compiler/msp430-gcc-7.3.1.24_win32/bin/../lib/gcc/msp430-elf/7.3.1/430\libgcc.a(_mul_df.o)
 .bss           0x00000000        0x0 c:/ti/ccsv8/tools/compiler/msp430-gcc-7.3.1.24_win32/bin/../lib/gcc/msp430-elf/7.3.1/430\libgcc.a(_mul_df.o)
 .text.__muldf3
                0x00000000      0x562 c:/ti/ccsv8/tools/compiler/msp430-gcc-7.3.1.24_win32/bin/../lib/gcc/msp430-elf/7.3.1/430\libgcc.a(_mul_df.o)
 .text          0x00000000        0x0 c:/ti/ccsv8/tools/compiler/msp430-gcc-7.3.1.24_win32/bin/../lib/gcc/msp430-elf/7.3.1/430\libgcc.a(_div_df.o)
 .data          0x00000000        0x0 c:/ti/ccsv8/tools/compiler/msp430-gcc-7.3.1.24_win32/bin/../lib/gcc/msp430-elf/7.3.1/430\libgcc.a(_div_df.o)
 .bss           0x00000000        0x0 c:/ti/ccsv8/tools/compiler/msp430-gcc-7.3.1.24_win32/bin/../lib/gcc/msp430-elf/7.3.1/430\libgcc.a(_div_df.o)
 .text.__divdf3
                0x00000000      0x300 c:/ti/ccsv8/tools/compiler/msp430-gcc-7.3.1.24_win32/bin/../lib/gcc/msp430-elf/7.3.1/430\libgcc.a(_div_df.o)
 .text          0x00000000        0x0 c:/ti/ccsv8/tools/compiler/msp430-gcc-7.3.1.24_win32/bin/../lib/gcc/msp430-elf/7.3.1/430\libgcc.a(_si_to_df.o)
 .data          0x00000000        0x0 c:/ti/ccsv8/tools/compiler/msp430-gcc-7.3.1.24_win32/bin/../lib/gcc/msp430-elf/7.3.1/430\libgcc.a(_si_to_df.o)
 .bss           0x00000000        0x0 c:/ti/ccsv8/tools/compiler/msp430-gcc-7.3.1.24_win32/bin/../lib/gcc/msp430-elf/7.3.1/430\libgcc.a(_si_to_df.o)
 .text.__floatsidf
                0x00000000       0xaa c:/ti/ccsv8/tools/compiler/msp430-gcc-7.3.1.24_win32/bin/../lib/gcc/msp430-elf/7.3.1/430\libgcc.a(_si_to_df.o)
 .text          0x00000000        0x0 c:/ti/ccsv8/tools/compiler/msp430-gcc-7.3.1.24_win32/bin/../lib/gcc/msp430-elf/7.3.1/430\libgcc.a(_df_to_si.o)
 .data          0x00000000        0x0 c:/ti/ccsv8/tools/compiler/msp430-gcc-7.3.1.24_win32/bin/../lib/gcc/msp430-elf/7.3.1/430\libgcc.a(_df_to_si.o)
 .bss           0x00000000        0x0 c:/ti/ccsv8/tools/compiler/msp430-gcc-7.3.1.24_win32/bin/../lib/gcc/msp430-elf/7.3.1/430\libgcc.a(_df_to_si.o)
 .text.__fixdfsi
                0x00000000       0xa6 c:/ti/ccsv8/tools/compiler/msp430-gcc-7.3.1.24_win32/bin/../lib/gcc/msp430-elf/7.3.1/430\libgcc.a(_df_to_si.o)
 .text          0x00000000        0x0 c:/ti/ccsv8/tools/compiler/msp430-gcc-7.3.1.24_win32/bin/../lib/gcc/msp430-elf/7.3.1/430\libgcc.a(_thenan_df.o)
 .data          0x00000000        0x0 c:/ti/ccsv8/tools/compiler/msp430-gcc-7.3.1.24_win32/bin/../lib/gcc/msp430-elf/7.3.1/430\libgcc.a(_thenan_df.o)
 .bss           0x00000000        0x0 c:/ti/ccsv8/tools/compiler/msp430-gcc-7.3.1.24_win32/bin/../lib/gcc/msp430-elf/7.3.1/430\libgcc.a(_thenan_df.o)
 .rodata.__thenan_df
                0x00000000        0xe c:/ti/ccsv8/tools/compiler/msp430-gcc-7.3.1.24_win32/bin/../lib/gcc/msp430-elf/7.3.1/430\libgcc.a(_thenan_df.o)
 .text          0x00000000        0x0 c:/ti/ccsv8/tools/compiler/msp430-gcc-7.3.1.24_win32/bin/../lib/gcc/msp430-elf/7.3.1/430\libgcc.a(lib2divHI.o)
 .data          0x00000000        0x0 c:/ti/ccsv8/tools/compiler/msp430-gcc-7.3.1.24_win32/bin/../lib/gcc/msp430-elf/7.3.1/430\libgcc.a(lib2divHI.o)
 .bss           0x00000000        0x0 c:/ti/ccsv8/tools/compiler/msp430-gcc-7.3.1.24_win32/bin/../lib/gcc/msp430-elf/7.3.1/430\libgcc.a(lib2divHI.o)
 .text.__divhi3
                0x00000000       0x4c c:/ti/ccsv8/tools/compiler/msp430-gcc-7.3.1.24_win32/bin/../lib/gcc/msp430-elf/7.3.1/430\libgcc.a(lib2divHI.o)
 .text.__modhi3
                0x00000000       0x32 c:/ti/ccsv8/tools/compiler/msp430-gcc-7.3.1.24_win32/bin/../lib/gcc/msp430-elf/7.3.1/430\libgcc.a(lib2divHI.o)
 .text.__umodhi3
                0x00000000        0x8 c:/ti/ccsv8/tools/compiler/msp430-gcc-7.3.1.24_win32/bin/../lib/gcc/msp430-elf/7.3.1/430\libgcc.a(lib2divHI.o)
 .text          0x00000000        0x4 c:/ti/ccsv8/tools/compiler/msp430-gcc-7.3.1.24_win32/bin/../lib/gcc/msp430-elf/7.3.1/430\libgcc.a(lib2divSI.o)
 .data          0x00000000        0x0 c:/ti/ccsv8/tools/compiler/msp430-gcc-7.3.1.24_win32/bin/../lib/gcc/msp430-elf/7.3.1/430\libgcc.a(lib2divSI.o)
 .bss           0x00000000        0x0 c:/ti/ccsv8/tools/compiler/msp430-gcc-7.3.1.24_win32/bin/../lib/gcc/msp430-elf/7.3.1/430\libgcc.a(lib2divSI.o)
 .text.__modsi3
                0x00000000       0x60 c:/ti/ccsv8/tools/compiler/msp430-gcc-7.3.1.24_win32/bin/../lib/gcc/msp430-elf/7.3.1/430\libgcc.a(lib2divSI.o)
 .text.__udivsi3
                0x00000000        0xe c:/ti/ccsv8/tools/compiler/msp430-gcc-7.3.1.24_win32/bin/../lib/gcc/msp430-elf/7.3.1/430\libgcc.a(lib2divSI.o)
 .text.__umodsi3
                0x00000000        0xe c:/ti/ccsv8/tools/compiler/msp430-gcc-7.3.1.24_win32/bin/../lib/gcc/msp430-elf/7.3.1/430\libgcc.a(lib2divSI.o)
 .data          0x00000000        0x0 c:/ti/ccsv8/tools/compiler/msp430-gcc-7.3.1.24_win32/bin/../lib/gcc/msp430-elf/7.3.1/430\libgcc.a(epilogue.o)
 .bss           0x00000000        0x0 c:/ti/ccsv8/tools/compiler/msp430-gcc-7.3.1.24_win32/bin/../lib/gcc/msp430-elf/7.3.1/430\libgcc.a(epilogue.o)
 .data          0x00000000        0x0 c:/ti/ccsv8/tools/compiler/msp430-gcc-7.3.1.24_win32/bin/../lib/gcc/msp430-elf/7.3.1/430\libgcc.a(slli.o)
 .bss           0x00000000        0x0 c:/ti/ccsv8/tools/compiler/msp430-gcc-7.3.1.24_win32/bin/../lib/gcc/msp430-elf/7.3.1/430\libgcc.a(slli.o)
 .data          0x00000000        0x0 c:/ti/ccsv8/tools/compiler/msp430-gcc-7.3.1.24_win32/bin/../lib/gcc/msp430-elf/7.3.1/430\libgcc.a(srli.o)
 .bss           0x00000000        0x0 c:/ti/ccsv8/tools/compiler/msp430-gcc-7.3.1.24_win32/bin/../lib/gcc/msp430-elf/7.3.1/430\libgcc.a(srli.o)
 .text          0x00000000        0x0 c:/ti/ccsv8/tools/compiler/msp430-gcc-7.3.1.24_win32/bin/../lib/gcc/msp430-elf/7.3.1/430\libgcc.a(_muldi3.o)
 .data          0x00000000        0x0 c:/ti/ccsv8/tools/compiler/msp430-gcc-7.3.1.24_win32/bin/../lib/gcc/msp430-elf/7.3.1/430\libgcc.a(_muldi3.o)
 .bss           0x00000000        0x0 c:/ti/ccsv8/tools/compiler/msp430-gcc-7.3.1.24_win32/bin/../lib/gcc/msp430-elf/7.3.1/430\libgcc.a(_muldi3.o)
 .text          0x00000000        0x0 c:/ti/ccsv8/tools/compiler/msp430-gcc-7.3.1.24_win32/bin/../lib/gcc/msp430-elf/7.3.1/430\libgcc.a(_lshrdi3.o)
 .data          0x00000000        0x0 c:/ti/ccsv8/tools/compiler/msp430-gcc-7.3.1.24_win32/bin/../lib/gcc/msp430-elf/7.3.1/430\libgcc.a(_lshrdi3.o)
 .bss           0x00000000        0x0 c:/ti/ccsv8/tools/compiler/msp430-gcc-7.3.1.24_win32/bin/../lib/gcc/msp430-elf/7.3.1/430\libgcc.a(_lshrdi3.o)
 .text          0x00000000        0x0 c:/ti/ccsv8/tools/compiler/msp430-gcc-7.3.1.24_win32/bin/../lib/gcc/msp430-elf/7.3.1/430\libgcc.a(_ashldi3.o)
 .data          0x00000000        0x0 c:/ti/ccsv8/tools/compiler/msp430-gcc-7.3.1.24_win32/bin/../lib/gcc/msp430-elf/7.3.1/430\libgcc.a(_ashldi3.o)
 .bss           0x00000000        0x0 c:/ti/ccsv8/tools/compiler/msp430-gcc-7.3.1.24_win32/bin/../lib/gcc/msp430-elf/7.3.1/430\libgcc.a(_ashldi3.o)
 .text.__ashldi3
                0x00000000       0x7e c:/ti/ccsv8/tools/compiler/msp430-gcc-7.3.1.24_win32/bin/../lib/gcc/msp430-elf/7.3.1/430\libgcc.a(_ashldi3.o)
 .text          0x00000000        0x0 c:/ti/ccsv8/tools/compiler/msp430-gcc-7.3.1.24_win32/bin/../lib/gcc/msp430-elf/7.3.1/430\libgcc.a(_clzsi2.o)
 .data          0x00000000        0x0 c:/ti/ccsv8/tools/compiler/msp430-gcc-7.3.1.24_win32/bin/../lib/gcc/msp430-elf/7.3.1/430\libgcc.a(_clzsi2.o)
 .bss           0x00000000        0x0 c:/ti/ccsv8/tools/compiler/msp430-gcc-7.3.1.24_win32/bin/../lib/gcc/msp430-elf/7.3.1/430\libgcc.a(_clzsi2.o)
 .text          0x00000000        0x0 c:/ti/ccsv8/tools/compiler/msp430-gcc-7.3.1.24_win32/bin/../lib/gcc/msp430-elf/7.3.1/430\libgcc.a(_udivdi3.o)
 .data          0x00000000        0x0 c:/ti/ccsv8/tools/compiler/msp430-gcc-7.3.1.24_win32/bin/../lib/gcc/msp430-elf/7.3.1/430\libgcc.a(_udivdi3.o)
 .bss           0x00000000        0x0 c:/ti/ccsv8/tools/compiler/msp430-gcc-7.3.1.24_win32/bin/../lib/gcc/msp430-elf/7.3.1/430\libgcc.a(_udivdi3.o)
 .text.__udivdi3
                0x00000000      0x3f2 c:/ti/ccsv8/tools/compiler/msp430-gcc-7.3.1.24_win32/bin/../lib/gcc/msp430-elf/7.3.1/430\libgcc.a(_udivdi3.o)
 .text          0x00000000        0x0 c:/ti/ccsv8/tools/compiler/msp430-gcc-7.3.1.24_win32/bin/../lib/gcc/msp430-elf/7.3.1/430\libgcc.a(_pack_sf.o)
 .data          0x00000000        0x0 c:/ti/ccsv8/tools/compiler/msp430-gcc-7.3.1.24_win32/bin/../lib/gcc/msp430-elf/7.3.1/430\libgcc.a(_pack_sf.o)
 .bss           0x00000000        0x0 c:/ti/ccsv8/tools/compiler/msp430-gcc-7.3.1.24_win32/bin/../lib/gcc/msp430-elf/7.3.1/430\libgcc.a(_pack_sf.o)
 .text          0x00000000        0x0 c:/ti/ccsv8/tools/compiler/msp430-gcc-7.3.1.24_win32/bin/../lib/gcc/msp430-elf/7.3.1/430\libgcc.a(_unpack_sf.o)
 .data          0x00000000        0x0 c:/ti/ccsv8/tools/compiler/msp430-gcc-7.3.1.24_win32/bin/../lib/gcc/msp430-elf/7.3.1/430\libgcc.a(_unpack_sf.o)
 .bss           0x00000000        0x0 c:/ti/ccsv8/tools/compiler/msp430-gcc-7.3.1.24_win32/bin/../lib/gcc/msp430-elf/7.3.1/430\libgcc.a(_unpack_sf.o)
 .text          0x00000000        0x0 c:/ti/ccsv8/tools/compiler/msp430-gcc-7.3.1.24_win32/bin/../lib/gcc/msp430-elf/7.3.1/430\libgcc.a(_fpcmp_parts_sf.o)
 .data          0x00000000        0x0 c:/ti/ccsv8/tools/compiler/msp430-gcc-7.3.1.24_win32/bin/../lib/gcc/msp430-elf/7.3.1/430\libgcc.a(_fpcmp_parts_sf.o)
 .bss           0x00000000        0x0 c:/ti/ccsv8/tools/compiler/msp430-gcc-7.3.1.24_win32/bin/../lib/gcc/msp430-elf/7.3.1/430\libgcc.a(_fpcmp_parts_sf.o)
 .text          0x00000000        0x0 c:/ti/ccsv8/tools/compiler/msp430-gcc-7.3.1.24_win32/bin/../lib/gcc/msp430-elf/7.3.1/430\libgcc.a(_pack_df.o)
 .data          0x00000000        0x0 c:/ti/ccsv8/tools/compiler/msp430-gcc-7.3.1.24_win32/bin/../lib/gcc/msp430-elf/7.3.1/430\libgcc.a(_pack_df.o)
 .bss           0x00000000        0x0 c:/ti/ccsv8/tools/compiler/msp430-gcc-7.3.1.24_win32/bin/../lib/gcc/msp430-elf/7.3.1/430\libgcc.a(_pack_df.o)
 .text.__pack_d
                0x00000000      0x2ec c:/ti/ccsv8/tools/compiler/msp430-gcc-7.3.1.24_win32/bin/../lib/gcc/msp430-elf/7.3.1/430\libgcc.a(_pack_df.o)
 .text          0x00000000        0x0 c:/ti/ccsv8/tools/compiler/msp430-gcc-7.3.1.24_win32/bin/../lib/gcc/msp430-elf/7.3.1/430\libgcc.a(_unpack_df.o)
 .data          0x00000000        0x0 c:/ti/ccsv8/tools/compiler/msp430-gcc-7.3.1.24_win32/bin/../lib/gcc/msp430-elf/7.3.1/430\libgcc.a(_unpack_df.o)
 .bss           0x00000000        0x0 c:/ti/ccsv8/tools/compiler/msp430-gcc-7.3.1.24_win32/bin/../lib/gcc/msp430-elf/7.3.1/430\libgcc.a(_unpack_df.o)
 .text.__unpack_d
                0x00000000      0x782 c:/ti/ccsv8/tools/compiler/msp430-gcc-7.3.1.24_win32/bin/../lib/gcc/msp430-elf/7.3.1/430\libgcc.a(_unpack_df.o)
 .text          0x00000000        0x0 c:/ti/ccsv8/tools/compiler/msp430-gcc-7.3.1.24_win32/bin/../lib/gcc/msp430-elf/7.3.1/430\libgcc.a(_clz.o)
 .data          0x00000000        0x0 c:/ti/ccsv8/tools/compiler/msp430-gcc-7.3.1.24_win32/bin/../lib/gcc/msp430-elf/7.3.1/430\libgcc.a(_clz.o)
 .bss           0x00000000        0x0 c:/ti/ccsv8/tools/compiler/msp430-gcc-7.3.1.24_win32/bin/../lib/gcc/msp430-elf/7.3.1/430\libgcc.a(_clz.o)
 .text          0x00000000        0x0 c:/ti/ccsv8/tools/compiler/msp430-gcc-7.3.1.24_win32/bin/../lib/gcc/msp430-elf/7.3.1/430\libgcc.a(_clzdi2.o)
 .data          0x00000000        0x0 c:/ti/ccsv8/tools/compiler/msp430-gcc-7.3.1.24_win32/bin/../lib/gcc/msp430-elf/7.3.1/430\libgcc.a(_clzdi2.o)
 .bss           0x00000000        0x0 c:/ti/ccsv8/tools/compiler/msp430-gcc-7.3.1.24_win32/bin/../lib/gcc/msp430-elf/7.3.1/430\libgcc.a(_clzdi2.o)
 .text.__clzdi2
                0x00000000       0x68 c:/ti/ccsv8/tools/compiler/msp430-gcc-7.3.1.24_win32/bin/../lib/gcc/msp430-elf/7.3.1/430\libgcc.a(_clzdi2.o)
 .text          0x00000000        0x0 c:/ti/ccsv8/tools/compiler/msp430-gcc-7.3.1.24_win32/bin/../lib/gcc/msp430-elf/7.3.1/../../../../msp430-elf/lib/430\libc.a(lib_a-memcpy.o)
 .data          0x00000000        0x0 c:/ti/ccsv8/tools/compiler/msp430-gcc-7.3.1.24_win32/bin/../lib/gcc/msp430-elf/7.3.1/../../../../msp430-elf/lib/430\libc.a(lib_a-memcpy.o)
 .bss           0x00000000        0x0 c:/ti/ccsv8/tools/compiler/msp430-gcc-7.3.1.24_win32/bin/../lib/gcc/msp430-elf/7.3.1/../../../../msp430-elf/lib/430\libc.a(lib_a-memcpy.o)
 .text          0x00000000        0x0 c:/ti/ccsv8/tools/compiler/msp430-gcc-7.3.1.24_win32/bin/../lib/gcc/msp430-elf/7.3.1/430\libmul_none.a(lib2_mul_none.o)
 .data          0x00000000        0x0 c:/ti/ccsv8/tools/compiler/msp430-gcc-7.3.1.24_win32/bin/../lib/gcc/msp430-elf/7.3.1/430\libmul_none.a(lib2_mul_none.o)
 .bss           0x00000000        0x0 c:/ti/ccsv8/tools/compiler/msp430-gcc-7.3.1.24_win32/bin/../lib/gcc/msp430-elf/7.3.1/430\libmul_none.a(lib2_mul_none.o)
 .text          0x00000000        0x0 c:/ti/ccsv8/tools/compiler/msp430-gcc-7.3.1.24_win32/bin/../lib/gcc/msp430-elf/7.3.1/430\libmul_none.a(mpy.o)
 .data          0x00000000        0x0 c:/ti/ccsv8/tools/compiler/msp430-gcc-7.3.1.24_win32/bin/../lib/gcc/msp430-elf/7.3.1/430\libmul_none.a(mpy.o)
 .bss           0x00000000        0x0 c:/ti/ccsv8/tools/compiler/msp430-gcc-7.3.1.24_win32/bin/../lib/gcc/msp430-elf/7.3.1/430\libmul_none.a(mpy.o)
 .text          0x00000000        0x0 c:/ti/ccsv8/tools/compiler/msp430-gcc-7.3.1.24_win32/bin/../lib/gcc/msp430-elf/7.3.1/../../../../msp430-elf/lib/430\libcrt.a(crt_bss.o)
 .data          0x00000000        0x0 c:/ti/ccsv8/tools/compiler/msp430-gcc-7.3.1.24_win32/bin/../lib/gcc/msp430-elf/7.3.1/../../../../msp430-elf/lib/430\libcrt.a(crt_bss.o)
 .bss           0x00000000        0x0 c:/ti/ccsv8/tools/compiler/msp430-gcc-7.3.1.24_win32/bin/../lib/gcc/msp430-elf/7.3.1/../../../../msp430-elf/lib/430\libcrt.a(crt_bss.o)
 .text          0x00000000        0x0 c:/ti/ccsv8/tools/compiler/msp430-gcc-7.3.1.24_win32/bin/../lib/gcc/msp430-elf/7.3.1/../../../../msp430-elf/lib/430\libcrt.a(crt_movedata.o)
 .data          0x00000000        0x0 c:/ti/ccsv8/tools/compiler/msp430-gcc-7.3.1.24_win32/bin/../lib/gcc/msp430-elf/7.3.1/../../../../msp430-elf/lib/430\libcrt.a(crt_movedata.o)
 .bss           0x00000000        0x0 c:/ti/ccsv8/tools/compiler/msp430-gcc-7.3.1.24_win32/bin/../lib/gcc/msp430-elf/7.3.1/../../../../msp430-elf/lib/430\libcrt.a(crt_movedata.o)
 .text          0x00000000        0x0 c:/ti/ccsv8/tools/compiler/msp430-gcc-7.3.1.24_win32/bin/../lib/gcc/msp430-elf/7.3.1/../../../../msp430-elf/lib/430\libcrt.a(crt_main.o)
 .data          0x00000000        0x0 c:/ti/ccsv8/tools/compiler/msp430-gcc-7.3.1.24_win32/bin/../lib/gcc/msp430-elf/7.3.1/../../../../msp430-elf/lib/430\libcrt.a(crt_main.o)
 .bss           0x00000000        0x0 c:/ti/ccsv8/tools/compiler/msp430-gcc-7.3.1.24_win32/bin/../lib/gcc/msp430-elf/7.3.1/../../../../msp430-elf/lib/430\libcrt.a(crt_main.o)
 .text          0x00000000        0x0 c:/ti/ccsv8/tools/compiler/msp430-gcc-7.3.1.24_win32/bin/../lib/gcc/msp430-elf/7.3.1/../../../../msp430-elf/lib/430\libc.a(lib_a-memmove.o)
 .data          0x00000000        0x0 c:/ti/ccsv8/tools/compiler/msp430-gcc-7.3.1.24_win32/bin/../lib/gcc/msp430-elf/7.3.1/../../../../msp430-elf/lib/430\libc.a(lib_a-memmove.o)
 .bss           0x00000000        0x0 c:/ti/ccsv8/tools/compiler/msp430-gcc-7.3.1.24_win32/bin/../lib/gcc/msp430-elf/7.3.1/../../../../msp430-elf/lib/430\libc.a(lib_a-memmove.o)
 .text          0x00000000        0x0 c:/ti/ccsv8/tools/compiler/msp430-gcc-7.3.1.24_win32/bin/../lib/gcc/msp430-elf/7.3.1/../../../../msp430-elf/lib/430\libc.a(lib_a-memset.o)
 .data          0x00000000        0x0 c:/ti/ccsv8/tools/compiler/msp430-gcc-7.3.1.24_win32/bin/../lib/gcc/msp430-elf/7.3.1/../../../../msp430-elf/lib/430\libc.a(lib_a-memset.o)
 .bss           0x00000000        0x0 c:/ti/ccsv8/tools/compiler/msp430-gcc-7.3.1.24_win32/bin/../lib/gcc/msp430-elf/7.3.1/../../../../msp430-elf/lib/430\libc.a(lib_a-memset.o)
 .text          0x00000000        0x2 c:/ti/ccsv8/tools/compiler/msp430-gcc-7.3.1.24_win32/bin/../lib/gcc/msp430-elf/7.3.1/430/crtend.o
 .data          0x00000000        0x0 c:/ti/ccsv8/tools/compiler/msp430-gcc-7.3.1.24_win32/bin/../lib/gcc/msp430-elf/7.3.1/430/crtend.o
 .bss           0x00000000        0x0 c:/ti/ccsv8/tools/compiler/msp430-gcc-7.3.1.24_win32/bin/../lib/gcc/msp430-elf/7.3.1/430/crtend.o
 .text.call___do_global_ctors_aux
                0x00000000        0x0 c:/ti/ccsv8/tools/compiler/msp430-gcc-7.3.1.24_win32/bin/../lib/gcc/msp430-elf/7.3.1/430/crtend.o
 .text          0x00000000        0x0 c:/ti/ccsv8/tools/compiler/msp430-gcc-7.3.1.24_win32/bin/../lib/gcc/msp430-elf/7.3.1/../../../../msp430-elf/lib/430/crtn.o
 .data          0x00000000        0x0 c:/ti/ccsv8/tools/compiler/msp430-gcc-7.3.1.24_win32/bin/../lib/gcc/msp430-elf/7.3.1/../../../../msp430-elf/lib/430/crtn.o
 .bss           0x00000000        0x0 c:/ti/ccsv8/tools/compiler/msp430-gcc-7.3.1.24_win32/bin/../lib/gcc/msp430-elf/7.3.1/../../../../msp430-elf/lib/430/crtn.o

Memory Configuration

Name             Origin             Length             Attributes
SFR              0x00000000         0x00000010
RAM              0x00000200         0x00000200
INFOMEM          0x00001000         0x00000100
INFOA            0x000010c0         0x00000040
INFOB            0x00001080         0x00000040
INFOC            0x00001040         0x00000040
INFOD            0x00001000         0x00000040
ROM              0x0000c000         0x00003fde         xr
BSLSIGNATURE     0x0000ffde         0x00000002
VECT1            0x0000ffe0         0x00000002
VECT2            0x0000ffe2         0x00000002
VECT3            0x0000ffe4         0x00000002
VECT4            0x0000ffe6         0x00000002
VECT5            0x0000ffe8         0x00000002
VECT6            0x0000ffea         0x00000002
VECT7            0x0000ffec         0x00000002
VECT8            0x0000ffee         0x00000002
VECT9            0x0000fff0         0x00000002
VECT10           0x0000fff2         0x00000002
VECT11           0x0000fff4         0x00000002
VECT12           0x0000fff6         0x00000002
VECT13           0x0000fff8         0x00000002
VECT14           0x0000fffa         0x00000002
VECT15           0x0000fffc         0x00000002
RESETVEC         0x0000fffe         0x00000002
*default*        0x00000000         0xffffffff

Linker script and memory map

LOAD c:/ti/ccsv8/tools/compiler/msp430-gcc-7.3.1.24_win32/bin/../lib/gcc/msp430-elf/7.3.1/../../../../msp430-elf/lib/430/crt0.o
LOAD c:/ti/ccsv8/tools/compiler/msp430-gcc-7.3.1.24_win32/bin/../lib/gcc/msp430-elf/7.3.1/430/crtbegin.o
LOAD ./LCD.o
LOAD ./analog_t.o
LOAD ./i2c.o
LOAD ./main.o
LOAD ./onewire.o
LOAD ./scm.o
LOAD ./spi.o
START GROUP
LOAD c:/ti/ccsv8/tools/compiler/msp430-gcc-7.3.1.24_win32/bin/../lib/gcc/msp430-elf/7.3.1/430\libgcc.a
LOAD c:/ti/ccsv8/tools/compiler/msp430-gcc-7.3.1.24_win32/bin/../lib/gcc/msp430-elf/7.3.1/../../../../msp430-elf/lib/430\libc.a
END GROUP
LOAD c:/ti/ccsv8/tools/compiler/msp430-gcc-7.3.1.24_win32/bin/../lib/gcc/msp430-elf/7.3.1/430\libgcc.a
START GROUP
LOAD c:/ti/ccsv8/tools/compiler/msp430-gcc-7.3.1.24_win32/bin/../lib/gcc/msp430-elf/7.3.1/430\libmul_none.a
LOAD c:/ti/ccsv8/tools/compiler/msp430-gcc-7.3.1.24_win32/bin/../lib/gcc/msp430-elf/7.3.1/../../../../msp430-elf/lib/430\libc.a
LOAD c:/ti/ccsv8/tools/compiler/msp430-gcc-7.3.1.24_win32/bin/../lib/gcc/msp430-elf/7.3.1/430\libgcc.a
LOAD c:/ti/ccsv8/tools/compiler/msp430-gcc-7.3.1.24_win32/bin/../lib/gcc/msp430-elf/7.3.1/../../../../msp430-elf/lib/430\libcrt.a
LOAD c:/ti/ccsv8/tools/compiler/msp430-gcc-7.3.1.24_win32/bin/../lib/gcc/msp430-elf/7.3.1/../../../../msp430-elf/lib/430\libnosys.a
END GROUP
LOAD c:/ti/ccsv8/tools/compiler/msp430-gcc-7.3.1.24_win32/bin/../lib/gcc/msp430-elf/7.3.1/430\libgcc.a
LOAD c:/ti/ccsv8/tools/compiler/msp430-gcc-7.3.1.24_win32/bin/../lib/gcc/msp430-elf/7.3.1/430/crtend.o
LOAD c:/ti/ccsv8/tools/compiler/msp430-gcc-7.3.1.24_win32/bin/../lib/gcc/msp430-elf/7.3.1/../../../../msp430-elf/lib/430/crtn.o
LOAD c:/ti/ccsv8/tools/compiler/msp430-gcc-7.3.1.24_win32/bin/../lib/gcc/msp430-elf/7.3.1/430\libgcc.a

.bslsignature

__interrupt_vector_1
 *(__interrupt_vector_1)
 *(__interrupt_vector_trapint)

__interrupt_vector_2
 *(__interrupt_vector_2)

__interrupt_vector_3
 *(__interrupt_vector_3)
 *(__interrupt_vector_port1)

__interrupt_vector_4
 *(__interrupt_vector_4)
 *(__interrupt_vector_port2)

__interrupt_vector_5
 *(__interrupt_vector_5)

__interrupt_vector_6
 *(__interrupt_vector_6)
 *(__interrupt_vector_adc10)

__interrupt_vector_7
 *(__interrupt_vector_7)
 *(__interrupt_vector_usciab0tx)

__interrupt_vector_8
 *(__interrupt_vector_8)
 *(__interrupt_vector_usciab0rx)

__interrupt_vector_9
 *(__interrupt_vector_9)
 *(__interrupt_vector_timer0_a1)

__interrupt_vector_10
 *(__interrupt_vector_10)
 *(__interrupt_vector_timer0_a0)

__interrupt_vector_11
 *(__interrupt_vector_11)
 *(__interrupt_vector_wdt)

__interrupt_vector_12
 *(__interrupt_vector_12)
 *(__interrupt_vector_comparatora)

__interrupt_vector_13
 *(__interrupt_vector_13)
 *(__interrupt_vector_timer1_a1)

__interrupt_vector_14
 *(__interrupt_vector_14)
 *(__interrupt_vector_timer1_a0)

__interrupt_vector_15
 *(__interrupt_vector_15)
 *(__interrupt_vector_nmi)

__reset_vector  0x0000fffe        0x2
 *(__interrupt_vector_16)
 *(__interrupt_vector_reset)
 *(.resetvec)
 .resetvec      0x0000fffe        0x2 c:/ti/ccsv8/tools/compiler/msp430-gcc-7.3.1.24_win32/bin/../lib/gcc/msp430-elf/7.3.1/../../../../msp430-elf/lib/430/crt0.o

.rodata         0x0000c000      0x11c
                0x0000c000                . = ALIGN (0x2)
 *(.plt)
 *(.rodata .rodata.* .gnu.linkonce.r.* .const .const:*)
 .rodata        0x0000c000        0xe ./main.o
 .rodata        0x0000c00e        0x3 ./spi.o
 *fill*         0x0000c011        0x1 
 .rodata.__thenan_sf
                0x0000c012        0xa c:/ti/ccsv8/tools/compiler/msp430-gcc-7.3.1.24_win32/bin/../lib/gcc/msp430-elf/7.3.1/430\libgcc.a(_thenan_sf.o)
                0x0000c012                __thenan_sf
 .rodata.__clz_tab
                0x0000c01c      0x100 c:/ti/ccsv8/tools/compiler/msp430-gcc-7.3.1.24_win32/bin/../lib/gcc/msp430-elf/7.3.1/430\libgcc.a(_clz.o)
                0x0000c01c                __clz_tab
 *(.rodata1)
 *(.gcc_except_table)
 *(.gcc_except_table.*)
                0x0000c11c                PROVIDE (__preinit_array_start, .)
 *(.preinit_array)
                0x0000c11c                PROVIDE (__preinit_array_end, .)
                0x0000c11c                PROVIDE (__init_array_start, .)
 *(SORT(.init_array.*))
 *(.init_array)
                0x0000c11c                PROVIDE (__init_array_end, .)
                0x0000c11c                PROVIDE (__fini_array_start, .)
 *(.fini_array)
 *(SORT(.fini_array.*))
                0x0000c11c                PROVIDE (__fini_array_end, .)

.rodata2        0x0000c11c       0x7c
                0x0000c11c                . = ALIGN (0x2)
 *(.eh_frame_hdr)
 *(.eh_frame)
 .eh_frame      0x0000c11c        0x0 c:/ti/ccsv8/tools/compiler/msp430-gcc-7.3.1.24_win32/bin/../lib/gcc/msp430-elf/7.3.1/430/crtbegin.o
 .eh_frame      0x0000c11c       0x6e c:/ti/ccsv8/tools/compiler/msp430-gcc-7.3.1.24_win32/bin/../lib/gcc/msp430-elf/7.3.1/430\libgcc.a(_udivdi3.o)
 *fill*         0x0000c18a        0x2 
 .eh_frame      0x0000c18c        0x4 c:/ti/ccsv8/tools/compiler/msp430-gcc-7.3.1.24_win32/bin/../lib/gcc/msp430-elf/7.3.1/430/crtend.o
 *crtbegin*.o(.ctors)
 .ctors         0x0000c190        0x2 c:/ti/ccsv8/tools/compiler/msp430-gcc-7.3.1.24_win32/bin/../lib/gcc/msp430-elf/7.3.1/430/crtbegin.o
 *(EXCLUDE_FILE(*crtend*.o) .ctors)
 *(SORT(.ctors.*))
 *(.ctors)
 .ctors         0x0000c192        0x2 c:/ti/ccsv8/tools/compiler/msp430-gcc-7.3.1.24_win32/bin/../lib/gcc/msp430-elf/7.3.1/430/crtend.o
 *crtbegin*.o(.dtors)
 .dtors         0x0000c194        0x2 c:/ti/ccsv8/tools/compiler/msp430-gcc-7.3.1.24_win32/bin/../lib/gcc/msp430-elf/7.3.1/430/crtbegin.o
 *(EXCLUDE_FILE(*crtend*.o) .dtors)
 *(SORT(.dtors.*))
 *(.dtors)
 .dtors         0x0000c196        0x2 c:/ti/ccsv8/tools/compiler/msp430-gcc-7.3.1.24_win32/bin/../lib/gcc/msp430-elf/7.3.1/430/crtend.o
                0x0000c196                __DTOR_END__

.text           0x0000c198     0x1b1c
                0x0000c198                . = ALIGN (0x2)
                0x0000c198                PROVIDE (_start, .)
 *(SORT(.crt_*))
 .crt_0000start
                0x0000c198        0x4 c:/ti/ccsv8/tools/compiler/msp430-gcc-7.3.1.24_win32/bin/../lib/gcc/msp430-elf/7.3.1/../../../../msp430-elf/lib/430/crt0.o
                0x0000c198                __crt0_start
 .crt_0100init_bss
                0x0000c19c        0xe c:/ti/ccsv8/tools/compiler/msp430-gcc-7.3.1.24_win32/bin/../lib/gcc/msp430-elf/7.3.1/../../../../msp430-elf/lib/430\libcrt.a(crt_bss.o)
                0x0000c19c                __crt0_init_bss
 .crt_0300movedata
                0x0000c1aa       0x14 c:/ti/ccsv8/tools/compiler/msp430-gcc-7.3.1.24_win32/bin/../lib/gcc/msp430-elf/7.3.1/../../../../msp430-elf/lib/430\libcrt.a(crt_movedata.o)
                0x0000c1aa                __crt0_movedata
 .crt_0700call_init_then_main
                0x0000c1be        0xa c:/ti/ccsv8/tools/compiler/msp430-gcc-7.3.1.24_win32/bin/../lib/gcc/msp430-elf/7.3.1/../../../../msp430-elf/lib/430\libcrt.a(crt_main.o)
                0x0000c1be                __crt0_call_init_then_main
 .crt_0900main_init
                0x0000c1c8       0x3c c:/ti/ccsv8/tools/compiler/msp430-gcc-7.3.1.24_win32/bin/../lib/gcc/msp430-elf/7.3.1/../../../../msp430-elf/lib/430/crt0.o
                0x0000c1c8                _msp430_run_init_array
                0x0000c1d6                _msp430_run_preinit_array
                0x0000c1e4                _msp430_run_fini_array
 *(.lowtext .text .stub .text.* .gnu.linkonce.t.* .text:*)
 .text.deregister_tm_clones
                0x0000c204       0x1a c:/ti/ccsv8/tools/compiler/msp430-gcc-7.3.1.24_win32/bin/../lib/gcc/msp430-elf/7.3.1/430/crtbegin.o
 .text.register_tm_clones
                0x0000c21e       0x2e c:/ti/ccsv8/tools/compiler/msp430-gcc-7.3.1.24_win32/bin/../lib/gcc/msp430-elf/7.3.1/430/crtbegin.o
 .text.__do_global_dtors_aux
                0x0000c24c       0x4e c:/ti/ccsv8/tools/compiler/msp430-gcc-7.3.1.24_win32/bin/../lib/gcc/msp430-elf/7.3.1/430/crtbegin.o
 .text.frame_dummy
                0x0000c29a       0x18 c:/ti/ccsv8/tools/compiler/msp430-gcc-7.3.1.24_win32/bin/../lib/gcc/msp430-elf/7.3.1/430/crtbegin.o
 .text          0x0000c2b2       0xd6 ./main.o
                0x0000c2b2                get_SPI_temperature
                0x0000c30c                get_spi_temp
                0x0000c342                clock_init
                0x0000c350                main
 .text          0x0000c388      0x3ce ./onewire.o
                0x0000c388                ow_calculate_predec
                0x0000c3a4                ow_calculate_dec
                0x0000c3ce                ow_reset
                0x0000c428                ow_send_1
                0x0000c45a                ow_send_0
                0x0000c484                ow_send_data
                0x0000c4bc                ow_init
                0x0000c502                ow_read_bit
                0x0000c55e                ow_read_data
                0x0000c59c                ow_test
                0x0000c6b0                ow_get_temperature
 .text          0x0000c756      0x388 ./scm.o
                0x0000c756                pow
                0x0000c77e                scm_init
                0x0000c7a8                scm_putchar
                0x0000c7b8                scm_getchar
                0x0000c7c4                scm_print
                0x0000c7dc                scm_getchars
                0x0000c806                scm_int2string
                0x0000c8c0                scm_decimal2string
                0x0000c8fc                scm_getint
                0x0000c952                scm_float2string
 .text          0x0000cade      0x1c0 ./spi.o
                0x0000cade                spi_init2
                0x0000cb0c                spi_send_data
                0x0000cb24                spi_receive_data
                0x0000cb42                spi_test
                0x0000cb76                spi_get_temperature
                0x0000cbcc                spi_init
                0x0000cc48                spi_send
                0x0000cc4e                spi_receive
                0x0000cc54                spi_temperatur
 .text._fpadd_parts
                0x0000cc9e      0x234 c:/ti/ccsv8/tools/compiler/msp430-gcc-7.3.1.24_win32/bin/../lib/gcc/msp430-elf/7.3.1/430\libgcc.a(_addsub_sf.o)
 .text.__addsf3
                0x0000ced2       0x4e c:/ti/ccsv8/tools/compiler/msp430-gcc-7.3.1.24_win32/bin/../lib/gcc/msp430-elf/7.3.1/430\libgcc.a(_addsub_sf.o)
                0x0000ced2                __mspabi_addf
 .text.__subsf3
                0x0000cf20       0x52 c:/ti/ccsv8/tools/compiler/msp430-gcc-7.3.1.24_win32/bin/../lib/gcc/msp430-elf/7.3.1/430\libgcc.a(_addsub_sf.o)
                0x0000cf20                __mspabi_subf
 .text.__mulsf3
                0x0000cf72      0x1de c:/ti/ccsv8/tools/compiler/msp430-gcc-7.3.1.24_win32/bin/../lib/gcc/msp430-elf/7.3.1/430\libgcc.a(_mul_sf.o)
                0x0000cf72                __mspabi_mpyf
 .text.__ltsf2  0x0000d150       0x58 c:/ti/ccsv8/tools/compiler/msp430-gcc-7.3.1.24_win32/bin/../lib/gcc/msp430-elf/7.3.1/430\libgcc.a(_lt_sf.o)
                0x0000d150                __ltsf2
 .text.__floatsisf
                0x0000d1a8       0xaa c:/ti/ccsv8/tools/compiler/msp430-gcc-7.3.1.24_win32/bin/../lib/gcc/msp430-elf/7.3.1/430\libgcc.a(_si_to_sf.o)
                0x0000d1a8                __mspabi_fltlif
 .text.__fixsfsi
                0x0000d252       0x90 c:/ti/ccsv8/tools/compiler/msp430-gcc-7.3.1.24_win32/bin/../lib/gcc/msp430-elf/7.3.1/430\libgcc.a(_sf_to_si.o)
                0x0000d252                __mspabi_fixfli
 .text.__floatunsisf
                0x0000d2e2       0x94 c:/ti/ccsv8/tools/compiler/msp430-gcc-7.3.1.24_win32/bin/../lib/gcc/msp430-elf/7.3.1/430\libgcc.a(_usi_to_sf.o)
                0x0000d2e2                __mspabi_fltulf
 .text.udivmodhi4
                0x0000d376       0x40 c:/ti/ccsv8/tools/compiler/msp430-gcc-7.3.1.24_win32/bin/../lib/gcc/msp430-elf/7.3.1/430\libgcc.a(lib2divHI.o)
                0x0000d376                udivmodhi4
 .text.__udivhi3
                0x0000d3b6        0x8 c:/ti/ccsv8/tools/compiler/msp430-gcc-7.3.1.24_win32/bin/../lib/gcc/msp430-elf/7.3.1/430\libgcc.a(lib2divHI.o)
                0x0000d3b6                __mspabi_divu
 .text.udivmodsi4
                0x0000d3be       0x90 c:/ti/ccsv8/tools/compiler/msp430-gcc-7.3.1.24_win32/bin/../lib/gcc/msp430-elf/7.3.1/430\libgcc.a(lib2divSI.o)
                0x0000d3be                udivmodsi4
 .text.__divsi3
                0x0000d44e       0x84 c:/ti/ccsv8/tools/compiler/msp430-gcc-7.3.1.24_win32/bin/../lib/gcc/msp430-elf/7.3.1/430\libgcc.a(lib2divSI.o)
                0x0000d44e                __mspabi_divli
 .text          0x0000d4d2       0x10 c:/ti/ccsv8/tools/compiler/msp430-gcc-7.3.1.24_win32/bin/../lib/gcc/msp430-elf/7.3.1/430\libgcc.a(epilogue.o)
                0x0000d4d2                __mspabi_func_epilog_7
                0x0000d4d4                __mspabi_func_epilog_6
                0x0000d4d6                __mspabi_func_epilog_5
                0x0000d4d8                __mspabi_func_epilog_4
                0x0000d4da                __mspabi_func_epilog_3
                0x0000d4dc                __mspabi_func_epilog_2
                0x0000d4de                __mspabi_func_epilog_1
 .text          0x0000d4e2       0x74 c:/ti/ccsv8/tools/compiler/msp430-gcc-7.3.1.24_win32/bin/../lib/gcc/msp430-elf/7.3.1/430\libgcc.a(slli.o)
                0x0000d4e2                __mspabi_slli_15
                0x0000d4e4                __mspabi_slli_14
                0x0000d4e6                __mspabi_slli_13
                0x0000d4e8                __mspabi_slli_12
                0x0000d4ea                __mspabi_slli_11
                0x0000d4ec                __mspabi_slli_10
                0x0000d4ee                __mspabi_slli_9
                0x0000d4f0                __mspabi_slli_8
                0x0000d4f2                __mspabi_slli_7
                0x0000d4f4                __mspabi_slli_6
                0x0000d4f6                __mspabi_slli_5
                0x0000d4f8                __mspabi_slli_4
                0x0000d4fa                __mspabi_slli_3
                0x0000d4fc                __mspabi_slli_2
                0x0000d4fe                __mspabi_slli_1
                0x0000d506                __mspabi_slli
                0x0000d50c                __mspabi_slll_15
                0x0000d510                __mspabi_slll_14
                0x0000d514                __mspabi_slll_13
                0x0000d518                __mspabi_slll_12
                0x0000d51c                __mspabi_slll_11
                0x0000d520                __mspabi_slll_10
                0x0000d524                __mspabi_slll_9
                0x0000d528                __mspabi_slll_8
                0x0000d52c                __mspabi_slll_7
                0x0000d530                __mspabi_slll_6
                0x0000d534                __mspabi_slll_5
                0x0000d538                __mspabi_slll_4
                0x0000d53c                __mspabi_slll_3
                0x0000d540                __mspabi_slll_2
                0x0000d544                __mspabi_slll_1
                0x0000d550                __mspabi_slll
 .text          0x0000d556       0xb4 c:/ti/ccsv8/tools/compiler/msp430-gcc-7.3.1.24_win32/bin/../lib/gcc/msp430-elf/7.3.1/430\libgcc.a(srli.o)
                0x0000d556                __mspabi_srli_15
                0x0000d55a                __mspabi_srli_14
                0x0000d55e                __mspabi_srli_13
                0x0000d562                __mspabi_srli_12
                0x0000d566                __mspabi_srli_11
                0x0000d56a                __mspabi_srli_10
                0x0000d56e                __mspabi_srli_9
                0x0000d572                __mspabi_srli_8
                0x0000d576                __mspabi_srli_7
                0x0000d57a                __mspabi_srli_6
                0x0000d57e                __mspabi_srli_5
                0x0000d582                __mspabi_srli_4
                0x0000d586                __mspabi_srli_3
                0x0000d58a                __mspabi_srli_2
                0x0000d58e                __mspabi_srli_1
                0x0000d59a                __mspabi_srli
                0x0000d5a0                __mspabi_srll_15
                0x0000d5a6                __mspabi_srll_14
                0x0000d5ac                __mspabi_srll_13
                0x0000d5b2                __mspabi_srll_12
                0x0000d5b8                __mspabi_srll_11
                0x0000d5be                __mspabi_srll_10
                0x0000d5c4                __mspabi_srll_9
                0x0000d5ca                __mspabi_srll_8
                0x0000d5d0                __mspabi_srll_7
                0x0000d5d6                __mspabi_srll_6
                0x0000d5dc                __mspabi_srll_5
                0x0000d5e2                __mspabi_srll_4
                0x0000d5e8                __mspabi_srll_3
                0x0000d5ee                __mspabi_srll_2
                0x0000d5f4                __mspabi_srll_1
                0x0000d604                __mspabi_srll
 .text.__muldi3
                0x0000d60a      0x148 c:/ti/ccsv8/tools/compiler/msp430-gcc-7.3.1.24_win32/bin/../lib/gcc/msp430-elf/7.3.1/430\libgcc.a(_muldi3.o)
                0x0000d60a                __mspabi_mpyll
 .text.__lshrdi3
                0x0000d752       0x84 c:/ti/ccsv8/tools/compiler/msp430-gcc-7.3.1.24_win32/bin/../lib/gcc/msp430-elf/7.3.1/430\libgcc.a(_lshrdi3.o)
                0x0000d752                __lshrdi3
 .text.__clzsi2
                0x0000d7d6       0x50 c:/ti/ccsv8/tools/compiler/msp430-gcc-7.3.1.24_win32/bin/../lib/gcc/msp430-elf/7.3.1/430\libgcc.a(_clzsi2.o)
                0x0000d7d6                __clzsi2
 .text.__pack_f
                0x0000d826      0x176 c:/ti/ccsv8/tools/compiler/msp430-gcc-7.3.1.24_win32/bin/../lib/gcc/msp430-elf/7.3.1/430\libgcc.a(_pack_sf.o)
                0x0000d826                __pack_f
 .text.__unpack_f
                0x0000d99c      0x138 c:/ti/ccsv8/tools/compiler/msp430-gcc-7.3.1.24_win32/bin/../lib/gcc/msp430-elf/7.3.1/430\libgcc.a(_unpack_sf.o)
                0x0000d99c                __unpack_f
 .text.__fpcmp_parts_f
                0x0000dad4       0xb0 c:/ti/ccsv8/tools/compiler/msp430-gcc-7.3.1.24_win32/bin/../lib/gcc/msp430-elf/7.3.1/430\libgcc.a(_fpcmp_parts_sf.o)
                0x0000dad4                __fpcmp_parts_f
 .text.memcpy   0x0000db84       0x16 c:/ti/ccsv8/tools/compiler/msp430-gcc-7.3.1.24_win32/bin/../lib/gcc/msp430-elf/7.3.1/../../../../msp430-elf/lib/430\libc.a(lib_a-memcpy.o)
                0x0000db84                memcpy
 .text.__mulsi3
                0x0000db9a       0x52 c:/ti/ccsv8/tools/compiler/msp430-gcc-7.3.1.24_win32/bin/../lib/gcc/msp430-elf/7.3.1/430\libmul_none.a(lib2_mul_none.o)
                0x0000db9a                __mspabi_mpyl
 .text.__mulhi3
                0x0000dbec       0x46 c:/ti/ccsv8/tools/compiler/msp430-gcc-7.3.1.24_win32/bin/../lib/gcc/msp430-elf/7.3.1/430\libmul_none.a(mpy.o)
                0x0000dbec                __mspabi_mpyi
 .text.memmove  0x0000dc32       0x38 c:/ti/ccsv8/tools/compiler/msp430-gcc-7.3.1.24_win32/bin/../lib/gcc/msp430-elf/7.3.1/../../../../msp430-elf/lib/430\libc.a(lib_a-memmove.o)
                0x0000dc32                memmove
 .text.memset   0x0000dc6a       0x14 c:/ti/ccsv8/tools/compiler/msp430-gcc-7.3.1.24_win32/bin/../lib/gcc/msp430-elf/7.3.1/../../../../msp430-elf/lib/430\libc.a(lib_a-memset.o)
                0x0000dc6a                memset
 .text.__do_global_ctors_aux
                0x0000dc7e       0x1a c:/ti/ccsv8/tools/compiler/msp430-gcc-7.3.1.24_win32/bin/../lib/gcc/msp430-elf/7.3.1/430/crtend.o
 *(.text.*personality*)
 *(.gnu.warning)
 *(.interp .hash .dynsym .dynstr .gnu.version*)
                [!provide]                PROVIDE (__etext, .)
                [!provide]                PROVIDE (_etext, .)
                [!provide]                PROVIDE (etext, .)
                0x0000dc98                . = ALIGN (0x2)
 *(.init)
 .init          0x0000dc98        0x0 c:/ti/ccsv8/tools/compiler/msp430-gcc-7.3.1.24_win32/bin/../lib/gcc/msp430-elf/7.3.1/../../../../msp430-elf/lib/430/crt0.o
                0x0000dc98                __msp430_init
 .init          0x0000dc98        0x4 c:/ti/ccsv8/tools/compiler/msp430-gcc-7.3.1.24_win32/bin/../lib/gcc/msp430-elf/7.3.1/430/crtbegin.o
 .init          0x0000dc9c        0x4 c:/ti/ccsv8/tools/compiler/msp430-gcc-7.3.1.24_win32/bin/../lib/gcc/msp430-elf/7.3.1/430/crtend.o
 .init          0x0000dca0        0xa c:/ti/ccsv8/tools/compiler/msp430-gcc-7.3.1.24_win32/bin/../lib/gcc/msp430-elf/7.3.1/../../../../msp430-elf/lib/430/crtn.o
                0x0000dcaa                __msp430_init_end
 *(.fini)
 .fini          0x0000dcaa        0x4 c:/ti/ccsv8/tools/compiler/msp430-gcc-7.3.1.24_win32/bin/../lib/gcc/msp430-elf/7.3.1/../../../../msp430-elf/lib/430/crt0.o
                0x0000dcaa                __msp430_fini
 .fini          0x0000dcae        0x4 c:/ti/ccsv8/tools/compiler/msp430-gcc-7.3.1.24_win32/bin/../lib/gcc/msp430-elf/7.3.1/430/crtbegin.o
 .fini          0x0000dcb2        0x2 c:/ti/ccsv8/tools/compiler/msp430-gcc-7.3.1.24_win32/bin/../lib/gcc/msp430-elf/7.3.1/../../../../msp430-elf/lib/430/crtn.o
                0x0000dcb4                __msp430_fini_end
 *(.tm_clone_table)
 .tm_clone_table
                0x0000dcb4        0x0 c:/ti/ccsv8/tools/compiler/msp430-gcc-7.3.1.24_win32/bin/../lib/gcc/msp430-elf/7.3.1/430/crtbegin.o
 .tm_clone_table
                0x0000dcb4        0x0 c:/ti/ccsv8/tools/compiler/msp430-gcc-7.3.1.24_win32/bin/../lib/gcc/msp430-elf/7.3.1/430/crtend.o
                0x0000dcb4                __TMC_END__

.data           0x00000200        0x0 load address 0x0000dcb4
                0x00000200                . = ALIGN (0x2)
                0x00000200                PROVIDE (__datastart, .)
 *(.jcr)
 *(.data.rel.ro.local)
 *(.data.rel.ro*)
 *(.dynamic)
 *(.data .data.* .gnu.linkonce.d.*)
 *(.gnu.linkonce.d.*personality*)
 *(.data1)
 *(.got.plt)
 *(.got)
                0x00000200                . = ALIGN (0x2)
 *(.sdata .sdata.* .gnu.linkonce.s.* D_2 D_1)
                0x00000200                . = ALIGN (0x2)
                0x00000200                _edata = .
                [!provide]                PROVIDE (edata, .)
                [!provide]                PROVIDE (__dataend, .)
                0x0000dcb4                PROVIDE (__romdatastart, LOADADDR (.data))
                0x00000000                PROVIDE (__romdatacopysize, SIZEOF (.data))

.bss            0x00000200       0x12 load address 0x0000dcb4
                0x00000200                . = ALIGN (0x2)
                0x00000200                PROVIDE (__bssstart, .)
 *(.dynbss)
 *(.sbss .sbss.*)
 *(.bss .bss.* .gnu.linkonce.b.*)
 .bss.completed.3056
                0x00000200        0x1 c:/ti/ccsv8/tools/compiler/msp430-gcc-7.3.1.24_win32/bin/../lib/gcc/msp430-elf/7.3.1/430/crtbegin.o
 *fill*         0x00000201        0x1 
 .bss.dtor_idx.3058
                0x00000202        0x2 c:/ti/ccsv8/tools/compiler/msp430-gcc-7.3.1.24_win32/bin/../lib/gcc/msp430-elf/7.3.1/430/crtbegin.o
 .bss.object.3071
                0x00000204        0xe c:/ti/ccsv8/tools/compiler/msp430-gcc-7.3.1.24_win32/bin/../lib/gcc/msp430-elf/7.3.1/430/crtbegin.o
                0x00000212                . = ALIGN (0x2)
 *(COMMON)
                [!provide]                PROVIDE (__bssend, .)
                0x00000012                PROVIDE (__bsssize, SIZEOF (.bss))

.noinit         0x00000212        0x0 load address 0x0000dcb4
                0x00000212                . = ALIGN (0x2)
                [!provide]                PROVIDE (__noinit_start, .)
 *(.noinit)
                0x00000212                . = ALIGN (0x2)
                [!provide]                PROVIDE (__noinit_end, .)
                0x00000212                end = .

.heap           0x00000212        0x4 load address 0x0000dcb4
                0x00000212                . = ALIGN (0x2)
                0x00000212                __heap_start__ = .
                0x00000212                _end = __heap_start__
                [!provide]                PROVIDE (end, .)
 *(.heap)
                0x00000212                _end = .
                [!provide]                PROVIDE (end, .)
                0x00000212        0x4 LONG 0x0
                0x00000216                __heap_end__ = .
                0x00000216                __HeapLimit = __heap_end__

.stack          0x00000400        0x0
                0x00000400                PROVIDE (__stack, .)
 *(.stack)

.infoA

.infoB

.infoC

.infoD

.MSP430.attributes
                0x00000000       0x17
 *(.MSP430.attributes)
 .MSP430.attributes
                0x00000000       0x17 c:/ti/ccsv8/tools/compiler/msp430-gcc-7.3.1.24_win32/bin/../lib/gcc/msp430-elf/7.3.1/../../../../msp430-elf/lib/430/crt0.o
 .MSP430.attributes
                0x00000017       0x17 c:/ti/ccsv8/tools/compiler/msp430-gcc-7.3.1.24_win32/bin/../lib/gcc/msp430-elf/7.3.1/430/crtbegin.o
 .MSP430.attributes
                0x0000002e       0x17 ./LCD.o
 .MSP430.attributes
                0x00000045       0x17 ./analog_t.o
 .MSP430.attributes
                0x0000005c       0x17 ./i2c.o
 .MSP430.attributes
                0x00000073       0x17 ./main.o
 .MSP430.attributes
                0x0000008a       0x17 ./onewire.o
 .MSP430.attributes
                0x000000a1       0x17 ./scm.o
 .MSP430.attributes
                0x000000b8       0x17 ./spi.o
 .MSP430.attributes
                0x000000cf       0x17 c:/ti/ccsv8/tools/compiler/msp430-gcc-7.3.1.24_win32/bin/../lib/gcc/msp430-elf/7.3.1/430\libgcc.a(_addsub_sf.o)
 .MSP430.attributes
                0x000000e6       0x17 c:/ti/ccsv8/tools/compiler/msp430-gcc-7.3.1.24_win32/bin/../lib/gcc/msp430-elf/7.3.1/430\libgcc.a(_mul_sf.o)
 .MSP430.attributes
                0x000000fd       0x17 c:/ti/ccsv8/tools/compiler/msp430-gcc-7.3.1.24_win32/bin/../lib/gcc/msp430-elf/7.3.1/430\libgcc.a(_lt_sf.o)
 .MSP430.attributes
                0x00000114       0x17 c:/ti/ccsv8/tools/compiler/msp430-gcc-7.3.1.24_win32/bin/../lib/gcc/msp430-elf/7.3.1/430\libgcc.a(_si_to_sf.o)
 .MSP430.attributes
                0x0000012b       0x17 c:/ti/ccsv8/tools/compiler/msp430-gcc-7.3.1.24_win32/bin/../lib/gcc/msp430-elf/7.3.1/430\libgcc.a(_sf_to_si.o)
 .MSP430.attributes
                0x00000142       0x17 c:/ti/ccsv8/tools/compiler/msp430-gcc-7.3.1.24_win32/bin/../lib/gcc/msp430-elf/7.3.1/430\libgcc.a(_thenan_sf.o)
 .MSP430.attributes
                0x00000159       0x17 c:/ti/ccsv8/tools/compiler/msp430-gcc-7.3.1.24_win32/bin/../lib/gcc/msp430-elf/7.3.1/430\libgcc.a(_usi_to_sf.o)
 .MSP430.attributes
                0x00000170       0x17 c:/ti/ccsv8/tools/compiler/msp430-gcc-7.3.1.24_win32/bin/../lib/gcc/msp430-elf/7.3.1/430\libgcc.a(_addsub_df.o)
 .MSP430.attributes
                0x00000187       0x17 c:/ti/ccsv8/tools/compiler/msp430-gcc-7.3.1.24_win32/bin/../lib/gcc/msp430-elf/7.3.1/430\libgcc.a(_mul_df.o)
 .MSP430.attributes
                0x0000019e       0x17 c:/ti/ccsv8/tools/compiler/msp430-gcc-7.3.1.24_win32/bin/../lib/gcc/msp430-elf/7.3.1/430\libgcc.a(_div_df.o)
 .MSP430.attributes
                0x000001b5       0x17 c:/ti/ccsv8/tools/compiler/msp430-gcc-7.3.1.24_win32/bin/../lib/gcc/msp430-elf/7.3.1/430\libgcc.a(_si_to_df.o)
 .MSP430.attributes
                0x000001cc       0x17 c:/ti/ccsv8/tools/compiler/msp430-gcc-7.3.1.24_win32/bin/../lib/gcc/msp430-elf/7.3.1/430\libgcc.a(_df_to_si.o)
 .MSP430.attributes
                0x000001e3       0x17 c:/ti/ccsv8/tools/compiler/msp430-gcc-7.3.1.24_win32/bin/../lib/gcc/msp430-elf/7.3.1/430\libgcc.a(_thenan_df.o)
 .MSP430.attributes
                0x000001fa       0x17 c:/ti/ccsv8/tools/compiler/msp430-gcc-7.3.1.24_win32/bin/../lib/gcc/msp430-elf/7.3.1/430\libgcc.a(lib2divHI.o)
 .MSP430.attributes
                0x00000211       0x17 c:/ti/ccsv8/tools/compiler/msp430-gcc-7.3.1.24_win32/bin/../lib/gcc/msp430-elf/7.3.1/430\libgcc.a(lib2divSI.o)
 .MSP430.attributes
                0x00000228       0x17 c:/ti/ccsv8/tools/compiler/msp430-gcc-7.3.1.24_win32/bin/../lib/gcc/msp430-elf/7.3.1/430\libgcc.a(epilogue.o)
 .MSP430.attributes
                0x0000023f       0x17 c:/ti/ccsv8/tools/compiler/msp430-gcc-7.3.1.24_win32/bin/../lib/gcc/msp430-elf/7.3.1/430\libgcc.a(slli.o)
 .MSP430.attributes
                0x00000256       0x17 c:/ti/ccsv8/tools/compiler/msp430-gcc-7.3.1.24_win32/bin/../lib/gcc/msp430-elf/7.3.1/430\libgcc.a(srli.o)
 .MSP430.attributes
                0x0000026d       0x17 c:/ti/ccsv8/tools/compiler/msp430-gcc-7.3.1.24_win32/bin/../lib/gcc/msp430-elf/7.3.1/430\libgcc.a(_muldi3.o)
 .MSP430.attributes
                0x00000284       0x17 c:/ti/ccsv8/tools/compiler/msp430-gcc-7.3.1.24_win32/bin/../lib/gcc/msp430-elf/7.3.1/430\libgcc.a(_lshrdi3.o)
 .MSP430.attributes
                0x0000029b       0x17 c:/ti/ccsv8/tools/compiler/msp430-gcc-7.3.1.24_win32/bin/../lib/gcc/msp430-elf/7.3.1/430\libgcc.a(_ashldi3.o)
 .MSP430.attributes
                0x000002b2       0x17 c:/ti/ccsv8/tools/compiler/msp430-gcc-7.3.1.24_win32/bin/../lib/gcc/msp430-elf/7.3.1/430\libgcc.a(_clzsi2.o)
 .MSP430.attributes
                0x000002c9       0x17 c:/ti/ccsv8/tools/compiler/msp430-gcc-7.3.1.24_win32/bin/../lib/gcc/msp430-elf/7.3.1/430\libgcc.a(_udivdi3.o)
 .MSP430.attributes
                0x000002e0       0x17 c:/ti/ccsv8/tools/compiler/msp430-gcc-7.3.1.24_win32/bin/../lib/gcc/msp430-elf/7.3.1/430\libgcc.a(_pack_sf.o)
 .MSP430.attributes
                0x000002f7       0x17 c:/ti/ccsv8/tools/compiler/msp430-gcc-7.3.1.24_win32/bin/../lib/gcc/msp430-elf/7.3.1/430\libgcc.a(_unpack_sf.o)
 .MSP430.attributes
                0x0000030e       0x17 c:/ti/ccsv8/tools/compiler/msp430-gcc-7.3.1.24_win32/bin/../lib/gcc/msp430-elf/7.3.1/430\libgcc.a(_fpcmp_parts_sf.o)
 .MSP430.attributes
                0x00000325       0x17 c:/ti/ccsv8/tools/compiler/msp430-gcc-7.3.1.24_win32/bin/../lib/gcc/msp430-elf/7.3.1/430\libgcc.a(_pack_df.o)
 .MSP430.attributes
                0x0000033c       0x17 c:/ti/ccsv8/tools/compiler/msp430-gcc-7.3.1.24_win32/bin/../lib/gcc/msp430-elf/7.3.1/430\libgcc.a(_unpack_df.o)
 .MSP430.attributes
                0x00000353       0x17 c:/ti/ccsv8/tools/compiler/msp430-gcc-7.3.1.24_win32/bin/../lib/gcc/msp430-elf/7.3.1/430\libgcc.a(_clz.o)
 .MSP430.attributes
                0x0000036a       0x17 c:/ti/ccsv8/tools/compiler/msp430-gcc-7.3.1.24_win32/bin/../lib/gcc/msp430-elf/7.3.1/430\libgcc.a(_clzdi2.o)
 .MSP430.attributes
                0x00000381       0x17 c:/ti/ccsv8/tools/compiler/msp430-gcc-7.3.1.24_win32/bin/../lib/gcc/msp430-elf/7.3.1/../../../../msp430-elf/lib/430\libc.a(lib_a-memcpy.o)
 .MSP430.attributes
                0x00000398       0x17 c:/ti/ccsv8/tools/compiler/msp430-gcc-7.3.1.24_win32/bin/../lib/gcc/msp430-elf/7.3.1/430\libmul_none.a(lib2_mul_none.o)
 .MSP430.attributes
                0x000003af       0x17 c:/ti/ccsv8/tools/compiler/msp430-gcc-7.3.1.24_win32/bin/../lib/gcc/msp430-elf/7.3.1/430\libmul_none.a(mpy.o)
 .MSP430.attributes
                0x000003c6       0x17 c:/ti/ccsv8/tools/compiler/msp430-gcc-7.3.1.24_win32/bin/../lib/gcc/msp430-elf/7.3.1/../../../../msp430-elf/lib/430\libcrt.a(crt_bss.o)
 .MSP430.attributes
                0x000003dd       0x17 c:/ti/ccsv8/tools/compiler/msp430-gcc-7.3.1.24_win32/bin/../lib/gcc/msp430-elf/7.3.1/../../../../msp430-elf/lib/430\libcrt.a(crt_movedata.o)
 .MSP430.attributes
                0x000003f4       0x17 c:/ti/ccsv8/tools/compiler/msp430-gcc-7.3.1.24_win32/bin/../lib/gcc/msp430-elf/7.3.1/../../../../msp430-elf/lib/430\libcrt.a(crt_main.o)
 .MSP430.attributes
                0x0000040b       0x17 c:/ti/ccsv8/tools/compiler/msp430-gcc-7.3.1.24_win32/bin/../lib/gcc/msp430-elf/7.3.1/../../../../msp430-elf/lib/430\libc.a(lib_a-memmove.o)
 .MSP430.attributes
                0x00000422       0x17 c:/ti/ccsv8/tools/compiler/msp430-gcc-7.3.1.24_win32/bin/../lib/gcc/msp430-elf/7.3.1/../../../../msp430-elf/lib/430\libc.a(lib_a-memset.o)
 .MSP430.attributes
                0x00000439       0x17 c:/ti/ccsv8/tools/compiler/msp430-gcc-7.3.1.24_win32/bin/../lib/gcc/msp430-elf/7.3.1/430/crtend.o
 .MSP430.attributes
                0x00000450       0x17 c:/ti/ccsv8/tools/compiler/msp430-gcc-7.3.1.24_win32/bin/../lib/gcc/msp430-elf/7.3.1/../../../../msp430-elf/lib/430/crtn.o
 *(.gnu.attributes)
 *(__TI_build_attributes)

.stab
 *(.stab)

.stabstr
 *(.stabstr)

.stab.excl
 *(.stab.excl)

.stab.exclstr
 *(.stab.exclstr)

.stab.index
 *(.stab.index)

.stab.indexstr
 *(.stab.indexstr)

.comment        0x00000000       0x39
 *(.comment)
 .comment       0x00000000       0x39 c:/ti/ccsv8/tools/compiler/msp430-gcc-7.3.1.24_win32/bin/../lib/gcc/msp430-elf/7.3.1/430/crtbegin.o
                                 0x3a (size before relaxing)
 .comment       0x00000039       0x3a ./LCD.o
 .comment       0x00000039       0x3a ./analog_t.o
 .comment       0x00000039       0x3a ./i2c.o
 .comment       0x00000039       0x3a ./main.o
 .comment       0x00000039       0x3a ./onewire.o
 .comment       0x00000039       0x3a ./scm.o
 .comment       0x00000039       0x3a ./spi.o
 .comment       0x00000039       0x3a c:/ti/ccsv8/tools/compiler/msp430-gcc-7.3.1.24_win32/bin/../lib/gcc/msp430-elf/7.3.1/430\libgcc.a(_addsub_sf.o)
 .comment       0x00000039       0x3a c:/ti/ccsv8/tools/compiler/msp430-gcc-7.3.1.24_win32/bin/../lib/gcc/msp430-elf/7.3.1/430\libgcc.a(_mul_sf.o)
 .comment       0x00000039       0x3a c:/ti/ccsv8/tools/compiler/msp430-gcc-7.3.1.24_win32/bin/../lib/gcc/msp430-elf/7.3.1/430\libgcc.a(_lt_sf.o)
 .comment       0x00000039       0x3a c:/ti/ccsv8/tools/compiler/msp430-gcc-7.3.1.24_win32/bin/../lib/gcc/msp430-elf/7.3.1/430\libgcc.a(_si_to_sf.o)
 .comment       0x00000039       0x3a c:/ti/ccsv8/tools/compiler/msp430-gcc-7.3.1.24_win32/bin/../lib/gcc/msp430-elf/7.3.1/430\libgcc.a(_sf_to_si.o)
 .comment       0x00000039       0x3a c:/ti/ccsv8/tools/compiler/msp430-gcc-7.3.1.24_win32/bin/../lib/gcc/msp430-elf/7.3.1/430\libgcc.a(_thenan_sf.o)
 .comment       0x00000039       0x3a c:/ti/ccsv8/tools/compiler/msp430-gcc-7.3.1.24_win32/bin/../lib/gcc/msp430-elf/7.3.1/430\libgcc.a(_usi_to_sf.o)
 .comment       0x00000039       0x3a c:/ti/ccsv8/tools/compiler/msp430-gcc-7.3.1.24_win32/bin/../lib/gcc/msp430-elf/7.3.1/430\libgcc.a(_addsub_df.o)
 .comment       0x00000039       0x3a c:/ti/ccsv8/tools/compiler/msp430-gcc-7.3.1.24_win32/bin/../lib/gcc/msp430-elf/7.3.1/430\libgcc.a(_mul_df.o)
 .comment       0x00000039       0x3a c:/ti/ccsv8/tools/compiler/msp430-gcc-7.3.1.24_win32/bin/../lib/gcc/msp430-elf/7.3.1/430\libgcc.a(_div_df.o)
 .comment       0x00000039       0x3a c:/ti/ccsv8/tools/compiler/msp430-gcc-7.3.1.24_win32/bin/../lib/gcc/msp430-elf/7.3.1/430\libgcc.a(_si_to_df.o)
 .comment       0x00000039       0x3a c:/ti/ccsv8/tools/compiler/msp430-gcc-7.3.1.24_win32/bin/../lib/gcc/msp430-elf/7.3.1/430\libgcc.a(_df_to_si.o)
 .comment       0x00000039       0x3a c:/ti/ccsv8/tools/compiler/msp430-gcc-7.3.1.24_win32/bin/../lib/gcc/msp430-elf/7.3.1/430\libgcc.a(_thenan_df.o)
 .comment       0x00000039       0x3a c:/ti/ccsv8/tools/compiler/msp430-gcc-7.3.1.24_win32/bin/../lib/gcc/msp430-elf/7.3.1/430\libgcc.a(lib2divHI.o)
 .comment       0x00000039       0x3a c:/ti/ccsv8/tools/compiler/msp430-gcc-7.3.1.24_win32/bin/../lib/gcc/msp430-elf/7.3.1/430\libgcc.a(lib2divSI.o)
 .comment       0x00000039       0x3a c:/ti/ccsv8/tools/compiler/msp430-gcc-7.3.1.24_win32/bin/../lib/gcc/msp430-elf/7.3.1/430\libgcc.a(_muldi3.o)
 .comment       0x00000039       0x3a c:/ti/ccsv8/tools/compiler/msp430-gcc-7.3.1.24_win32/bin/../lib/gcc/msp430-elf/7.3.1/430\libgcc.a(_lshrdi3.o)
 .comment       0x00000039       0x3a c:/ti/ccsv8/tools/compiler/msp430-gcc-7.3.1.24_win32/bin/../lib/gcc/msp430-elf/7.3.1/430\libgcc.a(_ashldi3.o)
 .comment       0x00000039       0x3a c:/ti/ccsv8/tools/compiler/msp430-gcc-7.3.1.24_win32/bin/../lib/gcc/msp430-elf/7.3.1/430\libgcc.a(_clzsi2.o)
 .comment       0x00000039       0x3a c:/ti/ccsv8/tools/compiler/msp430-gcc-7.3.1.24_win32/bin/../lib/gcc/msp430-elf/7.3.1/430\libgcc.a(_udivdi3.o)
 .comment       0x00000039       0x3a c:/ti/ccsv8/tools/compiler/msp430-gcc-7.3.1.24_win32/bin/../lib/gcc/msp430-elf/7.3.1/430\libgcc.a(_pack_sf.o)
 .comment       0x00000039       0x3a c:/ti/ccsv8/tools/compiler/msp430-gcc-7.3.1.24_win32/bin/../lib/gcc/msp430-elf/7.3.1/430\libgcc.a(_unpack_sf.o)
 .comment       0x00000039       0x3a c:/ti/ccsv8/tools/compiler/msp430-gcc-7.3.1.24_win32/bin/../lib/gcc/msp430-elf/7.3.1/430\libgcc.a(_fpcmp_parts_sf.o)
 .comment       0x00000039       0x3a c:/ti/ccsv8/tools/compiler/msp430-gcc-7.3.1.24_win32/bin/../lib/gcc/msp430-elf/7.3.1/430\libgcc.a(_pack_df.o)
 .comment       0x00000039       0x3a c:/ti/ccsv8/tools/compiler/msp430-gcc-7.3.1.24_win32/bin/../lib/gcc/msp430-elf/7.3.1/430\libgcc.a(_unpack_df.o)
 .comment       0x00000039       0x3a c:/ti/ccsv8/tools/compiler/msp430-gcc-7.3.1.24_win32/bin/../lib/gcc/msp430-elf/7.3.1/430\libgcc.a(_clz.o)
 .comment       0x00000039       0x3a c:/ti/ccsv8/tools/compiler/msp430-gcc-7.3.1.24_win32/bin/../lib/gcc/msp430-elf/7.3.1/430\libgcc.a(_clzdi2.o)
 .comment       0x00000039       0x3a c:/ti/ccsv8/tools/compiler/msp430-gcc-7.3.1.24_win32/bin/../lib/gcc/msp430-elf/7.3.1/../../../../msp430-elf/lib/430\libc.a(lib_a-memcpy.o)
 .comment       0x00000039       0x3a c:/ti/ccsv8/tools/compiler/msp430-gcc-7.3.1.24_win32/bin/../lib/gcc/msp430-elf/7.3.1/430\libmul_none.a(lib2_mul_none.o)
 .comment       0x00000039       0x3a c:/ti/ccsv8/tools/compiler/msp430-gcc-7.3.1.24_win32/bin/../lib/gcc/msp430-elf/7.3.1/430\libmul_none.a(mpy.o)
 .comment       0x00000039       0x3a c:/ti/ccsv8/tools/compiler/msp430-gcc-7.3.1.24_win32/bin/../lib/gcc/msp430-elf/7.3.1/../../../../msp430-elf/lib/430\libc.a(lib_a-memmove.o)
 .comment       0x00000039       0x3a c:/ti/ccsv8/tools/compiler/msp430-gcc-7.3.1.24_win32/bin/../lib/gcc/msp430-elf/7.3.1/../../../../msp430-elf/lib/430\libc.a(lib_a-memset.o)
 .comment       0x00000039       0x3a c:/ti/ccsv8/tools/compiler/msp430-gcc-7.3.1.24_win32/bin/../lib/gcc/msp430-elf/7.3.1/430/crtend.o

.debug
 *(.debug)

.line
 *(.line)

.debug_srcinfo
 *(.debug_srcinfo)

.debug_sfnames
 *(.debug_sfnames)

.debug_aranges  0x00000000       0xe0
 *(.debug_aranges)
 .debug_aranges
                0x00000000       0x20 ./LCD.o
 .debug_aranges
                0x00000020       0x20 ./analog_t.o
 .debug_aranges
                0x00000040       0x20 ./i2c.o
 .debug_aranges
                0x00000060       0x20 ./main.o
 .debug_aranges
                0x00000080       0x20 ./onewire.o
 .debug_aranges
                0x000000a0       0x20 ./scm.o
 .debug_aranges
                0x000000c0       0x20 ./spi.o

.debug_pubnames
 *(.debug_pubnames)

.debug_info     0x00000000     0x378f
 *(.debug_info .gnu.linkonce.wi.*)
 .debug_info    0x00000000      0x84f ./LCD.o
 .debug_info    0x0000084f      0x61d ./analog_t.o
 .debug_info    0x00000e6c      0x7f4 ./i2c.o
 .debug_info    0x00001660      0x7c9 ./main.o
 .debug_info    0x00001e29      0x885 ./onewire.o
 .debug_info    0x000026ae      0x966 ./scm.o
 .debug_info    0x00003014      0x77b ./spi.o

.debug_abbrev   0x00000000      0x8c3
 *(.debug_abbrev)
 .debug_abbrev  0x00000000      0x181 ./LCD.o
 .debug_abbrev  0x00000181       0xae ./analog_t.o
 .debug_abbrev  0x0000022f      0x152 ./i2c.o
 .debug_abbrev  0x00000381      0x185 ./main.o
 .debug_abbrev  0x00000506      0x123 ./onewire.o
 .debug_abbrev  0x00000629      0x169 ./scm.o
 .debug_abbrev  0x00000792      0x131 ./spi.o

.debug_line     0x00000000     0x17c6
 *(.debug_line .debug_line.* .debug_line_end)
 .debug_line    0x00000000      0x44c ./LCD.o
 .debug_line    0x0000044c      0x18c ./analog_t.o
 .debug_line    0x000005d8      0x403 ./i2c.o
 .debug_line    0x000009db      0x216 ./main.o
 .debug_line    0x00000bf1      0x4c7 ./onewire.o
 .debug_line    0x000010b8      0x3d5 ./scm.o
 .debug_line    0x0000148d      0x339 ./spi.o

.debug_frame    0x00000000      0x6dc
 *(.debug_frame)
 .debug_frame   0x00000000      0x100 ./LCD.o
 .debug_frame   0x00000100       0x68 ./analog_t.o
 .debug_frame   0x00000168      0x110 ./i2c.o
 .debug_frame   0x00000278       0x74 ./main.o
 .debug_frame   0x000002ec      0x178 ./onewire.o
 .debug_frame   0x00000464      0x1a8 ./scm.o
 .debug_frame   0x0000060c       0xd0 ./spi.o

.debug_str      0x00000000      0x8d4
 *(.debug_str)
 .debug_str     0x00000000      0x547 ./LCD.o
                                0x5a7 (size before relaxing)
 .debug_str     0x00000547       0x3f ./analog_t.o
                                0x4c9 (size before relaxing)
 .debug_str     0x00000586       0x93 ./i2c.o
                                0x551 (size before relaxing)
 .debug_str     0x00000619       0x80 ./main.o
                                0x5b0 (size before relaxing)
 .debug_str     0x00000699       0xbf ./onewire.o
                                0x593 (size before relaxing)
 .debug_str     0x00000758      0x114 ./scm.o
                                0x5f8 (size before relaxing)
 .debug_str     0x0000086c       0x68 ./spi.o
                                0x54e (size before relaxing)

.debug_loc      0x00000000      0x96d
 *(.debug_loc)
 .debug_loc     0x00000000      0x1a4 ./LCD.o
 .debug_loc     0x000001a4      0x121 ./i2c.o
 .debug_loc     0x000002c5       0x1e ./main.o
 .debug_loc     0x000002e3      0x252 ./onewire.o
 .debug_loc     0x00000535      0x3cb ./scm.o
 .debug_loc     0x00000900       0x6d ./spi.o

.debug_macinfo
 *(.debug_macinfo)

.debug_weaknames
 *(.debug_weaknames)

.debug_funcnames
 *(.debug_funcnames)

.debug_typenames
 *(.debug_typenames)

.debug_varnames
 *(.debug_varnames)

/DISCARD/
 *(.note.GNU-stack)
                [!provide]                PROVIDE (IE1, 0x0)
                [!provide]                PROVIDE (IFG1, 0x2)
                [!provide]                PROVIDE (IE2, 0x1)
                0x00000003                PROVIDE (IFG2, 0x3)
                [!provide]                PROVIDE (ADC10DTC0, 0x48)
                [!provide]                PROVIDE (ADC10DTC1, 0x49)
                0x0000004a                PROVIDE (ADC10AE0, 0x4a)
                0x000001b0                PROVIDE (ADC10CTL0, 0x1b0)
                0x000001b2                PROVIDE (ADC10CTL1, 0x1b2)
                0x000001b4                PROVIDE (ADC10MEM, 0x1b4)
                [!provide]                PROVIDE (ADC10SA, 0x1bc)
                0x00000056                PROVIDE (DCOCTL, 0x56)
                0x00000057                PROVIDE (BCSCTL1, 0x57)
                [!provide]                PROVIDE (BCSCTL2, 0x58)
                [!provide]                PROVIDE (BCSCTL3, 0x53)
                [!provide]                PROVIDE (CACTL1, 0x59)
                [!provide]                PROVIDE (CACTL2, 0x5a)
                [!provide]                PROVIDE (CAPD, 0x5b)
                [!provide]                PROVIDE (FCTL1, 0x128)
                [!provide]                PROVIDE (FCTL2, 0x12a)
                [!provide]                PROVIDE (FCTL3, 0x12c)
                0x00000020                PROVIDE (P1IN, 0x20)
                0x00000021                PROVIDE (P1OUT, 0x21)
                0x00000022                PROVIDE (P1DIR, 0x22)
                [!provide]                PROVIDE (P1IFG, 0x23)
                [!provide]                PROVIDE (P1IES, 0x24)
                [!provide]                PROVIDE (P1IE, 0x25)
                0x00000026                PROVIDE (P1SEL, 0x26)
                0x00000041                PROVIDE (P1SEL2, 0x41)
                0x00000027                PROVIDE (P1REN, 0x27)
                [!provide]                PROVIDE (P2IN, 0x28)
                0x00000029                PROVIDE (P2OUT, 0x29)
                0x0000002a                PROVIDE (P2DIR, 0x2a)
                [!provide]                PROVIDE (P2IFG, 0x2b)
                [!provide]                PROVIDE (P2IES, 0x2c)
                [!provide]                PROVIDE (P2IE, 0x2d)
                [!provide]                PROVIDE (P2SEL, 0x2e)
                [!provide]                PROVIDE (P2SEL2, 0x42)
                [!provide]                PROVIDE (P2REN, 0x2f)
                [!provide]                PROVIDE (P3IN, 0x18)
                [!provide]                PROVIDE (P3OUT, 0x19)
                [!provide]                PROVIDE (P3DIR, 0x1a)
                [!provide]                PROVIDE (P3SEL, 0x1b)
                [!provide]                PROVIDE (P3SEL2, 0x43)
                [!provide]                PROVIDE (P3REN, 0x10)
                [!provide]                PROVIDE (TA0IV, 0x12e)
                [!provide]                PROVIDE (TA0CTL, 0x160)
                [!provide]                PROVIDE (TA0CCTL0, 0x162)
                [!provide]                PROVIDE (TA0CCTL1, 0x164)
                [!provide]                PROVIDE (TA0CCTL2, 0x166)
                [!provide]                PROVIDE (TA0R, 0x170)
                [!provide]                PROVIDE (TA0CCR0, 0x172)
                [!provide]                PROVIDE (TA0CCR1, 0x174)
                [!provide]                PROVIDE (TA0CCR2, 0x176)
                [!provide]                PROVIDE (TA1IV, 0x11e)
                [!provide]                PROVIDE (TA1CTL, 0x180)
                [!provide]                PROVIDE (TA1CCTL0, 0x182)
                [!provide]                PROVIDE (TA1CCTL1, 0x184)
                [!provide]                PROVIDE (TA1CCTL2, 0x186)
                [!provide]                PROVIDE (TA1R, 0x190)
                [!provide]                PROVIDE (TA1CCR0, 0x192)
                [!provide]                PROVIDE (TA1CCR1, 0x194)
                [!provide]                PROVIDE (TA1CCR2, 0x196)
                [!provide]                PROVIDE (UCA0CTL0, 0x60)
                0x00000061                PROVIDE (UCA0CTL1, 0x61)
                0x00000062                PROVIDE (UCA0BR0, 0x62)
                0x00000063                PROVIDE (UCA0BR1, 0x63)
                0x00000064                PROVIDE (UCA0MCTL, 0x64)
                [!provide]                PROVIDE (UCA0STAT, 0x65)
                0x00000066                PROVIDE (UCA0RXBUF, 0x66)
                0x00000067                PROVIDE (UCA0TXBUF, 0x67)
                [!provide]                PROVIDE (UCA0ABCTL, 0x5d)
                [!provide]                PROVIDE (UCA0IRTCTL, 0x5e)
                [!provide]                PROVIDE (UCA0IRRCTL, 0x5f)
                0x00000068                PROVIDE (UCB0CTL0, 0x68)
                0x00000069                PROVIDE (UCB0CTL1, 0x69)
                0x0000006a                PROVIDE (UCB0BR0, 0x6a)
                0x0000006b                PROVIDE (UCB0BR1, 0x6b)
                [!provide]                PROVIDE (UCB0I2CIE, 0x6c)
                0x0000006d                PROVIDE (UCB0STAT, 0x6d)
                0x0000006e                PROVIDE (UCB0RXBUF, 0x6e)
                0x0000006f                PROVIDE (UCB0TXBUF, 0x6f)
                [!provide]                PROVIDE (UCB0I2COA, 0x118)
                [!provide]                PROVIDE (UCB0I2CSA, 0x11a)
                0x00000120                PROVIDE (WDTCTL, 0x120)
                [!provide]                PROVIDE (CALDCO_16MHZ, 0x10f8)
                [!provide]                PROVIDE (CALBC1_16MHZ, 0x10f9)
                [!provide]                PROVIDE (CALDCO_12MHZ, 0x10fa)
                [!provide]                PROVIDE (CALBC1_12MHZ, 0x10fb)
                [!provide]                PROVIDE (CALDCO_8MHZ, 0x10fc)
                [!provide]                PROVIDE (CALBC1_8MHZ, 0x10fd)
                0x000010fe                PROVIDE (CALDCO_1MHZ, 0x10fe)
                0x000010ff                PROVIDE (CALBC1_1MHZ, 0x10ff)
                [!provide]                PROVIDE (TLV_CHECKSUM, 0x10c0)
                [!provide]                PROVIDE (TLV_DCO_30_TAG, 0x10f6)
                [!provide]                PROVIDE (TLV_DCO_30_LEN, 0x10f7)
                [!provide]                PROVIDE (TLV_ADC10_1_TAG, 0x10da)
                [!provide]                PROVIDE (TLV_ADC10_1_LEN, 0x10db)
OUTPUT(project1.out elf32-msp430)

.debug_ranges   0x00000000       0xc0
 .debug_ranges  0x00000000       0x30 ./i2c.o
 .debug_ranges  0x00000030       0x48 ./onewire.o
 .debug_ranges  0x00000078       0x48 ./scm.o
